I/dalvikvm-heap(  885): Grow heap (frag case) to 4.972MB for 635812-byte allocation

D/dalvikvm(  885): GC_FOR_ALLOC freed <1K, 3% free 5012K/5132K, paused 201ms, total 201ms

D/dalvikvm(  885): GC_CONCURRENT freed <1K, 3% free 5011K/5132K, paused 1058ms+5ms, total 1155ms

I/Choreographer(  885): Skipped 71 frames!  The application may be doing too much work on its main thread.

I/Choreographer(  377): Skipped 34 frames!  The application may be doing too much work on its main thread.

I/MediaFocusControl(  377):  AudioFocus  abandonAudioFocus() from android.media.AudioManager@b3d195a0com.android.music.MediaPlaybackService$3@b3d18420

I/Choreographer(  377): Skipped 293 frames!  The application may be doing too much work on its main thread.

I/Choreographer(  377): Skipped 70 frames!  The application may be doing too much work on its main thread.

W/PackageManager(  377): Couldn't delete native library directory /data/app-lib/com.ionicframework.fireimage484761

I/Choreographer(  548): Skipped 2090 frames!  The application may be doing too much work on its main thread.

I/Choreographer(  548): Skipped 42 frames!  The application may be doing too much work on its main thread.

D/keystore(   59): calling clear_uid in state: 3

I/ActivityManager(  377): Displayed com.android.packageinstaller/.UninstallAppProgress: +8s830ms

I/ActivityManager(  377): Force stopping com.ionicframework.fireimage484761 appid=10054 user=-1: uninstall pkg

I/Choreographer(  377): Skipped 715 frames!  The application may be doing too much work on its main thread.

I/ActivityManager(  377): Delay finish: com.android.providers.downloads/.DownloadReceiver

I/ActivityManager(  377): Force stopping com.ionicframework.fireimage484761 appid=10054 user=0: pkg removed

I/Choreographer(  548): Skipped 44 frames!  The application may be doing too much work on its main thread.

D/dalvikvm(  885): GC_EXPLICIT freed 18K, 2% free 5064K/5164K, paused 9ms+8ms, total 83ms

I/ActivityManager(  377): Resuming delayed broadcast

I/InputReader(  377): Reconfiguring input devices.  changes=0x00000010

I/PackageManager(  377):   Action: "android.intent.action.SENDTO"

I/PackageManager(  377):   Category: "android.intent.category.DEFAULT"

I/PackageManager(  377):   Scheme: "sms"

I/PackageManager(  377): Adding preferred activity ComponentInfo{com.android.mms/com.android.mms.ui.ComposeMessageActivity} for user 0 :

I/Choreographer(  885): Skipped 291 frames!  The application may be doing too much work on its main thread.

I/PackageManager(  377):   Action: "android.intent.action.SENDTO"

I/PackageManager(  377):   Category: "android.intent.category.DEFAULT"

I/PackageManager(  377):   Scheme: "smsto"

I/PackageManager(  377): Adding preferred activity ComponentInfo{com.android.mms/com.android.mms.ui.ComposeMessageActivity} for user 0 :

D/dalvikvm(  548): GC_EXPLICIT freed 149K, 5% free 12626K/13160K, paused 31ms+1722ms, total 2485ms

I/Launcher(  548): Deferring update until onResume

D/dalvikvm(  377): GC_CONCURRENT freed 716K, 13% free 5669K/6512K, paused 539ms+12ms, total 691ms

D/BackupManagerService(  377): Received broadcast Intent { act=android.intent.action.PACKAGE_REMOVED dat=package:com.ionicframework.fireimage484761 flg=0x4000010 (has extras) }

V/BackupManagerService(  377): removePackageParticipantsLocked: uid=10054 #1

I/PackageManager(  377):   Action: "android.intent.action.SENDTO"

I/PackageManager(  377):   Category: "android.intent.category.DEFAULT"

I/PackageManager(  377):   Scheme: "mms"

I/PackageManager(  377): Adding preferred activity ComponentInfo{com.android.mms/com.android.mms.ui.ComposeMessageActivity} for user 0 :

I/LatinIME:LogUtils(  493): Dictionary info: dictionary = main:en ; version = 42 ; date = 1381226429

I/PackageManager(  377):   Action: "android.intent.action.SENDTO"

I/PackageManager(  377):   Category: "android.intent.category.DEFAULT"

I/PackageManager(  377):   Scheme: "mmsto"

I/PackageManager(  377): Adding preferred activity ComponentInfo{com.android.mms/com.android.mms.ui.ComposeMessageActivity} for user 0 :

I/PackageManager(  377): Adding preferred activity ComponentInfo{com.android.mms/com.android.mms.ui.ComposeMessageActivity} for user 0 :

I/PackageManager(  377):   Action: "android.intent.action.SENDTO"

I/PackageManager(  377):   Category: "android.intent.category.DEFAULT"

I/PackageManager(  377):   Scheme: "sms"

I/Choreographer(  885): Skipped 284 frames!  The application may be doing too much work on its main thread.

D/dalvikvm(  537): GC_CONCURRENT freed 342K, 14% free 3401K/3932K, paused 7ms+6ms, total 1293ms

D/dalvikvm(  377): JIT unchain all for threadid=47

I/Choreographer(  885): Skipped 37 frames!  The application may be doing too much work on its main thread.

I/PackageManager(  377):   Action: "android.intent.action.SENDTO"

I/PackageManager(  377):   Category: "android.intent.category.DEFAULT"

I/PackageManager(  377):   Scheme: "smsto"

I/PackageManager(  377): Adding preferred activity ComponentInfo{com.android.mms/com.android.mms.ui.ComposeMessageActivity} for user 0 :

I/Choreographer(  885): Skipped 298 frames!  The application may be doing too much work on its main thread.

E/NetdConnector(  377): NDC Command {63 bandwidth gettetherstats} took too long (1255ms)

I/ActivityManager(  377): Delay finish: com.android.providers.media/.MediaScannerReceiver

I/Choreographer(  885): Skipped 62 frames!  The application may be doing too much work on its main thread.

D/MobileDataStateTracker(  377): default: setPolicyDataEnable(enabled=true)

I/Launcher(  548): Deferring update until onResume

I/PackageManager(  377):   Action: "android.intent.action.SENDTO"

I/PackageManager(  377):   Category: "android.intent.category.DEFAULT"

I/PackageManager(  377):   Scheme: "mms"

I/PackageManager(  377): Adding preferred activity ComponentInfo{com.android.mms/com.android.mms.ui.ComposeMessageActivity} for user 0 :

I/PackageManager(  377):   Action: "android.intent.action.SENDTO"

I/PackageManager(  377):   Category: "android.intent.category.DEFAULT"

I/PackageManager(  377):   Scheme: "mmsto"

I/PackageManager(  377): Adding preferred activity ComponentInfo{com.android.mms/com.android.mms.ui.ComposeMessageActivity} for user 0 :

D/dalvikvm(  377): GC_EXPLICIT freed 746K, 14% free 5651K/6512K, paused 1096ms+93ms, total 6841ms

D/dalvikvm(  377): WAIT_FOR_CONCURRENT_GC blocked 2585ms

D/dalvikvm(  377): WAIT_FOR_CONCURRENT_GC blocked 466ms

D/dalvikvm(  377): WAIT_FOR_CONCURRENT_GC blocked 1203ms

D/dalvikvm(  377): GC_FOR_ALLOC freed 129K, 13% free 5681K/6512K, paused 250ms, total 250ms

I/dalvikvm-heap(  377): Grow heap (frag case) to 5.695MB for 69086-byte allocation

I/Choreographer(  885): Skipped 39 frames!  The application may be doing too much work on its main thread.

D/dalvikvm(  377): GC_FOR_ALLOC freed 51K, 14% free 5696K/6580K, paused 1358ms, total 1358ms

D/gralloc (   54): Registering a buffer in the process that created it. This may cause memory ordering problems.

E/libEGL  (   54): called unimplemented OpenGL ES API

E/libEGL  (   54): called unimplemented OpenGL ES API

E/libEGL  (   54): called unimplemented OpenGL ES API

E/libEGL  (   54): called unimplemented OpenGL ES API

E/SurfaceFlinger(   54): glCheckFramebufferStatusOES error -833798718

E/SurfaceFlinger(   54): got GL_FRAMEBUFFER_COMPLETE_OES error while taking screenshot

E/libEGL  (   54): called unimplemented OpenGL ES API

E/libEGL  (   54): called unimplemented OpenGL ES API

W/WindowManager(  377): Screenshot failure taking screenshot for (246x410) to layer 21010

I/Choreographer(  885): Skipped 119 frames!  The application may be doing too much work on its main thread.

I/Choreographer(  885): Skipped 230 frames!  The application may be doing too much work on its main thread.

I/Choreographer(  885): Skipped 280 frames!  The application may be doing too much work on its main thread.

I/Choreographer(  377): Skipped 53 frames!  The application may be doing too much work on its main thread.

I/Choreographer(  885): Skipped 94 frames!  The application may be doing too much work on its main thread.

I/Choreographer(  885): Skipped 36 frames!  The application may be doing too much work on its main thread.

I/ActivityManager(  377): Waited long enough for: ServiceRecord{b4041640 u0 com.android.providers.media/.MediaScannerService}

I/ActivityManager(  377): Resuming delayed broadcast

I/Choreographer(  885): Skipped 30 frames!  The application may be doing too much work on its main thread.

I/Choreographer(  377): Skipped 42 frames!  The application may be doing too much work on its main thread.

I/Choreographer(  885): Skipped 37 frames!  The application may be doing too much work on its main thread.

I/Choreographer(  548): Skipped 1139 frames!  The application may be doing too much work on its main thread.

I/Choreographer(  885): Skipped 30 frames!  The application may be doing too much work on its main thread.

I/Choreographer(  377): Skipped 34 frames!  The application may be doing too much work on its main thread.

I/ActivityManager(  377): Start proc com.android.mms for broadcast com.android.mms/.transaction.MmsSystemEventReceiver: pid=912 uid=10009 gids={50009, 3003, 1028, 1015}

D/CountryDetector(  377): The first listener is added

V/MmsConfig(  912): mnc/mcc: 310260

V/MmsConfig(  912): tag: bool value: enabledMMS - true

V/MmsConfig(  912): tag: int value: maxMessageSize - 307200

V/MmsConfig(  912): tag: int value: maxImageHeight - 480

V/MmsConfig(  912): tag: int value: maxImageWidth - 640

V/MmsConfig(  912): tag: int value: defaultSMSMessagesPerThread - 10000

V/MmsConfig(  912): tag: int value: defaultMMSMessagesPerThread - 1000

V/MmsConfig(  912): tag: int value: minMessageCountPerThread - 10

V/MmsConfig(  912): tag: int value: maxMessageCountPerThread - 5000

V/MmsConfig(  912): tag: string value: uaProfUrl - http://www.google.com/oha/rdf/ua-profile-kila.xml

V/MmsConfig(  912): tag: int value: recipientLimit - -1

V/MmsConfig(  912): tag: bool value: enableMultipartSMS - true

V/MmsConfig(  912): tag: int value: smsToMmsTextThreshold - -1

V/MmsConfig(  912): tag: bool value: enableSlideDuration - true

V/MmsConfig(  912): tag: int value: maxMessageTextSize - -1

I/Choreographer(  548): Skipped 706 frames!  The application may be doing too much work on its main thread.

D/dalvikvm(  548): GC_FOR_ALLOC freed 2902K, 21% free 11417K/14404K, paused 87ms, total 100ms

I/Choreographer(  548): Skipped 97 frames!  The application may be doing too much work on its main thread.

I/ActivityManager(  377): Delay finish: com.android.mms/.transaction.MmsSystemEventReceiver

I/Choreographer(  885): Skipped 36 frames!  The application may be doing too much work on its main thread.

W/MediaProvider(  703): no database for scanned volume external

D/Mms:app (  912): cancelNotification

I/ActivityManager(  377): Resuming delayed broadcast

I/ActivityManager(  377): Delay finish: com.android.mms/.transaction.SmsReceiver

D/MmsSmsDatabaseHelper(  537): [MmsSmsDb] tableName: threads hasAutoIncrement: CREATE TABLE threads (_id INTEGER PRIMARY KEY AUTOINCREMENT,date INTEGER DEFAULT 0,message_count INTEGER DEFAULT 0,recipient_ids TEXT,snippet TEXT,snippet_cs INTEGER DEFAULT 0,read INTEGER DEFAULT 1,type INTEGER DEFAULT 0,error INTEGER DEFAULT 0,has_attachment INTEGER DEFAULT 0) result: true

D/MmsSmsDatabaseHelper(  537): [MmsSmsDb] tableName: canonical_addresses hasAutoIncrement: CREATE TABLE canonical_addresses (_id INTEGER PRIMARY KEY AUTOINCREMENT,address TEXT) result: true

D/MmsSmsDatabaseHelper(  537): [MmsSmsDb] tableName: part hasAutoIncrement: CREATE TABLE part (_id INTEGER PRIMARY KEY AUTOINCREMENT,mid INTEGER,seq INTEGER DEFAULT 0,ct TEXT,name TEXT,chset INTEGER,cd TEXT,fn TEXT,cid TEXT,cl TEXT,ctt_s INTEGER,ctt_t TEXT,_data TEXT,text TEXT) result: true

D/MmsSmsDatabaseHelper(  537): [MmsSmsDb] tableName: pdu hasAutoIncrement: CREATE TABLE pdu (_id INTEGER PRIMARY KEY AUTOINCREMENT,thread_id INTEGER,date INTEGER,date_sent INTEGER DEFAULT 0,msg_box INTEGER,read INTEGER DEFAULT 0,m_id TEXT,sub TEXT,sub_cs INTEGER,ct_t TEXT,ct_l TEXT,exp INTEGER,m_cls TEXT,m_type INTEGER,v INTEGER,m_size INTEGER,pri INTEGER,rr INTEGER,rpt_a INTEGER,resp_st INTEGER,st INTEGER,tr_id TEXT,retr_st INTEGER,retr_txt TEXT,retr_txt_cs INTEGER,read_status INTEGER,ct_cls INTEGER,resp_txt TEXT,d_tm INTEGER,d_rpt INTEGER,locked INTEGER DEFAULT 0,seen INTEGER DEFAULT 0,text_only INTEGER DEFAULT 0) result: true

D/MmsSmsDatabaseHelper(  537): [getWritableDatabase] hasAutoIncrementThreads: true hasAutoIncrementAddresses: true hasAutoIncrementPart: true hasAutoIncrementPdu: true

D/dalvikvm(  703): GC_CONCURRENT freed 220K, 10% free 2974K/3276K, paused 23ms+41ms, total 119ms

W/MediaScanner(  703): Error opening directory '/storage/sdcard/', skipping: Permission denied.

V/MediaScanner(  703): pruneDeadThumbnailFiles... android.database.sqlite.SQLiteCursor@b3d34788

V/MediaScanner(  703): /pruneDeadThumbnailFiles... android.database.sqlite.SQLiteCursor@b3d34788

D/Mms:app (  912): cancelNotification

I/ActivityManager(  377): Resuming delayed broadcast

I/ActivityManager(  377): Start proc com.android.calendar for broadcast com.android.calendar/.alerts.AlertReceiver: pid=940 uid=10016 gids={50016, 3003}

D/ExtensionsFactory(  940): No custom extensions.

D/AlertReceiver(  940): onReceive: a=android.intent.action.BOOT_COMPLETED Intent { act=android.intent.action.BOOT_COMPLETED flg=0x8000010 cmp=com.android.calendar/.alerts.AlertReceiver (has extras) }

D/dalvikvm(  912): GC_CONCURRENT freed 255K, 11% free 2941K/3280K, paused 5ms+55ms, total 111ms

I/ActivityManager(  377): Delay finish: com.android.calendar/.alerts.AlertReceiver

D/AlertService(  940): 0 Action = android.intent.action.BOOT_COMPLETED

D/AlertService(  940): Scheduling next alarm with AlarmScheduler. sEventReminderReceived: null

D/AlarmScheduler(  940): No events found starting within 1 week.

D/MobileDataStateTracker(  377): default: setPolicyDataEnable(enabled=true)

D/AndroidRuntime(  965): 

D/AndroidRuntime(  965): >>>>>> AndroidRuntime START com.android.internal.os.RuntimeInit <<<<<<

D/AndroidRuntime(  965): CheckJNI is ON

D/dalvikvm(  965): Trying to load lib libjavacore.so 0x0

D/dalvikvm(  965): Added shared lib libjavacore.so 0x0

D/dalvikvm(  965): Trying to load lib libnativehelper.so 0x0

D/dalvikvm(  965): Added shared lib libnativehelper.so 0x0

D/dalvikvm(  965): No JNI_OnLoad found in libnativehelper.so 0x0, skipping init

D/dalvikvm(  965): Note: class Landroid/app/ActivityManagerNative; has 179 unimplemented (abstract) methods

E/memtrack(  965): Couldn't load memtrack module (No such file or directory)

E/android.os.Debug(  965): failed to load memtrack module: -2

D/AndroidRuntime(  965): Calling main entry com.android.commands.pm.Pm

I/ActivityManager(  377): Start proc com.android.defcontainer for service com.android.defcontainer/.DefaultContainerService: pid=976 uid=10003 gids={50003, 1028, 1015, 1023, 2001, 1035}

W/ActivityManager(  377): No content provider found for permission revoke: file:///data/local/tmp/mainactivity-debug.apk

W/ActivityManager(  377): No content provider found for permission revoke: file:///data/local/tmp/mainactivity-debug.apk

I/PackageManager(  377): Copying native libraries to /data/app-lib/vmdl1560640827

D/dalvikvm(  377): GC_CONCURRENT freed 571K, 12% free 5781K/6556K, paused 17ms+33ms, total 208ms

I/dalvikvm(  377): Jit: resizing JitTable from 4096 to 8192

D/dalvikvm(  377): GC_CONCURRENT freed 572K, 11% free 5867K/6556K, paused 11ms+14ms, total 146ms

I/ActivityManager(  377): Waited long enough for: ServiceRecord{b402a468 u0 com.android.calendar/.alerts.InitAlarmsService}

I/ActivityManager(  377): Resuming delayed broadcast

I/ActivityManager(  377): Start proc com.android.deskclock for broadcast com.android.deskclock/.AlarmInitReceiver: pid=990 uid=10020 gids={50020, 1028}

D/dalvikvm(  377): GC_FOR_ALLOC freed 642K, 13% free 5857K/6724K, paused 105ms, total 105ms

I/PackageManager(  377): Running dexopt on: com.ionicframework.fireimage484761

D/dalvikvm( 1003): DexOpt: load 238ms, verify+opt 880ms, 788012 bytes

D/dalvikvm(  377): GC_CONCURRENT freed 618K, 13% free 5913K/6724K, paused 11ms+16ms, total 138ms

I/ActivityManager(  377): Force stopping com.ionicframework.fireimage484761 appid=10055 user=-1: update pkg

I/PackageManager(  377):   Action: "android.intent.action.SENDTO"

I/PackageManager(  377):   Category: "android.intent.category.DEFAULT"

I/PackageManager(  377):   Scheme: "sms"

I/PackageManager(  377): Adding preferred activity ComponentInfo{com.android.mms/com.android.mms.ui.ComposeMessageActivity} for user 0 :

D/BackupManagerService(  377): Received broadcast Intent { act=android.intent.action.PACKAGE_ADDED dat=package:com.ionicframework.fireimage484761 flg=0x4000010 (has extras) }

V/BackupManagerService(  377): addPackageParticipantsLocked: #1

I/PackageManager(  377):   Action: "android.intent.action.SENDTO"

I/PackageManager(  377): Adding preferred activity ComponentInfo{com.android.mms/com.android.mms.ui.ComposeMessageActivity} for user 0 :

I/PackageManager(  377):   Category: "android.intent.category.DEFAULT"

I/PackageManager(  377):   Scheme: "smsto"

D/dalvikvm(  537): GC_CONCURRENT freed 434K, 14% free 3443K/3960K, paused 15ms+46ms, total 169ms

I/PackageManager(  377):   Action: "android.intent.action.SENDTO"

I/PackageManager(  377):   Category: "android.intent.category.DEFAULT"

I/PackageManager(  377):   Scheme: "mms"

I/PackageManager(  377): Adding preferred activity ComponentInfo{com.android.mms/com.android.mms.ui.ComposeMessageActivity} for user 0 :

I/PackageManager(  377): Adding preferred activity ComponentInfo{com.android.mms/com.android.mms.ui.ComposeMessageActivity} for user 0 :

I/PackageManager(  377):   Action: "android.intent.action.SENDTO"

I/PackageManager(  377):   Category: "android.intent.category.DEFAULT"

I/PackageManager(  377):   Scheme: "mmsto"

I/PackageManager(  377):   Action: "android.intent.action.SENDTO"

I/PackageManager(  377):   Category: "android.intent.category.DEFAULT"

I/PackageManager(  377): Adding preferred activity ComponentInfo{com.android.mms/com.android.mms.ui.ComposeMessageActivity} for user 0 :

I/PackageManager(  377):   Scheme: "sms"

I/PackageManager(  377):   Action: "android.intent.action.SENDTO"

I/PackageManager(  377): Adding preferred activity ComponentInfo{com.android.mms/com.android.mms.ui.ComposeMessageActivity} for user 0 :

I/PackageManager(  377):   Category: "android.intent.category.DEFAULT"

I/PackageManager(  377):   Scheme: "smsto"

I/InputReader(  377): Reconfiguring input devices.  changes=0x00000010

D/dalvikvm(  377): GC_CONCURRENT freed 944K, 16% free 5750K/6784K, paused 90ms+13ms, total 288ms

D/dalvikvm(  377): WAIT_FOR_CONCURRENT_GC blocked 76ms

I/PackageManager(  377):   Action: "android.intent.action.SENDTO"

I/PackageManager(  377):   Category: "android.intent.category.DEFAULT"

I/PackageManager(  377):   Scheme: "mms"

I/PackageManager(  377): Adding preferred activity ComponentInfo{com.android.mms/com.android.mms.ui.ComposeMessageActivity} for user 0 :

I/PackageManager(  377):   Action: "android.intent.action.SENDTO"

I/PackageManager(  377):   Category: "android.intent.category.DEFAULT"

I/PackageManager(  377):   Scheme: "mmsto"

I/PackageManager(  377): Adding preferred activity ComponentInfo{com.android.mms/com.android.mms.ui.ComposeMessageActivity} for user 0 :

D/dalvikvm(  537): GC_CONCURRENT freed 497K, 16% free 3406K/4008K, paused 7ms+6ms, total 175ms

I/Choreographer(  548): Skipped 419 frames!  The application may be doing too much work on its main thread.

D/dalvikvm(  548): GC_FOR_ALLOC freed 3204K, 32% free 9931K/14404K, paused 85ms, total 91ms

I/Choreographer(  548): Skipped 277 frames!  The application may be doing too much work on its main thread.

D/dalvikvm(  548): GC_FOR_ALLOC freed 1697K, 33% free 9688K/14404K, paused 103ms, total 115ms

I/Choreographer(  548): Skipped 71 frames!  The application may be doing too much work on its main thread.

V/AlarmClock(  990): AlarmInitReceiver android.intent.action.BOOT_COMPLETED

D/dalvikvm(  548): GC_CONCURRENT freed 217K, 20% free 11530K/14404K, paused 7ms+19ms, total 136ms

V/AlarmClock(  990): AlarmInitReceiver - Reset timers and clear stopwatch data

I/AlarmClock(  990): Displaying next alarm time: ''

V/AlarmClock(  990): AlarmInitReceiver finished

I/ActivityManager(  377): Start proc com.android.email for broadcast com.android.email/.service.EmailBroadcastReceiver: pid=1008 uid=10024 gids={50024, 3003, 1028, 1015}

D/dalvikvm(  377): GC_EXPLICIT freed 491K, 15% free 5792K/6784K, paused 37ms+46ms, total 4027ms

D/dalvikvm(  377): WAIT_FOR_CONCURRENT_GC blocked 3644ms

I/dalvikvm-heap(  377): Grow heap (frag case) to 5.805MB for 69022-byte allocation

D/AndroidRuntime(  965): Shutting down VM

D/dalvikvm(  377): GC_FOR_ALLOC freed 110K, 17% free 5749K/6852K, paused 129ms, total 130ms

D/dalvikvm(  965): GC_CONCURRENT freed 95K, 16% free 560K/660K, paused 2ms+3ms, total 41ms

D/dalvikvm(  377): GC_FOR_ALLOC freed 27K, 17% free 5746K/6852K, paused 122ms, total 123ms

I/dalvikvm-heap(  377): Grow heap (frag case) to 5.792MB for 103528-byte allocation

D/dalvikvm(  377): GC_FOR_ALLOC freed 68K, 17% free 5779K/6956K, paused 186ms, total 187ms

W/RecognitionManagerService(  377): no available voice recognition services found for user 0

D/ActivityThread( 1008): Loading provider com.android.email.provider;com.android.email.notifier: com.android.email.provider.EmailProvider

I/ActivityManager(  377): Delay finish: com.android.email/.service.EmailBroadcastReceiver

D/dalvikvm( 1008): GC_CONCURRENT freed 271K, 11% free 2944K/3296K, paused 17ms+5ms, total 93ms

W/ActivityManager(  377): Unable to start service Intent { cmp=com.android.email/.service.AttachmentDownloadService } U=0: not found

I/Email   ( 1008): Observing account changes for notifications

I/ActivityManager(  377): Delaying start of: ServiceRecord{b3ff0b68 u0 com.android.exchange/.service.EmailSyncAdapterService}

I/ActivityManager(  377): Start proc com.android.exchange for service com.android.exchange/.service.EmailSyncAdapterService: pid=1030 uid=10025 gids={50025, 3003, 1028, 1015}

W/ActivityManager(  377): Unable to start service Intent { cmp=com.android.email/.service.AttachmentDownloadService } U=0: not found

D/ConnectivityService(  377): Done.

D/ConnectivityService(  377): Setting timer for 720seconds

D/MobileDataStateTracker(  377): default: setPolicyDataEnable(enabled=true)

I/ActivityManager(  377): Resuming delayed broadcast

I/LauncherIconVisibilityManager(  493): Boot has been completed

I/LauncherIconVisibilityManager(  493): Activity has already been disabled: ComponentInfo{com.android.inputmethod.latin/com.android.inputmethod.latin.setup.SetupActivity}

I/ActivityManager(  377): START u0 {act=android.intent.action.MAIN cat=[android.intent.category.LAUNCHER] flg=0x10200000 cmp=com.ionicframework.fireimage484761/.MainActivity} from pid 548

E/BluetoothAdapter(  505): Bluetooth binder is null

W/WindowManager(  377): Screenshot failure taking screenshot for (246x410) to layer 21005

D/ConnectivityService(  377): Sampling interval elapsed, updating statistics ..

E/SoundPool(  377): error loading /system/media/audio/ui/Effect_Tick.ogg

W/AudioService(  377): Soundpool could not load file: /system/media/audio/ui/Effect_Tick.ogg

E/SoundPool(  377): error loading /system/media/audio/ui/Effect_Tick.ogg

W/AudioService(  377): Soundpool could not load file: /system/media/audio/ui/Effect_Tick.ogg

E/SoundPool(  377): error loading /system/media/audio/ui/Effect_Tick.ogg

W/AudioService(  377): Soundpool could not load file: /system/media/audio/ui/Effect_Tick.ogg

E/SoundPool(  377): error loading /system/media/audio/ui/Effect_Tick.ogg

W/AudioService(  377): Soundpool could not load file: /system/media/audio/ui/Effect_Tick.ogg

E/SoundPool(  377): error loading /system/media/audio/ui/Effect_Tick.ogg

W/AudioService(  377): Soundpool could not load file: /system/media/audio/ui/Effect_Tick.ogg

E/SoundPool(  377): error loading /system/media/audio/ui/KeypressStandard.ogg

W/AudioService(  377): Soundpool could not load file: /system/media/audio/ui/KeypressStandard.ogg

E/SoundPool(  377): error loading /system/media/audio/ui/KeypressSpacebar.ogg

W/AudioService(  377): Soundpool could not load file: /system/media/audio/ui/KeypressSpacebar.ogg

E/SoundPool(  377): error loading /system/media/audio/ui/KeypressDelete.ogg

W/AudioService(  377): Soundpool could not load file: /system/media/audio/ui/KeypressDelete.ogg

E/SoundPool(  377): error loading /system/media/audio/ui/KeypressReturn.ogg

W/AudioService(  377): Soundpool could not load file: /system/media/audio/ui/KeypressReturn.ogg

E/SoundPool(  377): error loading /system/media/audio/ui/KeypressInvalid.ogg

W/AudioService(  377): Soundpool could not load file: /system/media/audio/ui/KeypressInvalid.ogg

W/AudioService(  377): onLoadSoundEffects(), Error -1 while loading samples

D/gralloc (   54): Registering a buffer in the process that created it. This may cause memory ordering problems.

E/libEGL  (   54): called unimplemented OpenGL ES API

E/libEGL  (   54): called unimplemented OpenGL ES API

E/libEGL  (   54): called unimplemented OpenGL ES API

E/libEGL  (   54): called unimplemented OpenGL ES API

E/SurfaceFlinger(   54): glCheckFramebufferStatusOES error -833798718

E/SurfaceFlinger(   54): got GL_FRAMEBUFFER_COMPLETE_OES error while taking screenshot

E/libEGL  (   54): called unimplemented OpenGL ES API

E/libEGL  (   54): called unimplemented OpenGL ES API

I/Choreographer(  548): Skipped 134 frames!  The application may be doing too much work on its main thread.

D/        (  377): Setting time of day to sec=1428864859

I/ActivityManager(  377): Start proc com.ionicframework.fireimage484761 for activity com.ionicframework.fireimage484761/.MainActivity: pid=1055 uid=10055 gids={50055, 3003, 1028, 1015}

D/dalvikvm(   55): GC_EXPLICIT freed 41K, 5% free 2771K/2896K, paused 17ms+16ms, total 139ms

D/dalvikvm( 1055): Not late-enabling CheckJNI (already on)

I/ActivityManager(  377): START u0 {act=android.intent.action.MAIN cat=[android.intent.category.LAUNCHER] flg=0x10200000 cmp=com.ionicframework.fireimage484761/.MainActivity} from pid 548

E/SoundPool(  377): error loading /system/media/audio/ui/Effect_Tick.ogg

W/AudioService(  377): Soundpool could not load file: /system/media/audio/ui/Effect_Tick.ogg

E/SoundPool(  377): error loading /system/media/audio/ui/Effect_Tick.ogg

W/AudioService(  377): Soundpool could not load file: /system/media/audio/ui/Effect_Tick.ogg

E/SoundPool(  377): error loading /system/media/audio/ui/Effect_Tick.ogg

W/AudioService(  377): Soundpool could not load file: /system/media/audio/ui/Effect_Tick.ogg

E/SoundPool(  377): error loading /system/media/audio/ui/Effect_Tick.ogg

W/AudioService(  377): Soundpool could not load file: /system/media/audio/ui/Effect_Tick.ogg

E/SoundPool(  377): error loading /system/media/audio/ui/Effect_Tick.ogg

W/AudioService(  377): Soundpool could not load file: /system/media/audio/ui/Effect_Tick.ogg

E/SoundPool(  377): error loading /system/media/audio/ui/KeypressStandard.ogg

D/dalvikvm(   55): GC_EXPLICIT freed <1K, 5% free 2771K/2896K, paused 6ms+16ms, total 109ms

W/AudioService(  377): Soundpool could not load file: /system/media/audio/ui/KeypressStandard.ogg

E/SoundPool(  377): error loading /system/media/audio/ui/KeypressSpacebar.ogg

W/AudioService(  377): Soundpool could not load file: /system/media/audio/ui/KeypressSpacebar.ogg

E/SoundPool(  377): error loading /system/media/audio/ui/KeypressDelete.ogg

W/AudioService(  377): Soundpool could not load file: /system/media/audio/ui/KeypressDelete.ogg

E/SoundPool(  377): error loading /system/media/audio/ui/KeypressReturn.ogg

W/AudioService(  377): Soundpool could not load file: /system/media/audio/ui/KeypressReturn.ogg

E/SoundPool(  377): error loading /system/media/audio/ui/KeypressInvalid.ogg

W/AudioService(  377): Soundpool could not load file: /system/media/audio/ui/KeypressInvalid.ogg

W/AudioService(  377): onLoadSoundEffects(), Error -1 while loading samples

D/dalvikvm(   55): GC_EXPLICIT freed <1K, 5% free 2771K/2896K, paused 5ms+5ms, total 109ms

I/ARMAssembler(   54): generated scanline__00000077:03010104_00008001_00000000 [ 89 ipp] (110 ins) at [0xb60a2680:0xb60a2838] in 10000000 ns

I/Choreographer(  377): Skipped 45 frames!  The application may be doing too much work on its main thread.

I/Choreographer(  377): Skipped 37 frames!  The application may be doing too much work on its main thread.

I/CordovaLog( 1055): Changing log level to DEBUG(3)

D/CordovaActivity( 1055): CordovaActivity.init()

I/dalvikvm( 1055): Could not find method android.webkit.CookieManager.setAcceptThirdPartyCookies, referenced from method org.apache.cordova.CordovaWebView.initWebViewSettings

W/dalvikvm( 1055): VFY: unable to resolve virtual method 231: Landroid/webkit/CookieManager;.setAcceptThirdPartyCookies (Landroid/webkit/WebView;Z)V

D/dalvikvm( 1055): VFY: replacing opcode 0x6e at 0x002a

D/InitAlarmsService(  940): Clearing and rescheduling alarms.

V/WebViewChromium( 1055): Binding Chromium to the background looper Looper (main, tid 1) {b3d12200}

I/chromium( 1055): [INFO:library_loader_hooks.cc(112)] Chromium logging enabled: level = 0, default verbosity = 0

I/BrowserProcessMain( 1055): Initializing chromium process, renderers=0

I/Choreographer(  548): Skipped 286 frames!  The application may be doing too much work on its main thread.

E/chromium( 1055): [ERROR:gl_surface_egl.cc(153)] No suitable EGL configs found.

E/chromium( 1055): [ERROR:gl_surface_egl.cc(620)] GLSurfaceEGL::InitializeOneOff failed.

E/chromium( 1055): [ERROR:gl_surface_egl.cc(153)] No suitable EGL configs found.

E/chromium( 1055): [ERROR:gl_surface_egl.cc(620)] GLSurfaceEGL::InitializeOneOff failed.

E/chromium( 1055): [ERROR:gpu_info_collector.cc(86)] gfx::GLSurface::InitializeOneOff() failed

W/chromium( 1055): [WARNING:proxy_service.cc(888)] PAC support disabled because there is no system implementation

D/dalvikvm( 1055): GC_FOR_ALLOC freed 113K, 7% free 2904K/3100K, paused 88ms, total 90ms

I/dalvikvm-heap( 1055): Grow heap (frag case) to 3.518MB for 635812-byte allocation

D/dalvikvm( 1055): GC_FOR_ALLOC freed <1K, 6% free 3525K/3724K, paused 76ms, total 76ms

D/dalvikvm( 1055): GC_CONCURRENT freed <1K, 6% free 3527K/3724K, paused 7ms+55ms, total 224ms

D/CordovaActivity( 1055): CordovaActivity.createViews()

W/dalvikvm( 1055): VFY: unable to find class referenced in signature (Landroid/webkit/ClientCertRequest;)

W/dalvikvm( 1055): VFY: unable to find class referenced in signature (Landroid/webkit/ClientCertRequest;)

I/dalvikvm( 1055): Could not find method android.webkit.WebViewClient.onReceivedClientCertRequest, referenced from method org.apache.cordova.CordovaWebViewClient.onReceivedClientCertRequest

W/dalvikvm( 1055): VFY: unable to resolve virtual method 289: Landroid/webkit/WebViewClient;.onReceivedClientCertRequest (Landroid/webkit/WebView;Landroid/webkit/ClientCertRequest;)V

D/dalvikvm( 1055): VFY: replacing opcode 0x6f at 0x001c

I/dalvikvm( 1055): Could not find method android.webkit.WebChromeClient$FileChooserParams.createIntent, referenced from method org.apache.cordova.CordovaChromeClient.onShowFileChooser

W/dalvikvm( 1055): VFY: unable to resolve virtual method 246: Landroid/webkit/WebChromeClient$FileChooserParams;.createIntent ()Landroid/content/Intent;

D/dalvikvm( 1055): VFY: replacing opcode 0x6e at 0x0000

D/PluginManager( 1055): init()

D/dalvikvm( 1055): GC_FOR_ALLOC freed 736K, 23% free 2886K/3724K, paused 66ms, total 66ms

I/dalvikvm-heap( 1055): Grow heap (frag case) to 4.360MB for 1536016-byte allocation

D/dalvikvm( 1055): GC_FOR_ALLOC freed <1K, 17% free 4386K/5228K, paused 69ms, total 70ms

D/dalvikvm( 1055): GC_CONCURRENT freed 1K, 16% free 4416K/5228K, paused 7ms+55ms, total 241ms

D/FileUtils( 1055): Unrecognized extra filesystem identifier: files-external

D/FileUtils( 1055): Unrecognized extra filesystem identifier: sdcard

D/FileUtils( 1055): Unrecognized extra filesystem identifier: cache-external

D/CordovaWebView( 1055): CordovaWebView is running on device made by: unknown

D/CordovaWebView( 1055): >>> loadUrl(file:///android_asset/www/index.html)

D/CordovaWebView( 1055): >>> loadUrlNow()

D/CordovaActivity( 1055): Resuming the App

I/Choreographer( 1055): Skipped 221 frames!  The application may be doing too much work on its main thread.

D/SoftKeyboardDetect( 1055): Ignore this event

I/Choreographer( 1055): Skipped 33 frames!  The application may be doing too much work on its main thread.

D/gralloc_goldfish( 1055): Emulator without GPU emulation detected.

D/SoftKeyboardDetect( 1055): Ignore this event

I/ActivityManager(  377): Displayed com.ionicframework.fireimage484761/.MainActivity: +5s576ms

I/Choreographer(  377): Skipped 42 frames!  The application may be doing too much work on its main thread.

I/ActivityManager(  377): Delay finish: com.android.settings/.widget.SettingsAppWidgetProvider

I/Choreographer(  377): Skipped 39 frames!  The application may be doing too much work on its main thread.

I/ActivityManager(  377): Resuming delayed broadcast

D/CordovaWebViewClient( 1055): onPageStarted(file:///android_asset/www/index.html)

D/CordovaActivity( 1055): onMessage(onPageStarted,file:///android_asset/www/index.html)

E/BluetoothAdapter(  505): Bluetooth binder is null

D/AlertReceiver(  940): onReceive: a=android.intent.action.PROVIDER_CHANGED Intent { act=android.intent.action.PROVIDER_CHANGED dat=content://com.android.calendar flg=0x10 cmp=com.android.calendar/.alerts.AlertReceiver }

I/ActivityManager(  377): Delay finish: com.android.calendar/.alerts.AlertReceiver

D/AlertService(  940): 0 Action = android.intent.action.PROVIDER_CHANGED

I/GlobalDismissManager(  940): no sender configured

D/AlertService(  940): Beginning updateAlertNotification

D/AlertService(  940): No fired or scheduled alerts

D/dalvikvm(  377): GC_CONCURRENT freed 640K, 18% free 5767K/6952K, paused 11ms+15ms, total 138ms

D/AlertService(  940): Scheduling next alarm with AlarmScheduler. sEventReminderReceived: null

D/JsMessageQueue( 1055): Set native->JS mode to OnlineEventsBridgeMode

D/CordovaLog( 1055): file:///android_asset/www/js/app.js: Line 14 : Uncaught ReferenceError: Firebase is not defined

I/chromium( 1055): [INFO:CONSOLE(14)] "Uncaught ReferenceError: Firebase is not defined", source: file:///android_asset/www/js/app.js (14)

D/AlarmScheduler(  940): No events found starting within 1 week.

I/ActivityManager(  377): Resuming delayed broadcast

I/ActivityManager(  377): Delay finish: com.android.providers.calendar/.CalendarProviderBroadcastReceiver

D/dalvikvm( 1055): GC_CONCURRENT freed 356K, 9% free 4526K/4964K, paused 13ms+6ms, total 342ms

I/ActivityManager(  377): Resuming delayed broadcast

I/ActivityManager(  377): Delay finish: com.android.providers.contacts/.PackageIntentReceiver

D/VoicemailCleanupService(  582): Cleaning up data for package: com.ionicframework.fireimage484761

D/CordovaWebViewClient( 1055): onPageFinished(file:///android_asset/www/index.html)

D/CordovaActivity( 1055): onMessage(onPageFinished,file:///android_asset/www/index.html)

D/CordovaLog( 1055): file:///android_asset/www/cordova.js: Line 1186 : deviceready has not fired after 5 seconds.

I/chromium( 1055): [INFO:CONSOLE(1186)] "deviceready has not fired after 5 seconds.", source: file:///android_asset/www/cordova.js (1186)

D/CordovaLog( 1055): file:///android_asset/www/cordova.js: Line 1179 : Channel not fired: onPluginsReady

I/chromium( 1055): [INFO:CONSOLE(1179)] "Channel not fired: onPluginsReady", source: file:///android_asset/www/cordova.js (1179)

D/CordovaLog( 1055): file:///android_asset/www/cordova.js: Line 1179 : Channel not fired: onCordovaReady

I/chromium( 1055): [INFO:CONSOLE(1179)] "Channel not fired: onCordovaReady", source: file:///android_asset/www/cordova.js (1179)

D/CordovaActivity( 1055): onMessage(spinner,stop)

W/PluginManager( 1055): THREAD WARNING: exec() call to App.show blocked the main thread for 22ms. Plugin should use CordovaInterface.getThreadPool().

W/PluginManager( 1055): THREAD WARNING: exec() call to Device.getDeviceInfo blocked the main thread for 21ms. Plugin should use CordovaInterface.getThreadPool().

I/App     ( 1055): WARNING: Back Button Default Behavior will be overridden.  The backbutton event will be fired!

I/ActivityManager(  377): Resuming delayed broadcast

I/ActivityManager(  377): Start proc com.android.keychain for broadcast com.android.keychain/.KeyChainBroadcastReceiver: pid=1101 uid=1000 gids={41000, 1028, 1015, 3002, 3001, 3003}

I/PackageManager(  377): Running dexopt on: com.android.keychain

D/CordovaActivity( 1055): onMessage(spinner,stop)

D/dalvikvm( 1115): DexOpt: load 149ms, verify+opt 282ms, 392148 bytes

W/ContextImpl( 1101): Calling a method in the system process without a qualified user: android.app.ContextImpl.startService:1479 android.content.ContextWrapper.startService:494 android.content.ContextWrapper.startService:494 com.android.keychain.KeyChainBroadcastReceiver.onReceive:12 android.app.ActivityThread.handleReceiver:2419 

I/ActivityManager(  377): Delay finish: com.android.keychain/.KeyChainBroadcastReceiver

I/ActivityManager(  377): Resuming delayed broadcast

I/ActivityManager(  377): Start proc com.android.documentsui for broadcast com.android.documentsui/.PackageReceiver: pid=1118 uid=10023 gids={50023}

I/PackageManager(  377): Running dexopt on: com.android.documentsui

D/dalvikvm( 1131): DexOpt: load 265ms, verify+opt 896ms, 925540 bytes

D/Documents( 1118): Loading roots for com.android.providers.downloads.documents

D/dalvikvm( 1118): GC_FOR_ALLOC freed 386K, 14% free 2897K/3364K, paused 71ms, total 72ms

D/Documents( 1118): Loading roots for com.android.externalstorage.documents

I/ActivityManager(  377): Start proc com.android.externalstorage for content provider com.android.externalstorage/.ExternalStorageProvider: pid=1133 uid=10006 gids={50006, 1028, 1015, 1023}

I/PackageManager(  377): Running dexopt on: com.android.externalstorage

D/dalvikvm( 1118): GC_CONCURRENT freed 56K, 14% free 2902K/3364K, paused 6ms+33ms, total 161ms

D/dalvikvm( 1146): DexOpt: load 53ms, verify+opt 80ms, 224484 bytes

I/ActivityManager(  377): Delay finish: com.android.mms/.transaction.SmsReceiver

V/SmsReceiverService(  912): onStart: #1 mResultCode: -1 = Activity.RESULT_OK

D/ExternalStorage( 1133): After updating volumes, found 0 active roots

D/Documents( 1118): Updating roots due to change at content://com.android.externalstorage.documents/root

D/Documents( 1118): Loading roots for com.android.providers.media.documents

I/ActivityManager(  377): Resuming delayed broadcast

I/ActivityManager(  377): Start proc com.svox.pico for broadcast com.svox.pico/.VoiceDataInstallerReceiver: pid=1149 uid=10037 gids={50037, 1028, 1015}

I/ActivityManager(  377): Killing 523:com.android.printspooler/u0a39 (adj 15): empty #17

D/Documents( 1118): Update found 5 roots in 1785ms

D/Documents( 1118): Used cached roots for com.android.providers.downloads.documents

D/Documents( 1118): Loading roots for com.android.externalstorage.documents

D/Documents( 1118): Used cached roots for com.android.providers.media.documents

D/Documents( 1118): Update found 5 roots in 119ms

V/AlarmClock(  990): AlarmInitReceiver android.intent.action.TIME_SET

D/dalvikvm(  940): GC_CONCURRENT freed 293K, 12% free 2865K/3240K, paused 19ms+5ms, total 215ms

D/dalvikvm(  990): GC_CONCURRENT freed 372K, 14% free 2872K/3328K, paused 7ms+33ms, total 194ms

I/AlarmClock(  990): Displaying next alarm time: ''

V/AlarmClock(  990): AlarmInitReceiver finished

I/ActivityManager(  377): Delay finish: com.android.providers.calendar/.CalendarProviderBroadcastReceiver

I/ActivityManager(  377): Resuming delayed broadcast

I/ActivityManager(  377): Killing 668:com.android.music/u0a32 (adj 15): empty #17

W/MediaFocusControl(  377):   RemoteControlClient died

D/dalvikvm(  377): GC_CONCURRENT freed 652K, 18% free 5740K/6948K, paused 17ms+12ms, total 137ms

