E/MobileDataStateTracker(  377): default: Ignoring feature request because could not acquire PhoneService

E/MobileDataStateTracker(  377): default: Could not enable APN type "default"

I/WifiService(  377): WifiService starting up with Wi-Fi disabled

I/SystemServer(  377): Network Service Discovery Service

D/NsdService(  377): Network service discovery enabled true

I/SystemServer(  377): UpdateLock Service

I/SystemServer(  377): Notification Manager

I/SystemServer(  377): Device Storage Monitor

I/SystemServer(  377): Location Manager

I/SystemServer(  377): Country Detector

I/SystemServer(  377): Search Service

I/SystemServer(  377): DropBox Service

I/SystemServer(  377): Wallpaper Service

I/SystemServer(  377): Audio Service

D/dalvikvm(  377): GC_CONCURRENT freed 265K, 7% free 4793K/5148K, paused 9ms+33ms, total 267ms

I/MediaFocusControl(  377):   Remote Control   registerMediaButtonIntent() for PendingIntent{b3f03028: PendingIntentRecord{b3ed5f60 android broadcastIntent}}

I/SystemServer(  377): Dock Observer

W/DockObserver(  377): This kernel does not have dock station support

I/SystemServer(  377): Wired Accessory Manager

W/WiredAccessoryManager(  377): This kernel does not have wired headset support

W/WiredAccessoryManager(  377): This kernel does not have usb audio support

W/WiredAccessoryManager(  377): This kernel does not have HDMI audio support

I/SystemServer(  377): USB Service

I/SystemServer(  377): Serial Service

I/SystemServer(  377): Twilight Service

I/SystemServer(  377): UI Mode Manager Service

I/SystemServer(  377): Backup Service

V/BackupManagerService(  377): Initializing package tracking

V/BackupManagerService(  377): addPackageParticipantsLocked: all

I/BackupManagerService(  377): Scheduling backup for new app com.android.calendar

D/BackupManagerService(  377): Now staging backup of com.android.calendar

I/BackupManagerService(  377): Scheduling backup for new app com.android.browser

D/BackupManagerService(  377): Now staging backup of com.android.browser

I/BackupManagerService(  377): Scheduling backup for new app com.android.providers.userdictionary

D/BackupManagerService(  377): Now staging backup of com.android.providers.userdictionary

I/BackupManagerService(  377): Scheduling backup for new app com.android.sharedstoragebackup

D/BackupManagerService(  377): Now staging backup of com.android.sharedstoragebackup

I/BackupManagerService(  377): Scheduling backup for new app android

D/BackupManagerService(  377): Now staging backup of android

I/BackupManagerService(  377): Scheduling backup for new app com.android.dialer

D/BackupManagerService(  377): Now staging backup of com.android.dialer

I/BackupManagerService(  377): Scheduling backup for new app com.android.providers.settings

D/BackupManagerService(  377): Now staging backup of com.android.providers.settings

V/BackupManagerService(  377): Starting with transport android/com.android.internal.backup.LocalTransport

V/BackupManagerService(  377): Found transports: 1

I/BackupManagerService(  377): Binding to transport host ComponentInfo{android/com.android.internal.backup.LocalTransportService}

I/BackupManagerService(  377): Found stale backup journal, scheduling

I/BackupManagerService(  377):   com.android.calendar

I/BackupManagerService(  377):   com.android.browser

I/BackupManagerService(  377):   com.android.providers.userdictionary

I/BackupManagerService(  377):   com.android.sharedstoragebackup

I/BackupManagerService(  377):   android

I/BackupManagerService(  377):   com.android.dialer

I/BackupManagerService(  377):   com.android.providers.settings

I/BackupManagerService(  377): Backup enabled => true

I/SystemServer(  377): AppWidget Service

I/SystemServer(  377): Recognition Service

I/SystemServer(  377): DiskStats Service

I/SystemServer(  377): SamplingProfiler Service

I/SystemServer(  377): NetworkTimeUpdateService

I/SystemServer(  377): CommonTimeManagementService

I/SystemServer(  377): CertBlacklister

I/SystemServer(  377): Dreams Service

I/SystemServer(  377): Assets Atlas Service

D/Atlas   (  377): Loaded configuration: SliceMinArea (768x768) flags=0x2 count=24

I/SystemServer(  377): IdleMaintenanceService

I/SystemServer(  377): Print Service

I/SystemServer(  377): Media Router Service

I/WindowManager(  377): SAFE MODE not enabled

D/dalvikvm(  377): JIT started for system_server

D/gralloc_goldfish(  377): Emulator without GPU emulation detected.

W/AssetAtlasService(  377): Could not find EGL configuration

D/Atlas   (  377): Rendered atlas in 50.83ms (47.41+3.42ms)

I/Zygote  (  377): Process: zygote socket opened

V/KeyguardServiceDelegate(  377): *** Keyguard started

V/KeyguardServiceDelegate(  377): onSystemReady() called before keyguard service was ready

I/ActivityManager(  377): Start proc com.android.systemui for service com.android.keyguard/.KeyguardService: pid=427 uid=10007 gids={50007, 1028, 1015, 1035, 3002, 3001}

I/AppOps  (  377): Pruning old package media/1013: new uid=-1

I/ActivityManager(  377): System now ready

D/LightsService(  377): Excessive delay setting light: 82ms

I/SystemServer(  377): Making services ready

D/NetworkManagementService(  377): enabling bandwidth control

D/dalvikvm(  377): GC_CONCURRENT freed 264K, 7% free 5043K/5392K, paused 49ms+57ms, total 627ms

D/dalvikvm(  377): WAIT_FOR_CONCURRENT_GC blocked 120ms

D/dalvikvm(  377): WAIT_FOR_CONCURRENT_GC blocked 71ms

E/NetdConnector(  377): NDC Command {1 bandwidth enable} took too long (3514ms)

E/NetdConnector(  377): NDC Command {2 firewall disable} took too long (1540ms)

E/NetdConnector(  377): NDC Command {5 firewall disable} took too long (1419ms)

I/ActivityManager(  377): Config changes=200 {1.0 ?mcc?mnc en_US ldltr sw320dp w320dp h460dp 240dpi nrml port finger qwerty/v/v -nav/h s.4}

W/RecognitionManagerService(  377): no available voice recognition services found for user 0

E/SoundPool(  427): error loading /system/media/audio/ui/Lock.ogg

W/KeyguardViewMediator(  427): failed to load lock sound from /system/media/audio/ui/Lock.ogg

E/SoundPool(  427): error loading /system/media/audio/ui/Unlock.ogg

W/KeyguardViewMediator(  427): failed to load unlock sound from /system/media/audio/ui/Unlock.ogg

V/KeyguardService(  427): onCreate()

D/SystemUIService(  427): loading: class com.android.systemui.recent.Recents

D/SystemUIService(  427): running: com.android.systemui.recent.Recents@b3d57238

D/SystemUIService(  427): loading: class com.android.systemui.statusbar.SystemBars

D/SystemUIService(  427): running: com.android.systemui.statusbar.SystemBars@b3d57820

D/SystemUIService(  427): loading: class com.android.systemui.usb.StorageNotification

D/SystemUIService(  427): running: com.android.systemui.usb.StorageNotification@b3d59580

W/InputMethodManagerService(  377): Ignoring setImeWindowStatus of uid 1000 token: null

D/SystemUIService(  427): loading: class com.android.systemui.power.PowerUI

D/SystemUIService(  427): running: com.android.systemui.power.PowerUI@b3d5ae78

D/SystemUIService(  427): loading: class com.android.systemui.media.RingtonePlayer

D/SystemUIService(  427): running: com.android.systemui.media.RingtonePlayer@b3d5bb78

D/SystemUIService(  427): loading: class com.android.systemui.settings.SettingsUI

D/SystemUIService(  427): running: com.android.systemui.settings.SettingsUI@b3d5ce60

D/dalvikvm(  377): GC_CONCURRENT freed 364K, 8% free 5214K/5664K, paused 32ms+27ms, total 591ms

I/ActivityManager(  377): Start proc com.android.inputmethod.latin for service com.android.inputmethod.latin/.LatinIME: pid=493 uid=10029 gids={50029, 1028, 1015}

V/InputMethodManagerService(  377): Adding window token: android.os.Binder@b3f778f8

W/GpsLocationProvider(  377): Could not open GPS configuration file /etc/gps.conf

W/ServiceWatcher(  377): com.google.android.location not found

W/ServiceWatcher(  377): com.google.android.location not found

W/ServiceWatcher(  377): com.google.android.location not found

W/LocationManagerService(  377): no network location provider found

W/ServiceWatcher(  377): com.google.android.location not found

E/LocationManagerService(  377): no geocoder provider found

E/FlpHardwareProvider(  377): Error hw_get_module 'flp': -2

W/ServiceWatcher(  377): com.google.android.location not found

E/FlpHardwareProvider(  377): Error hw_get_module 'flp': -2

W/ServiceWatcher(  377): com.google.android.location not found

E/LocationManagerService(  377): No FusedProvider found.

E/LocationManagerService(  377): no geofence provider found

I/StatusBarManagerService(  377): registerStatusBar bar=com.android.internal.statusbar.IStatusBar$Stub$Proxy@b3e459d0

I/ActivityManager(  377): Start proc com.android.settings for broadcast com.android.settings/.widget.SettingsAppWidgetProvider: pid=505 uid=1000 gids={41000, 1028, 1015, 3002, 3001, 3003}

I/CommonTimeManagementService(  377): No common time service detected on this platform.  Common time services will be unavailable.

I/InputReader(  377): Reconfiguring input devices.  changes=0x00000020

D/PhoneStatusBar(  427): mSettingsPanelGravity = 55

I/InputReader(  377): Reconfiguring input devices.  changes=0x00000010

D/dalvikvm(  427): GC_CONCURRENT freed 314K, 12% free 2871K/3256K, paused 54ms+233ms, total 1882ms

D/dalvikvm(  427): GC_FOR_ALLOC freed 43K, 7% free 3096K/3312K, paused 65ms, total 75ms

I/dalvikvm-heap(  427): Grow heap (frag case) to 3.703MB for 635812-byte allocation

D/dalvikvm(  427): GC_CONCURRENT freed 3K, 6% free 3714K/3936K, paused 9ms+8ms, total 305ms

I/ActivityManager(  377): Start proc com.android.printspooler for service com.android.printspooler/.PrintSpoolerService: pid=523 uid=10039 gids={50039}

I/ActivityManager(  377): Start proc com.android.phone for added application com.android.phone: pid=537 uid=1001 gids={41001, 3002, 3001, 3003, 1028, 1015}

I/ActivityManager(  377): START u0 {act=android.intent.action.MAIN cat=[android.intent.category.HOME] flg=0x10000000 cmp=com.android.launcher/com.android.launcher2.Launcher} from pid 0

I/ActivityManager(  377): Start proc com.android.launcher for activity com.android.launcher/com.android.launcher2.Launcher: pid=548 uid=10008 gids={50008}

I/SystemServer(  377): Enabled StrictMode for system server main thread.

I/Choreographer(  377): Skipped 4101 frames!  The application may be doing too much work on its main thread.

W/InputMethodManagerService(  377): Focus gain on non-focused client android.view.inputmethod.InputMethodManager$1@b3f61ec0 (uid=1000 pid=377)

V/KeyguardServiceDelegate(  377): *** Keyguard connected (yay!)

D/dalvikvm(  427): GC_CONCURRENT freed 22K, 3% free 4127K/4232K, paused 62ms+63ms, total 520ms

I/PrintSpoolerService(  523): No existing print spooler state.

I/LatinIME(  493): Hardware accelerated drawing: false

V/PhoneStatusBar/NavigationBarView(  427): touchEnabled:false

D/dalvikvm(  377): GC_CONCURRENT freed 496K, 10% free 5334K/5912K, paused 96ms+57ms, total 1172ms

D/dalvikvm(  377): WAIT_FOR_CONCURRENT_GC blocked 506ms

D/dalvikvm(  377): WAIT_FOR_CONCURRENT_GC blocked 350ms

D/dalvikvm(  377): WAIT_FOR_CONCURRENT_GC blocked 341ms

D/dalvikvm(  377): WAIT_FOR_CONCURRENT_GC blocked 344ms

D/dalvikvm(  377): WAIT_FOR_CONCURRENT_GC blocked 273ms

D/dalvikvm(  377): WAIT_FOR_CONCURRENT_GC blocked 123ms

D/dalvikvm(  377): WAIT_FOR_CONCURRENT_GC blocked 91ms

D/dalvikvm(  377): WAIT_FOR_CONCURRENT_GC blocked 97ms

D/dalvikvm(  377): WAIT_FOR_CONCURRENT_GC blocked 499ms

I/MediaFocusControl(  377):   Remote Control   registerMediaButtonIntent() for PendingIntent{b3fa6ed8: PendingIntentRecord{b3ed5f60 android broadcastIntent}}

E/BluetoothAdapter(  427): Bluetooth binder is null

E/BluetoothAdapter(  427): Bluetooth binder is null

V/BackupManagerService(  377): Connected to transport ComponentInfo{android/com.android.internal.backup.LocalTransportService}

V/BackupManagerService(  377): Registering transport android/com.android.internal.backup.LocalTransportService::android/com.android.internal.backup.LocalTransport = com.android.internal.backup.LocalTransport@b3f8a880

E/BluetoothAdapter(  427): Bluetooth binder is null

D/dalvikvm(  427): GC_CONCURRENT freed 193K, 6% free 4362K/4636K, paused 7ms+268ms, total 534ms

I/FusedLocation(  377): engine stopped (com.android.location.fused)

I/FusedLocation(  377): engine started (com.android.location.fused)

I/FusedLocation(  377): engine started (com.android.location.fused)

W/InputAttributes(  493): No editor info for this field. Bug?

E/BluetoothAdapter(  427): Bluetooth binder is null

I/ResourceUtils(  493): Found default value: resource=keypress_vibration_durations build=[HARDWARE=goldfish MODEL=sdk BRAND=generic MANUFACTURER=unknown] default=-1

I/ResourceUtils(  493): Found default value: resource=keypress_volumes build=[HARDWARE=goldfish MODEL=sdk BRAND=generic MANUFACTURER=unknown] default=-1.0f

I/PackageManager(  377):   Action: "android.intent.action.SENDTO"

I/PackageManager(  377):   Category: "android.intent.category.DEFAULT"

I/PackageManager(  377):   Scheme: "sms"

I/PackageManager(  377): Adding preferred activity ComponentInfo{com.android.mms/com.android.mms.ui.ComposeMessageActivity} for user 0 :

I/PackageManager(  377):   Action: "android.intent.action.SENDTO"

I/PackageManager(  377):   Category: "android.intent.category.DEFAULT"

I/PackageManager(  377):   Scheme: "smsto"

I/PackageManager(  377): Adding preferred activity ComponentInfo{com.android.mms/com.android.mms.ui.ComposeMessageActivity} for user 0 :

I/ActivityManager(  377): Start proc android.process.acore for content provider com.android.providers.userdictionary/.UserDictionaryProvider: pid=582 uid=10002 gids={50002, 3003, 1028, 1015}

I/PackageManager(  377):   Action: "android.intent.action.SENDTO"

I/PackageManager(  377):   Category: "android.intent.category.DEFAULT"

I/PackageManager(  377):   Scheme: "mms"

I/PackageManager(  377): Adding preferred activity ComponentInfo{com.android.mms/com.android.mms.ui.ComposeMessageActivity} for user 0 :

I/LatinIME:LogUtils(  493): Dictionary info: dictionary = userunigram.en_US.dict ; version = ? ; date = ?

D/dalvikvm(  493): GC_CONCURRENT freed 198K, 9% free 2980K/3248K, paused 93ms+59ms, total 1802ms

D/dalvikvm(  537): GC_CONCURRENT freed 169K, 8% free 2983K/3232K, paused 1115ms+84ms, total 1718ms

I/PackageManager(  377):   Action: "android.intent.action.SENDTO"

I/PackageManager(  377):   Category: "android.intent.category.DEFAULT"

I/PackageManager(  377):   Scheme: "mmsto"

I/PackageManager(  377): Adding preferred activity ComponentInfo{com.android.mms/com.android.mms.ui.ComposeMessageActivity} for user 0 :

I/LatinIME:LogUtils(  493): Dictionary info: dictionary = main:en ; version = 42 ; date = 1381226429

E/BluetoothAdapter(  537): Bluetooth binder is null

D/dalvikvm(  377): GC_CONCURRENT freed 500K, 10% free 5375K/5960K, paused 59ms+83ms, total 866ms

D/PhoneStatusBar(  427): disable: < expand icons alerts ticker system_info back home recent clock search >

E/BluetoothAdapter(  537): Bluetooth binder is null

D/CallNotifier(  537): CallNotifier: mSignalInfoToneGenerator created when toneplay

E/BluetoothAdapter(  537): Bluetooth binder is null

D/MobileDataStateTracker(  377): fota: Broadcast received: android.intent.action.ANY_DATA_STATE apnType=fota

D/MobileDataStateTracker(  377): fota: Received state=DISCONNECTED, old=DISCONNECTED, reason=radioTurnedOff

D/MobileDataStateTracker(  377): ia: Broadcast received: android.intent.action.ANY_DATA_STATE apnType=ia

D/MobileDataStateTracker(  377): ia: Received state=DISCONNECTED, old=DISCONNECTED, reason=radioTurnedOff

D/MobileDataStateTracker(  377): supl: Broadcast received: android.intent.action.ANY_DATA_STATE apnType=supl

D/MobileDataStateTracker(  377): supl: Received state=DISCONNECTED, old=DISCONNECTED, reason=radioTurnedOff

D/MobileDataStateTracker(  377): hipri: Broadcast received: android.intent.action.ANY_DATA_STATE apnType=hipri

D/MobileDataStateTracker(  377): hipri: Received state=DISCONNECTED, old=DISCONNECTED, reason=radioTurnedOff

D/MobileDataStateTracker(  377): ims: Broadcast received: android.intent.action.ANY_DATA_STATE apnType=ims

D/MobileDataStateTracker(  377): ims: Received state=DISCONNECTED, old=DISCONNECTED, reason=radioTurnedOff

D/MobileDataStateTracker(  377): default: Broadcast received: android.intent.action.ANY_DATA_STATE apnType=default

D/MobileDataStateTracker(  377): default: Received state=DISCONNECTED, old=DISCONNECTED, reason=radioTurnedOff

D/MobileDataStateTracker(  377): mms: Broadcast received: android.intent.action.ANY_DATA_STATE apnType=mms

D/MobileDataStateTracker(  377): mms: Received state=DISCONNECTED, old=DISCONNECTED, reason=radioTurnedOff

D/MobileDataStateTracker(  377): cbs: Broadcast received: android.intent.action.ANY_DATA_STATE apnType=cbs

W/dalvikvm(  582): threadid=5: spin on suspend #1 threadid=1 (pcf=0)

D/dalvikvm(  427): GC_CONCURRENT freed 96K, 4% free 4800K/4972K, paused 16ms+122ms, total 660ms

D/dalvikvm(  427): WAIT_FOR_CONCURRENT_GC blocked 110ms

D/MobileDataStateTracker(  377): cbs: Received state=DISCONNECTED, old=DISCONNECTED, reason=radioTurnedOff

D/MobileDataStateTracker(  377): fota: Broadcast received: android.intent.action.ANY_DATA_STATE apnType=fota

D/MobileDataStateTracker(  377): fota: Received state=DISCONNECTED, old=DISCONNECTED, reason=radioTurnedOff

D/MobileDataStateTracker(  377): ia: Broadcast received: android.intent.action.ANY_DATA_STATE apnType=ia

D/MobileDataStateTracker(  377): ia: Received state=DISCONNECTED, old=DISCONNECTED, reason=radioTurnedOff

D/MobileDataStateTracker(  377): supl: Broadcast received: android.intent.action.ANY_DATA_STATE apnType=supl

D/MobileDataStateTracker(  377): supl: Received state=DISCONNECTED, old=DISCONNECTED, reason=radioTurnedOff

D/MobileDataStateTracker(  377): hipri: Broadcast received: android.intent.action.ANY_DATA_STATE apnType=hipri

D/MobileDataStateTracker(  377): hipri: Received state=DISCONNECTED, old=DISCONNECTED, reason=radioTurnedOff

D/MobileDataStateTracker(  377): ims: Broadcast received: android.intent.action.ANY_DATA_STATE apnType=ims

D/MobileDataStateTracker(  377): ims: Received state=DISCONNECTED, old=DISCONNECTED, reason=radioTurnedOff

D/MobileDataStateTracker(  377): default: Broadcast received: android.intent.action.ANY_DATA_STATE apnType=default

D/MobileDataStateTracker(  377): default: Received state=DISCONNECTED, old=DISCONNECTED, reason=radioTurnedOff

D/MobileDataStateTracker(  377): mms: Broadcast received: android.intent.action.ANY_DATA_STATE apnType=mms

D/MobileDataStateTracker(  377): mms: Received state=DISCONNECTED, old=DISCONNECTED, reason=radioTurnedOff

D/MobileDataStateTracker(  377): cbs: Broadcast received: android.intent.action.ANY_DATA_STATE apnType=cbs

D/MobileDataStateTracker(  377): cbs: Received state=DISCONNECTED, old=DISCONNECTED, reason=radioTurnedOff

D/MobileDataStateTracker(  377): fota: Broadcast received: android.intent.action.ANY_DATA_STATE apnType=fota

D/MobileDataStateTracker(  377): fota: Received state=DISCONNECTED, old=DISCONNECTED, reason=dataDetached

D/MobileDataStateTracker(  377): ia: Broadcast received: android.intent.action.ANY_DATA_STATE apnType=ia

D/MobileDataStateTracker(  377): ia: Received state=DISCONNECTED, old=DISCONNECTED, reason=dataDetached

D/MobileDataStateTracker(  377): supl: Broadcast received: android.intent.action.ANY_DATA_STATE apnType=supl

D/MobileDataStateTracker(  377): supl: Received state=DISCONNECTED, old=DISCONNECTED, reason=dataDetached

D/MobileDataStateTracker(  377): hipri: Broadcast received: android.intent.action.ANY_DATA_STATE apnType=hipri

W/dalvikvm(  582): threadid=5: spin on suspend #2 threadid=1 (pcf=0)

I/dalvikvm(  582): "Compiler" daemon prio=5 tid=5 VMWAIT

I/dalvikvm(  582):   | group="system" sCount=0 dsCount=0 obj=0xb3d0a478 self=0xb8fbad68

I/dalvikvm(  582):   | sysTid=589 nice=0 sched=0/0 cgrp=apps handle=-1192473656

D/MobileDataStateTracker(  377): hipri: Received state=DISCONNECTED, old=DISCONNECTED, reason=dataDetached

W/BroadcastQueue(  377): Timeout of broadcast BroadcastRecord{b3fd3500 u-1 android.intent.action.TIME_TICK} - receiver=android.os.BinderProxy@b3eeffd8, started 10140ms ago

W/BroadcastQueue(  377): Receiver during timeout: BroadcastFilter{b3f2e850 u0 ReceiverList{b3f2e7f0 427 com.android.systemui/10007/u0 remote:b3eeffd8}}

I/dalvikvm(  582):   | state=R schedstat=( 20000000 1260000000 32 ) utm=1 stm=0 core=0

D/MobileDataStateTracker(  377): ims: Broadcast received: android.intent.action.ANY_DATA_STATE apnType=ims

I/Process (  377): Sending signal. PID: 427 SIG: 3

I/dalvikvm(  427): threadid=3: reacting to signal 3

D/MobileDataStateTracker(  377): ims: Received state=DISCONNECTED, old=DISCONNECTED, reason=dataDetached

I/Process (  377): Sending signal. PID: 377 SIG: 3

I/dalvikvm(  377): threadid=3: reacting to signal 3

I/dalvikvm(  582):   #00  pc 0000132e  /system/lib/libcorkscrew.so (unwind_backtrace_thread+29)

I/dalvikvm(  582):   #01  pc 000603ea  /system/lib/libdvm.so (dvmDumpNativeStack(DebugOutputTarget const*, int)+33)

I/dalvikvm(  582):   #02  pc 000543e4  /system/lib/libdvm.so (dvmDumpThreadEx(DebugOutputTarget const*, Thread*, bool)+395)

I/dalvikvm(  582):   #03  pc 00054452  /system/lib/libdvm.so (dvmDumpThread(Thread*, bool)+25)

I/dalvikvm(  582):   #04  pc 00054d0a  /system/lib/libdvm.so

I/dalvikvm(  582):   #05  pc 00054ec2  /system/lib/libdvm.so (dvmSuspendAllThreads(SuspendCause)+165)

I/dalvikvm(  582):   #06  pc 00073982  /system/lib/libdvm.so

I/dalvikvm(  582):   #07  pc 0005470a  /system/lib/libdvm.so

I/dalvikvm(  582):   #08  pc 0000d060  /system/lib/libc.so (__thread_entry+72)

I/dalvikvm(  582):   #09  pc 0000d1f8  /system/lib/libc.so (pthread_create+240)

I/dalvikvm(  582):   at dalvik.system.NativeStart.run(Native Method)

I/dalvikvm(  582): 

I/dalvikvm(  582): "main" prio=5 tid=1 RUNNABLE

I/dalvikvm(  582):   | group="main" sCount=1 dsCount=0 obj=0xb3a4bca8 self=0xb8e85398

I/dalvikvm(  582):   | sysTid=582 nice=0 sched=0/0 cgrp=apps handle=-1225563820

I/dalvikvm(  582):   | state=R schedstat=( 1160000000 1020000000 78 ) utm=50 stm=66 core=0

I/dalvikvm(  582):   at android.os.StrictMode.setBlockGuardPolicy(StrictMode.java:~795)

I/dalvikvm(  582):   at android.os.StrictMode.setThreadPolicyMask(StrictMode.java:775)

I/dalvikvm(  582):   at android.os.StrictMode.setThreadPolicy(StrictMode.java:766)

I/dalvikvm(  582):   at android.app.LoadedApk.getClassLoader(LoadedApk.java:331)

I/dalvikvm(  582):   at android.app.ContextImpl.getClassLoader(ContextImpl.java:670)

I/dalvikvm(  582):   at android.app.ActivityThread.installProvider(ActivityThread.java:4777)

I/dalvikvm(  582):   at android.app.ActivityThread.installContentProviders(ActivityThread.java:4385)

I/dalvikvm(  582):   at android.app.ActivityThread.handleBindApplication(ActivityThread.java:4325)

I/dalvikvm(  582):   at android.app.ActivityThread.access$1500(ActivityThread.java:135)

I/dalvikvm(  582):   at android.app.ActivityThread$H.handleMessage(ActivityThread.java:1256)

I/dalvikvm(  582):   at android.os.Handler.dispatchMessage(Handler.java:102)

I/dalvikvm(  582):   at android.os.Looper.loop(Looper.java:136)

I/dalvikvm(  582):   at android.app.ActivityThread.main(ActivityThread.java:5017)

I/dalvikvm(  582):   at java.lang.reflect.Method.invokeNative(Native Method)

I/dalvikvm(  582):   at java.lang.reflect.Method.invoke(Method.java:515)

I/dalvikvm(  582):   at com.android.internal.os.ZygoteInit$MethodAndArgsCaller.run(ZygoteInit.java:779)

I/dalvikvm(  582):   at com.android.internal.os.ZygoteInit.main(ZygoteInit.java:595)

I/dalvikvm(  582):   at dalvik.system.NativeStart.main(Native Method)

I/dalvikvm(  582): 

I/dalvikvm(  427): Wrote stack traces to '/data/anr/traces.txt'

D/dalvikvm(  427): WAIT_FOR_CONCURRENT_GC blocked 2958ms

D/dalvikvm(  427): GC_CONCURRENT freed 22K, 4% free 4919K/5080K, paused 7ms+7ms, total 85ms

W/dalvikvm(  582): threadid=5: spin on suspend resolved in 3993 msec

I/Process (  377): Sending signal. PID: 537 SIG: 3

I/dalvikvm(  537): threadid=3: reacting to signal 3

I/dalvikvm(  377): Wrote stack traces to '/data/anr/traces.txt'

E/BluetoothAdapter(  427): Bluetooth binder is null

D/PhoneStatusBar(  427): heads up is disabled

D/dalvikvm(  582): GC_CONCURRENT freed 201K, 9% free 3001K/3276K, paused 13ms+13ms, total 207ms

I/dalvikvm(  537): Wrote stack traces to '/data/anr/traces.txt'

I/LatinIME:LogUtils(  493): Dictionary info: dictionary = UserHistoryDictionary.en_US.dic ; version = ? ; date = 1428850806

D/TelephonyDebugService(  537): TelephonyDebugService()

I/LatinIME:LogUtils(  493): Dictionary info: dictionary = personalization.en_US.dict ; version = ? ; date = 1428752628

I/LatinIME:LogUtils(  493): Dictionary info: dictionary = PersonalizationPredictionDictio ; version = ? ; date = 1428752628

W/WindowManager(  377): Window freeze timeout expired.

W/WindowManager(  377): Force clearing orientation change: Window{b3fa5b98 u0 com.android.systemui.ImageWallpaper}

D/dalvikvm(  537): GC_CONCURRENT freed 317K, 11% free 3102K/3480K, paused 8ms+136ms, total 1562ms

D/dalvikvm(  427): GC_FOR_ALLOC freed 9K, 3% free 4928K/5080K, paused 269ms, total 273ms

I/dalvikvm-heap(  427): Grow heap (frag case) to 7.815MB for 3072016-byte allocation

D/dalvikvm(  427): GC_CONCURRENT freed <1K, 2% free 7928K/8084K, paused 23ms+76ms, total 267ms

D/dalvikvm(  427): GC_FOR_ALLOC freed <1K, 2% free 7932K/8084K, paused 345ms, total 346ms

I/dalvikvm-heap(  427): Grow heap (frag case) to 10.517MB for 2828816-byte allocation

D/dalvikvm(  427): GC_FOR_ALLOC freed 0K, 2% free 10695K/10848K, paused 528ms, total 529ms

D/dalvikvm(  427): GC_CONCURRENT freed 0K, 2% free 10695K/10848K, paused 6ms+88ms, total 509ms

D/MccTable(  537): updateMccMncConfiguration: mcc=310, mnc=260

D/MccTable(  537): getLocaleFromMcc to en_us mcc=310

D/MccTable(  537): getLocaleForLanguageCountry: skipping already persisted

D/MccTable(  537): getLocaleForLanguageCountry: X locale=null

D/MccTable(  537): WIFI_COUNTRY_CODE set to us

I/WifiService(  377): WifiService trying to set country code to us with persist set to true

D/gralloc_goldfish(  427): Emulator without GPU emulation detected.

D/MccTable(  537): updateMccMncConfiguration updateConfig config={1.0 310mcc260mnc ?locale ?layoutDir ?swdp ?wdp ?hdp ?density ?lsize ?long ?orien ?uimode ?night ?touch ?keyb/?/? ?nav/?}

D/dalvikvm(  377): GC_CONCURRENT freed 531K, 11% free 5501K/6116K, paused 115ms+58ms, total 2335ms

D/dalvikvm(  377): WAIT_FOR_CONCURRENT_GC blocked 134ms

D/dalvikvm(  377): WAIT_FOR_CONCURRENT_GC blocked 87ms

I/ActivityManager(  377): Config changes=3 {1.0 310mcc260mnc en_US ldltr sw320dp w320dp h460dp 240dpi nrml port finger qwerty/v/v -nav/h s.5}

D/PermissionCache(   54): checking android.permission.READ_FRAME_BUFFER for uid=1000 => granted (14309 us)

D/gralloc (   54): Registering a buffer in the process that created it. This may cause memory ordering problems.

E/libEGL  (   54): called unimplemented OpenGL ES API

E/libEGL  (   54): called unimplemented OpenGL ES API

E/libEGL  (   54): called unimplemented OpenGL ES API

E/libEGL  (   54): called unimplemented OpenGL ES API

E/SurfaceFlinger(   54): glCheckFramebufferStatusOES error -833798718

E/SurfaceFlinger(   54): got GL_FRAMEBUFFER_COMPLETE_OES error while taking screenshot

E/libEGL  (   54): called unimplemented OpenGL ES API

E/libEGL  (   54): called unimplemented OpenGL ES API

I/SurfaceFlinger(   54): Boot is finished (157078 ms)

D/PhoneStatusBar(  427): disable: < expand icons alerts ticker system_info back home RECENT* clock SEARCH* >

I/ARMAssembler(   54): generated scanline__00000077:03515104_00008001_00000000 [113 ipp] (134 ins) at [0xb60a21f0:0xb60a2408] in 10000000 ns

I/Choreographer(  377): Skipped 33 frames!  The application may be doing too much work on its main thread.

D/dalvikvm(  537): GC_CONCURRENT freed 322K, 11% free 3240K/3624K, paused 77ms+257ms, total 812ms

D/MccTable(  537): updateMccMncConfiguration: mcc=310, mnc=260

D/MccTable(  537): getLocaleFromMcc to en_us mcc=310

D/MccTable(  537): getLocaleForLanguageCountry: skipping already persisted

D/MccTable(  537): getLocaleForLanguageCountry: X locale=null

D/MccTable(  537): WIFI_COUNTRY_CODE set to us

I/WifiService(  377): WifiService trying to set country code to us with persist set to true

D/MccTable(  537): updateMccMncConfiguration updateConfig config={1.0 310mcc260mnc ?locale ?layoutDir ?swdp ?wdp ?hdp ?density ?lsize ?long ?orien ?uimode ?night ?touch ?keyb/?/? ?nav/?}

V/KeyguardHostView(  427): Initial transport state: 1, pbstate=0

D/dalvikvm(  537): GC_CONCURRENT freed 354K, 12% free 3348K/3784K, paused 8ms+6ms, total 202ms

D/dalvikvm(  548): GC_CONCURRENT freed 195K, 9% free 3011K/3284K, paused 78ms+81ms, total 500ms

W/dalvikvm(  377): threadid=52: spin on suspend #1 threadid=13 (pcf=0)

W/dalvikvm(  377): threadid=52: spin on suspend resolved in 1426 msec

D/dalvikvm(  377): GC_FOR_ALLOC freed 420K, 11% free 5601K/6272K, paused 1551ms, total 1556ms

W/WindowManager(  377): App freeze timeout expired.

W/WindowManager(  377): Force clearing freeze: AppWindowToken{b3f8d6f0 token=Token{b3f99a40 ActivityRecord{b3f997c8 u0 com.android.launcher/com.android.launcher2.Launcher t1}}}

I/WindowManager(  377): Screen frozen for +5s773ms due to AppWindowToken{b3f8d6f0 token=Token{b3f99a40 ActivityRecord{b3f997c8 u0 com.android.launcher/com.android.launcher2.Launcher t1}}}

I/Choreographer(  377): Skipped 43 frames!  The application may be doing too much work on its main thread.

I/Choreographer(  377): Skipped 69 frames!  The application may be doing too much work on its main thread.

I/ARMAssembler(   54): generated scanline__00000077:03515104_00009001_00000000 [131 ipp] (153 ins) at [0xb60a2410:0xb60a2674] in 0 ns

I/Choreographer(  377): Skipped 106 frames!  The application may be doing too much work on its main thread.

D/dalvikvm(  377): GC_EXPLICIT freed 71K, 11% free 5615K/6272K, paused 83ms+291ms, total 1212ms

D/dalvikvm(  537): GC_CONCURRENT freed 538K, 16% free 3318K/3936K, paused 7ms+8ms, total 473ms

D/dalvikvm(  377): GC_EXPLICIT freed 350K, 13% free 5558K/6360K, paused 289ms+27ms, total 677ms

I/Process (  377): Sending signal. PID: 548 SIG: 3

I/Process (  377): Sending signal. PID: 582 SIG: 3

I/dalvikvm(  582): threadid=3: reacting to signal 3

I/dalvikvm(  548): threadid=3: reacting to signal 3

I/Process (  377): Sending signal. PID: 505 SIG: 3

I/dalvikvm(  548): Wrote stack traces to '/data/anr/traces.txt'

E/ActivityManager(  377): ANR in com.android.systemui

E/ActivityManager(  377): PID: 427

E/ActivityManager(  377): Reason: Broadcast of Intent { act=android.intent.action.TIME_TICK flg=0x50000014 (has extras) }

E/ActivityManager(  377): Load: 6.92 / 2.41 / 0.89

E/ActivityManager(  377): CPU usage from 3050ms to -22193ms ago:

E/ActivityManager(  377):   25% 377/system_server: 17% user + 7.3% kernel / faults: 1687 minor

E/ActivityManager(  377):   17% 54/surfaceflinger: 14% user + 2.4% kernel / faults: 1011 minor

E/ActivityManager(  377):   13% 537/com.android.phone: 10% user + 3% kernel / faults: 1767 minor 1 major

E/ActivityManager(  377):   3.3% 52/debuggerd: 1.5% user + 1.7% kernel / faults: 1338 minor

E/ActivityManager(  377):   8.8% 427/com.android.systemui: 6.5% user + 2.2% kernel / faults: 4803 minor 14 major

E/ActivityManager(  377):   7% 548/com.android.launcher: 5.9% user + 1% kernel / faults: 2236 minor 1 major

E/ActivityManager(  377):   5.4% 582/android.process.acore: 4.7% user + 0.7% kernel / faults: 2949 minor 31 major

E/ActivityManager(  377):   3.2% 37/flush-31:1: 0% user + 3.2% kernel

E/ActivityManager(  377):   2.2% 25/mtdblock0: 0% user + 2.2% kernel

E/ActivityManager(  377):   0.7% 26/mtdblock1: 0% user + 0.7% kernel

E/ActivityManager(  377):   0.4% 53/rild: 0.1% user + 0.2% kernel / faults: 2 minor

E/ActivityManager(  377):   0.4% 493/com.android.inputmethod.latin: 0.3% user + 0% kernel / faults: 304 minor 3 major

E/ActivityManager(  377):   0.2% 57/mediaserver: 0% user + 0.1% kernel / faults: 9 minor

E/ActivityManager(  377):   0.1% 48/servicemanager: 0% user + 0.1% kernel

E/ActivityManager(  377):   0.1% 505/com.android.settings: 0.1% user + 0% kernel / faults: 368 minor 1 major

E/ActivityManager(  377):   0.1% 1//init: 0% user + 0.1% kernel

E/ActivityManager(  377):   0% 39/jbd2/mtdblock1-: 0% user + 0% kernel

E/ActivityManager(  377):   0% 121/kworker/0:2: 0% user + 0% kernel

E/ActivityManager(  377): 100% TOTAL: 72% user + 27% kernel + 0.1% softirq

E/ActivityManager(  377): CPU usage from 19369ms to 20919ms later:

E/ActivityManager(  377):   72% 377/system_server: 54% user + 17% kernel / faults: 142 minor

E/ActivityManager(  377):     60% 563/Binder_6: 40% user + 19% kernel

E/ActivityManager(  377):     7.1% 392/ActivityManager: 1.1% user + 5.9% kernel

E/ActivityManager(  377):     2.9% 391/WindowManager: 2.9% user + 0% kernel

E/ActivityManager(  377):     2.3% 625/Error dump: sys: 1.1% user + 1.1% kernel

E/ActivityManager(  377):     1.7% 393/android.bg: 0.5% user + 1.1% kernel

E/ActivityManager(  377):     1.1% 536/Binder_5: 1.1% user + 0% kernel

E/ActivityManager(  377):   8.5% 427/com.android.systemui: 5.1% user + 3.4% kernel / faults: 114 minor

E/ActivityManager(  377):     7.4% 427/ndroid.systemui: 5.1% user + 2.2% kernel

E/ActivityManager(  377):     0.5% 435/Compiler: 0% user + 0.5% kernel

E/ActivityManager(  377):   7.3% 548/com.android.launcher: 5% user + 2.2% kernel / faults: 89 minor

E/ActivityManager(  377):     6.2% 548/ndroid.launcher: 6.2% user + 0% kernel

E/ActivityManager(  377):     1.6% 555/Compiler: 0% user + 1.6% kernel

E/ActivityManager(  377):     0.5% 552/GC: 0.5% user + 0% kernel

E/ActivityManager(  377):   3.7% 25/mtdblock0: 0% user + 3.7% kernel

E/ActivityManager(  377):   3.3% 582/android.process.acore: 3.3% user + 0% kernel / faults: 165 minor 23 major

E/ActivityManager(  377):     1.1% 589/Compiler: 1.1% user + 0% kernel

E/ActivityManager(  377):     1.1% 608/ContactsProvide: 1.1% user + 0% kernel

E/ActivityManager(  377):     1.1% 610/ContactsProvide: 0.5% user + 0.5% kernel

E/ActivityManager(  377):   0.6% 1//init: 0% user + 0.6% kernel

E/ActivityManager(  377):   0.5% 26/mtdblock1: 0% user + 0.5% kernel

E/ActivityManager(  377):   0.5% 505/com.android.settings: 0.5% user + 0% kernel / faults: 11 minor

E/ActivityManager(  377):     0.5% 505/ndroid.settings: 0.5% user + 0% kernel

E/ActivityManager(  377):   0.5% 537/com.android.phone: 0.5% user + 0% kernel / faults: 8 minor

E/ActivityManager(  377):     0.5% 537/m.android.phone: 0.5% user + 0% kernel

E/ActivityManager(  377): 100% TOTAL: 62% user + 37% kernel

D/dalvikvm(  427): GC_CONCURRENT freed 7073K, 56% free 5635K/12788K, paused 8ms+20ms, total 359ms

I/dalvikvm(  505): threadid=3: reacting to signal 3

D/dalvikvm(  377): GC_CONCURRENT freed 584K, 11% free 5674K/6360K, paused 10ms+32ms, total 244ms

D/dalvikvm(  377): WAIT_FOR_CONCURRENT_GC blocked 207ms

D/dalvikvm(  377): WAIT_FOR_CONCURRENT_GC blocked 176ms

D/dalvikvm(  377): WAIT_FOR_CONCURRENT_GC blocked 181ms

I/ActivityManager(  377): Killing 427:com.android.systemui/u0a7 (adj -12): background ANR

D/MobileDataStateTracker(  377): default: Broadcast received: android.intent.action.ANY_DATA_STATE apnType=default

D/MobileDataStateTracker(  377): default: Received state=DISCONNECTED, old=DISCONNECTED, reason=dataDetached

D/MobileDataStateTracker(  377): mms: Broadcast received: android.intent.action.ANY_DATA_STATE apnType=mms

D/MobileDataStateTracker(  377): mms: Received state=DISCONNECTED, old=DISCONNECTED, reason=dataDetached

D/MobileDataStateTracker(  377): cbs: Broadcast received: android.intent.action.ANY_DATA_STATE apnType=cbs

D/MobileDataStateTracker(  377): cbs: Received state=DISCONNECTED, old=DISCONNECTED, reason=dataDetached

D/MobileDataStateTracker(  377): fota: Broadcast received: android.intent.action.ANY_DATA_STATE apnType=fota

D/MobileDataStateTracker(  377): fota: Received state=DISCONNECTED, old=DISCONNECTED, reason=roamingOff

D/MobileDataStateTracker(  377): ia: Broadcast received: android.intent.action.ANY_DATA_STATE apnType=ia

D/MobileDataStateTracker(  377): ia: Received state=DISCONNECTED, old=DISCONNECTED, reason=roamingOff

D/dalvikvm(  377): GC_FOR_ALLOC freed 325K, 15% free 5572K/6492K, paused 1247ms, total 1249ms

I/dalvikvm-heap(  377): Grow heap (frag case) to 5.657MB for 139660-byte allocation

D/dalvikvm(  377): GC_FOR_ALLOC freed 5K, 14% free 5703K/6632K, paused 119ms, total 119ms

I/dalvikvm(  582): Wrote stack traces to '/data/anr/traces.txt'

D/dalvikvm(  377): GC_FOR_ALLOC freed <1K, 14% free 5706K/6632K, paused 177ms, total 178ms

I/dalvikvm-heap(  377): Grow heap (frag case) to 5.920MB for 279302-byte allocation

D/dalvikvm(  377): GC_FOR_ALLOC freed <1K, 14% free 5978K/6908K, paused 107ms, total 108ms

I/InputDispatcher(  377): Dropping event because there is no touchable window at (0, 230).

D/MobileDataStateTracker(  377): supl: Broadcast received: android.intent.action.ANY_DATA_STATE apnType=supl

D/MobileDataStateTracker(  377): supl: Received state=DISCONNECTED, old=DISCONNECTED, reason=roamingOff

D/MobileDataStateTracker(  377): hipri: Broadcast received: android.intent.action.ANY_DATA_STATE apnType=hipri

D/MobileDataStateTracker(  377): hipri: Received state=DISCONNECTED, old=DISCONNECTED, reason=roamingOff

D/MobileDataStateTracker(  377): ims: Broadcast received: android.intent.action.ANY_DATA_STATE apnType=ims

D/MobileDataStateTracker(  377): ims: Received state=DISCONNECTED, old=DISCONNECTED, reason=roamingOff

D/MobileDataStateTracker(  377): default: Broadcast received: android.intent.action.ANY_DATA_STATE apnType=default

D/dalvikvm(  377): GC_FOR_ALLOC freed 290K, 16% free 5840K/6908K, paused 142ms, total 144ms

I/dalvikvm-heap(  377): Grow heap (frag case) to 6.054MB for 282358-byte allocation

D/dalvikvm(  377): GC_FOR_ALLOC freed 4K, 15% free 6111K/7184K, paused 98ms, total 98ms

D/dalvikvm(  377): GC_FOR_ALLOC freed 274K, 19% free 5840K/7184K, paused 140ms, total 141ms

D/MobileDataStateTracker(  377): default: Received state=DISCONNECTED, old=DISCONNECTED, reason=roamingOff

D/MobileDataStateTracker(  377): mms: Broadcast received: android.intent.action.ANY_DATA_STATE apnType=mms

D/MobileDataStateTracker(  377): mms: Received state=DISCONNECTED, old=DISCONNECTED, reason=roamingOff

D/MobileDataStateTracker(  377): cbs: Broadcast received: android.intent.action.ANY_DATA_STATE apnType=cbs

D/MobileDataStateTracker(  377): cbs: Received state=DISCONNECTED, old=DISCONNECTED, reason=roamingOff

D/MobileDataStateTracker(  377): fota: Broadcast received: android.intent.action.ANY_DATA_STATE apnType=fota

D/MobileDataStateTracker(  377): fota: Received state=DISCONNECTED, old=DISCONNECTED, reason=roamingOff

D/MobileDataStateTracker(  377): ia: Broadcast received: android.intent.action.ANY_DATA_STATE apnType=ia

D/MobileDataStateTracker(  377): ia: Received state=DISCONNECTED, old=DISCONNECTED, reason=roamingOff

D/MobileDataStateTracker(  377): supl: Broadcast received: android.intent.action.ANY_DATA_STATE apnType=supl

D/MobileDataStateTracker(  377): supl: Received state=DISCONNECTED, old=DISCONNECTED, reason=roamingOff

D/MobileDataStateTracker(  377): hipri: Broadcast received: android.intent.action.ANY_DATA_STATE apnType=hipri

D/MobileDataStateTracker(  377): hipri: Received state=DISCONNECTED, old=DISCONNECTED, reason=roamingOff

D/MobileDataStateTracker(  377): ims: Broadcast received: android.intent.action.ANY_DATA_STATE apnType=ims

D/MobileDataStateTracker(  377): ims: Received state=DISCONNECTED, old=DISCONNECTED, reason=roamingOff

D/MobileDataStateTracker(  377): default: Broadcast received: android.intent.action.ANY_DATA_STATE apnType=default

D/MobileDataStateTracker(  377): default: Received state=DISCONNECTED, old=DISCONNECTED, reason=roamingOff

D/MobileDataStateTracker(  377): mms: Broadcast received: android.intent.action.ANY_DATA_STATE apnType=mms

D/MobileDataStateTracker(  377): mms: Received state=DISCONNECTED, old=DISCONNECTED, reason=roamingOff

D/MobileDataStateTracker(  377): cbs: Broadcast received: android.intent.action.ANY_DATA_STATE apnType=cbs

D/MobileDataStateTracker(  377): cbs: Received state=DISCONNECTED, old=DISCONNECTED, reason=roamingOff

D/MobileDataStateTracker(  377): fota: Broadcast received: android.intent.action.ANY_DATA_STATE apnType=fota

D/MobileDataStateTracker(  377): fota: Received state=DISCONNECTED, old=DISCONNECTED, reason=dataAttached

D/MobileDataStateTracker(  377): ia: Broadcast received: android.intent.action.ANY_DATA_STATE apnType=ia

D/MobileDataStateTracker(  377): ia: Received state=DISCONNECTED, old=DISCONNECTED, reason=dataAttached

D/MobileDataStateTracker(  377): supl: Broadcast received: android.intent.action.ANY_DATA_STATE apnType=supl

D/MobileDataStateTracker(  377): supl: Received state=DISCONNECTED, old=DISCONNECTED, reason=dataAttached

D/MobileDataStateTracker(  377): hipri: Broadcast received: android.intent.action.ANY_DATA_STATE apnType=hipri

D/MobileDataStateTracker(  377): hipri: Received state=DISCONNECTED, old=DISCONNECTED, reason=dataAttached

D/MobileDataStateTracker(  377): ims: Broadcast received: android.intent.action.ANY_DATA_STATE apnType=ims

D/MobileDataStateTracker(  377): ims: Received state=DISCONNECTED, old=DISCONNECTED, reason=dataAttached

D/MobileDataStateTracker(  377): mms: Broadcast received: android.intent.action.ANY_DATA_STATE apnType=mms

D/MobileDataStateTracker(  377): mms: Received state=DISCONNECTED, old=DISCONNECTED, reason=dataAttached

D/MobileDataStateTracker(  377): cbs: Broadcast received: android.intent.action.ANY_DATA_STATE apnType=cbs

D/MobileDataStateTracker(  377): cbs: Received state=DISCONNECTED, old=DISCONNECTED, reason=dataAttached

D/MobileDataStateTracker(  377): fota: Broadcast received: android.intent.action.ANY_DATA_STATE apnType=fota

D/MobileDataStateTracker(  377): fota: Received state=DISCONNECTED, old=DISCONNECTED, reason=dataAttached

D/MobileDataStateTracker(  377): ia: Broadcast received: android.intent.action.ANY_DATA_STATE apnType=ia

D/MobileDataStateTracker(  377): ia: Received state=DISCONNECTED, old=DISCONNECTED, reason=dataAttached

D/MobileDataStateTracker(  377): supl: Broadcast received: android.intent.action.ANY_DATA_STATE apnType=supl

D/MobileDataStateTracker(  377): supl: Received state=DISCONNECTED, old=DISCONNECTED, reason=dataAttached

D/MobileDataStateTracker(  377): hipri: Broadcast received: android.intent.action.ANY_DATA_STATE apnType=hipri

D/MobileDataStateTracker(  377): hipri: Received state=DISCONNECTED, old=DISCONNECTED, reason=dataAttached

D/MobileDataStateTracker(  377): ims: Broadcast received: android.intent.action.ANY_DATA_STATE apnType=ims

D/MobileDataStateTracker(  377): ims: Received state=DISCONNECTED, old=DISCONNECTED, reason=dataAttached

D/MobileDataStateTracker(  377): mms: Broadcast received: android.intent.action.ANY_DATA_STATE apnType=mms

D/MobileDataStateTracker(  377): mms: Received state=DISCONNECTED, old=DISCONNECTED, reason=dataAttached

D/MobileDataStateTracker(  377): cbs: Broadcast received: android.intent.action.ANY_DATA_STATE apnType=cbs

D/MobileDataStateTracker(  377): cbs: Received state=DISCONNECTED, old=DISCONNECTED, reason=dataAttached

D/MobileDataStateTracker(  377): fota: Broadcast received: android.intent.action.ANY_DATA_STATE apnType=fota

D/MobileDataStateTracker(  377): fota: Received state=DISCONNECTED, old=DISCONNECTED, reason=simLoaded

D/MobileDataStateTracker(  377): ia: Broadcast received: android.intent.action.ANY_DATA_STATE apnType=ia

I/dalvikvm(  505): Wrote stack traces to '/data/anr/traces.txt'

D/MobileDataStateTracker(  377): ia: Received state=DISCONNECTED, old=DISCONNECTED, reason=simLoaded

D/MobileDataStateTracker(  377): supl: Broadcast received: android.intent.action.ANY_DATA_STATE apnType=supl

D/MobileDataStateTracker(  377): supl: Received state=DISCONNECTED, old=DISCONNECTED, reason=simLoaded

D/MobileDataStateTracker(  377): hipri: Broadcast received: android.intent.action.ANY_DATA_STATE apnType=hipri

D/MobileDataStateTracker(  377): hipri: Received state=DISCONNECTED, old=DISCONNECTED, reason=simLoaded

D/MobileDataStateTracker(  377): ims: Broadcast received: android.intent.action.ANY_DATA_STATE apnType=ims

D/MobileDataStateTracker(  377): ims: Received state=DISCONNECTED, old=DISCONNECTED, reason=simLoaded

D/MobileDataStateTracker(  377): mms: Broadcast received: android.intent.action.ANY_DATA_STATE apnType=mms

D/MobileDataStateTracker(  377): mms: Received state=DISCONNECTED, old=DISCONNECTED, reason=simLoaded

D/MobileDataStateTracker(  377): cbs: Broadcast received: android.intent.action.ANY_DATA_STATE apnType=cbs

D/MobileDataStateTracker(  377): cbs: Received state=DISCONNECTED, old=DISCONNECTED, reason=simLoaded

D/MobileDataStateTracker(  377): default: Broadcast received: android.intent.action.ANY_DATA_STATE apnType=default

D/MobileDataStateTracker(  377): default: Received state=CONNECTING, old=DISCONNECTED, reason=simLoaded

D/MobileDataStateTracker(  377): default: setDetailed state, old =IDLE and new state=CONNECTING

D/MobileDataStateTracker(  377): fota: Broadcast received: android.intent.action.ANY_DATA_STATE apnType=fota

D/MobileDataStateTracker(  377): fota: Received state=DISCONNECTED, old=DISCONNECTED, reason=simLoaded

D/MobileDataStateTracker(  377): ia: Broadcast received: android.intent.action.ANY_DATA_STATE apnType=ia

D/MobileDataStateTracker(  377): ia: Received state=DISCONNECTED, old=DISCONNECTED, reason=simLoaded

D/MobileDataStateTracker(  377): supl: Broadcast received: android.intent.action.ANY_DATA_STATE apnType=supl

D/MobileDataStateTracker(  377): supl: Received state=DISCONNECTED, old=DISCONNECTED, reason=simLoaded

D/MobileDataStateTracker(  377): hipri: Broadcast received: android.intent.action.ANY_DATA_STATE apnType=hipri

D/MobileDataStateTracker(  377): hipri: Received state=DISCONNECTED, old=DISCONNECTED, reason=simLoaded

D/MobileDataStateTracker(  377): ims: Broadcast received: android.intent.action.ANY_DATA_STATE apnType=ims

D/MobileDataStateTracker(  377): ims: Received state=DISCONNECTED, old=DISCONNECTED, reason=simLoaded

D/MobileDataStateTracker(  377): mms: Broadcast received: android.intent.action.ANY_DATA_STATE apnType=mms

D/MobileDataStateTracker(  377): mms: Received state=DISCONNECTED, old=DISCONNECTED, reason=simLoaded

D/MobileDataStateTracker(  377): cbs: Broadcast received: android.intent.action.ANY_DATA_STATE apnType=cbs

D/MobileDataStateTracker(  377): cbs: Received state=DISCONNECTED, old=DISCONNECTED, reason=simLoaded

D/MobileDataStateTracker(  377): default: Broadcast received: android.intent.action.ANY_DATA_STATE apnType=default

D/MobileDataStateTracker(  377): default: Received state=CONNECTED, old=CONNECTING, reason=connected

D/MobileDataStateTracker(  377): default: setDetailed state, old =CONNECTING and new state=CONNECTED

D/ConnectivityService(  377): ConnectivityChange for mobile: CONNECTED/CONNECTED

D/ConnectivityService(  377): ConnectivityChange checkMobileProvisioning for TYPE_MOBILE or ProvisioningNetwork

D/ConnectivityService(  377): checkMobileProvisioning: E suggestedTimeOutMs=60000

D/ConnectivityService(  377): setProvNotificationVisible: E visible=false networkType=5 extraInfo=null url=null

D/ConnectivityService(  377): checkMobileProvisioning: params={ url=http://clients3.google.com/generate_204 mTimeOutMs=60000 mCb=com.android.server.ConnectivityService$5@b3fae748}

D/ConnectivityService(  377): checkMobileProvisioning: X

D/dalvikvm(  377): GC_CONCURRENT freed 1104K, 24% free 5482K/7184K, paused 10ms+14ms, total 292ms

E/BluetoothAdapter(  505): Bluetooth binder is null

D/Nat464Xlat(  377): requiresClat: netType=0, hasIPv4Address=true

D/MobileDataStateTracker(  377): default: setPolicyDataEnable(enabled=true)

D/dalvikvm(  548): GC_CONCURRENT freed 181K, 8% free 3323K/3584K, paused 7ms+41ms, total 310ms

D/MobileDataStateTracker(  377): default: isProvisioningNetwork: retVal=false

D/ConnectivityService(  377): [CheckMp] isMobileOk: isDefaultProvisioning=false

D/MobileDataStateTracker(  377): hipri: isProvisioningNetwork: retVal=false

D/ConnectivityService(  377): [CheckMp] isMobileOk: isHipriProvisioning=false

D/ConnectivityService(  377): [CheckMp] isMobileOk: start hipri url=http://clients3.google.com/generate_204

D/dalvikvm(  548): GC_CONCURRENT freed 218K, 8% free 3617K/3912K, paused 39ms+11ms, total 281ms

D/dalvikvm(  548): WAIT_FOR_CONCURRENT_GC blocked 20ms

D/dalvikvm(  548): WAIT_FOR_CONCURRENT_GC blocked 22ms

W/InputDispatcher(  377): channel 'b3f8f170 StatusBar (server)' ~ Consumer closed input channel or an error occurred.  events=0x9

E/InputDispatcher(  377): channel 'b3f8f170 StatusBar (server)' ~ Channel is unrecoverably broken and will be disposed!

W/InputDispatcher(  377): channel 'b3f8fcf8 SearchPanel (server)' ~ Consumer closed input channel or an error occurred.  events=0x9

E/InputDispatcher(  377): channel 'b3f8fcf8 SearchPanel (server)' ~ Channel is unrecoverably broken and will be disposed!

W/InputDispatcher(  377): channel 'b3f390b0 NavigationBar (server)' ~ Consumer closed input channel or an error occurred.  events=0x9

E/InputDispatcher(  377): channel 'b3f390b0 NavigationBar (server)' ~ Channel is unrecoverably broken and will be disposed!

W/InputDispatcher(  377): channel 'b3fa5b98 com.android.systemui.ImageWallpaper (server)' ~ Consumer closed input channel or an error occurred.  events=0x9

E/InputDispatcher(  377): channel 'b3fa5b98 com.android.systemui.ImageWallpaper (server)' ~ Channel is unrecoverably broken and will be disposed!

