--------- beginning of /dev/log/main

E/logwrapper(   38): executing /system/bin/e2fsck failed: No such file or directory

E/logwrapper(   44): executing /system/bin/e2fsck failed: No such file or directory

I/qemu-props(   50): connected to 'boot-properties' qemud service.

I/qemu-props(   50): receiving..

I/qemu-props(   50): received: dalvik.vm.heapsize=32m

I/DEBUG   (   52): debuggerd: Dec  5 2013 19:00:36

I/installd(   58): installd firing up

I/qemu-props(   50): receiving..

I/qemu-props(   50): received: ro.config.low_ram=true

I/qemu-props(   50): receiving..

I/qemu-props(   50): received: qemu.sf.lcd_density=240

I/qemu-props(   50): receiving..

I/qemu-props(   50): received: qemu.hw.mainkeys=0

I/qemu-props(   50): receiving..

I/qemu-props(   50): received: qemu.sf.fake_camera=none

I/qemu-props(   50): receiving..

I/qemu-props(   50): exiting (5 properties set).

I/Netd    (   51): Netd 1.0 starting

W/InterfaceController(   51): Warning (dlopen failed: library "/system/lib/libnetcmdiface.so" not found) while opening the net interface command library

--------- beginning of /dev/log/system

I/Vold    (   49): Vold 2.1 (the revenge) firing up

D/Vold    (   49): Volume sdcard state changing -1 (Initializing) -> 0 (No-Media)

I/SurfaceFlinger(   54): SurfaceFlinger is starting

I/SurfaceFlinger(   54): SurfaceFlinger's main thread ready to run. Initializing graphics H/W...

D/libEGL  (   54): Emulator without GPU support detected. Fallback to software renderer.

D/libEGL  (   54): loaded /system/lib/egl/libGLES_android.so

D/gralloc_goldfish(   54): Emulator without GPU emulation detected.

I/gralloc (   54): using (fd=14)

I/gralloc (   54): id           = 

I/gralloc (   54): xres         = 480 px

I/gralloc (   54): yres         = 800 px

I/gralloc (   54): xres_virtual = 480 px

I/gralloc (   54): yres_virtual = 1600 px

I/gralloc (   54): bpp          = 16

I/gralloc (   54): r            = 11:5

I/gralloc (   54): g            =  5:6

I/gralloc (   54): b            =  0:5

I/gralloc (   54): width        = 74 mm (164.756760 dpi)

I/gralloc (   54): height       = 123 mm (165.203247 dpi)

I/gralloc (   54): refresh rate = 260.42 Hz

E/SurfaceFlinger(   54): hwcomposer module not found

W/SurfaceFlinger(   54): getting VSYNC period from fb HAL: 3840010

W/SurfaceFlinger(   54): no suitable EGLConfig found, trying a simpler query

W/SurfaceFlinger(   54): EGL_SLOW_CONFIG selected!

I/SurfaceFlinger(   54): EGL informations:

I/SurfaceFlinger(   54): vendor    : Android

I/SurfaceFlinger(   54): version   : 1.4 Android META-EGL

I/SurfaceFlinger(   54): extensions: EGL_KHR_get_all_proc_addresses EGL_ANDROID_presentation_time EGL_KHR_image_base EGL_KHR_fence_sync EGL_ANDROID_image_native_buffer 

I/SurfaceFlinger(   54): Client API: OpenGL_ES

I/SurfaceFlinger(   54): EGLSurface: 5-6-5-0, config=0x0

I/SurfaceFlinger(   54): OpenGL ES informations:

I/SurfaceFlinger(   54): vendor    : Android

I/SurfaceFlinger(   54): renderer  : Android PixelFlinger 1.4

I/SurfaceFlinger(   54): version   : OpenGL ES-CM 1.0

I/SurfaceFlinger(   54): extensions: GL_EXT_debug_marker GL_OES_byte_coordinates GL_OES_fixed_point GL_OES_single_precision GL_OES_read_format GL_OES_compressed_paletted_texture GL_OES_draw_texture GL_OES_matrix_get GL_OES_query_matrix GL_OES_EGL_image GL_OES_EGL_sync GL_OES_compressed_ETC1_RGB8_texture GL_ARB_texture_compression GL_ARB_texture_non_power_of_two GL_ANDROID_user_clip_plane GL_ANDROID_vertex_buffer_object GL_ANDROID_generate_mipmap 

I/SurfaceFlinger(   54): GL_MAX_TEXTURE_SIZE = 4096

I/SurfaceFlinger(   54): GL_MAX_VIEWPORT_DIMS = 4096

W/SurfaceFlinger(   54): power module not found

W/SurfaceFlinger(   54): power module not found

D/SurfaceFlinger(   54): Screen acquired, type=0 flinger=0xb6fd8450

I/mediaserver(   57): ServiceManager: 0xb8efe460

I/AudioFlinger(   57): Using default 3000 mSec as standby time.

I/CameraService(   57): CameraService started (pid=57)

D/EmulatedCamera_QemuClient(   57): Emulated camera list: 

I/CameraService(   57): Loaded "Emulated Camera Module" camera module

I/AudioPolicyManagerBase(   57): loadAudioPolicyConfig() loaded /system/etc/audio_policy.conf

I/AudioFlinger(   57): loadHwModule() Loaded primary audio interface from Generic audio HW HAL (audio) handle 1

I/AudioFlinger(   57): HAL output buffer size 1024 frames, normal mix buffer size 1024 frames

I/AudioMixer(   57): found effect "Multichannel Downmix To Stereo" from The Android Open Source Project

I/AudioFlinger(   57): Using module 1 has the primary audio interface

I/AudioFlinger(   57): AudioFlinger's thread 0xb6033008 ready to run

W/AudioFlinger(   57): Thread AudioOut_2 cannot connect to the power manager service

W/AudioFlinger(   57): Thread AudioOut_2 cannot connect to the power manager service

W/AudioFlinger(   57): Thread AudioOut_2 cannot connect to the power manager service

E/AudioFlinger(   57): no wake lock to update!

E/AudioFlinger(   57): int android::load_audio_interface(const char*, audio_hw_device_t**) couldn't load audio hw module audio.r_submix (No such file or directory)

I/AudioFlinger(   57): loadHwModule() error -2 loading module r_submix 

W/AudioPolicyManagerBase(   57): could not open HW module r_submix

I/AudioPolicyService(   57): Loaded audio policy from LEGACY Audio Policy HAL (audio_policy)

D/AndroidRuntime(   55): 

D/AndroidRuntime(   55): >>>>>> AndroidRuntime START com.android.internal.os.ZygoteInit <<<<<<

D/AndroidRuntime(   55): CheckJNI is ON

D/dalvikvm(   55): Trying to load lib libjavacore.so 0x0

D/dalvikvm(   55): Added shared lib libjavacore.so 0x0

D/dalvikvm(   55): Trying to load lib libnativehelper.so 0x0

D/dalvikvm(   55): Added shared lib libnativehelper.so 0x0

D/dalvikvm(   55): No JNI_OnLoad found in libnativehelper.so 0x0, skipping init

E/SurfaceFlinger(   54): ro.sf.lcd_density must be defined as a build property

D/libEGL  (   98): Emulator without GPU support detected. Fallback to software renderer.

D/libEGL  (   98): loaded /system/lib/egl/libGLES_android.so

D/gralloc_goldfish(   98): Emulator without GPU emulation detected.

D/dalvikvm(   55): Note: class Landroid/app/ActivityManagerNative; has 179 unimplemented (abstract) methods

I/ARMAssembler(   98): generated scanline__00000077:03010102_00000A01_00000000 [  9 ipp] (30 ins) at [0xb5ee91f0:0xb5ee9268] in 0 ns

I/ARMAssembler(   98): generated scanline__00000077:03545402_00000A01_00000000 [ 31 ipp] (52 ins) at [0xb5ee9270:0xb5ee9340] in 10000000 ns

E/memtrack(   55): Couldn't load memtrack module (No such file or directory)

E/android.os.Debug(   55): failed to load memtrack module: -2

I/SamplingProfilerIntegration(   55): Profiling disabled.

I/Zygote  (   55): Preloading classes...

D/dalvikvm(   55): WAIT_FOR_CONCURRENT_GC blocked 10ms

D/dalvikvm(   55): GC_EXPLICIT freed 39K, 8% free 520K/564K, paused 3ms+13ms, total 28ms

D/dalvikvm(   55): GC_EXPLICIT freed 2K, 4% free 594K/616K, paused 2ms+5ms, total 19ms

D/dalvikvm(   55): GC_EXPLICIT freed 16K, 3% free 637K/656K, paused 1ms+1ms, total 22ms

D/dalvikvm(   55): GC_EXPLICIT freed 20K, 4% free 671K/696K, paused 2ms+1ms, total 13ms

D/dalvikvm(   55): GC_EXPLICIT freed 10K, 3% free 715K/732K, paused 1ms+1ms, total 33ms

D/dalvikvm(   55): GC_EXPLICIT freed 27K, 5% free 744K/776K, paused 1ms+22ms, total 33ms

D/dalvikvm(   55): GC_EXPLICIT freed 35K, 5% free 813K/852K, paused 2ms+1ms, total 35ms

D/dalvikvm(   55): WAIT_FOR_CONCURRENT_GC blocked 1ms

D/dalvikvm(   55): GC_EXPLICIT freed 29K, 4% free 840K/872K, paused 2ms+1ms, total 25ms

V/NatController(   51): runCmd(/system/bin/iptables -F natctrl_FORWARD) res=0

V/NatController(   51): runCmd(/system/bin/iptables -A natctrl_FORWARD -j DROP) res=0

V/NatController(   51): runCmd(/system/bin/iptables -t nat -F natctrl_nat_POSTROUTING) res=0

E/logwrapper(  296): executing /system/bin/ip failed: No such file or directory

V/NatController(   51): runCmd(/system/bin/ip rule flush) res=255

E/logwrapper(  297): executing /system/bin/ip failed: No such file or directory

V/NatController(   51): runCmd(/system/bin/ip -6 rule flush) res=255

E/logwrapper(  298): executing /system/bin/ip failed: No such file or directory

V/NatController(   51): runCmd(/system/bin/ip rule add from all lookup default prio 32767) res=255

E/logwrapper(  299): executing /system/bin/ip failed: No such file or directory

V/NatController(   51): runCmd(/system/bin/ip rule add from all lookup main prio 32766) res=255

E/logwrapper(  300): executing /system/bin/ip failed: No such file or directory

V/NatController(   51): runCmd(/system/bin/ip -6 rule add from all lookup default prio 32767) res=255

E/logwrapper(  301): executing /system/bin/ip failed: No such file or directory

V/NatController(   51): runCmd(/system/bin/ip -6 rule add from all lookup main prio 32766) res=255

E/logwrapper(  302): executing /system/bin/ip failed: No such file or directory

V/NatController(   51): runCmd(/system/bin/ip route flush cache) res=255

V/NatController(   51): runCmd(/system/bin/iptables -F natctrl_tether_counters) res=1

V/NatController(   51): runCmd(/system/bin/iptables -X natctrl_tether_counters) res=1

V/NatController(   51): runCmd(/system/bin/iptables -N natctrl_tether_counters) res=0

D/TextLayoutCache(   55): Using debug level = 0 - Debug Enabled = 0

D/dalvikvm(   55): GC_EXPLICIT freed 19K, 3% free 881K/904K, paused 13ms+4ms, total 50ms

I/dalvikvm(   55): threadid=1: recursive native library load attempt (/system/lib/libmedia_jni.so)

D/MtpDeviceJNI(   55): register_android_mtp_MtpDevice

I/dalvikvm(   55): threadid=1: recursive native library load attempt (/system/lib/libmedia_jni.so)

I/dalvikvm(   55): threadid=1: recursive native library load attempt (/system/lib/libmedia_jni.so)

I/dalvikvm(   55): threadid=1: recursive native library load attempt (/system/lib/libmedia_jni.so)

D/dalvikvm(   55): GC_EXPLICIT freed 19K, 3% free 917K/940K, paused 2ms+2ms, total 25ms

W/dalvikvm(   55): Exception Ljava/lang/UnsatisfiedLinkError; thrown while initializing Landroid/media/videoeditor/MediaArtistNativeHelper;

W/Zygote  (   55): Class not found for preloading: android.media.videoeditor.MediaArtistNativeHelper

D/dalvikvm(   55): GC_EXPLICIT freed 25K, 3% free 948K/976K, paused 2ms+3ms, total 23ms

D/dalvikvm(   55): GC_EXPLICIT freed 16K, 2% free 985K/1004K, paused 2ms+2ms, total 38ms

D/dalvikvm(   55): WAIT_FOR_CONCURRENT_GC blocked 1ms

D/dalvikvm(   55): GC_EXPLICIT freed 27K, 4% free 1011K/1044K, paused 2ms+1ms, total 32ms

D/dalvikvm(   55): GC_EXPLICIT freed 12K, 2% free 1063K/1080K, paused 10ms+2ms, total 28ms

E/EmojiFactory_jni(   55): Failed to load libemoji.so: dlopen failed: library "libemoji.so" not found

D/dalvikvm(   55): GC_EXPLICIT freed 30K, 3% free 1378K/1412K, paused 4ms+3ms, total 44ms

D/dalvikvm(   55): GC_EXPLICIT freed 35K, 3% free 1402K/1440K, paused 3ms+14ms, total 55ms

D/dalvikvm(   55): GC_EXPLICIT freed 30K, 3% free 1427K/1460K, paused 14ms+34ms, total 99ms

D/dalvikvm(   55): GC_EXPLICIT freed 38K, 3% free 1444K/1484K, paused 5ms+16ms, total 1099ms

I/LibraryLoader(   55): loading: webviewchromium

I/LibraryLoader(   55): loaded: webviewchromium

D/dalvikvm(   55): GC_EXPLICIT freed 16K, 2% free 1487K/1504K, paused 16ms+3ms, total 101ms

D/dalvikvm(   55): GC_EXPLICIT freed 24K, 2% free 1515K/1544K, paused 4ms+3ms, total 67ms

D/dalvikvm(   55): GC_EXPLICIT freed 81K, 6% free 1563K/1648K, paused 5ms+19ms, total 1112ms

D/dalvikvm(   55): GC_EXPLICIT freed 36K, 5% free 1582K/1648K, paused 4ms+4ms, total 74ms

D/dalvikvm(   55): GC_EXPLICIT freed 31K, 3% free 1607K/1648K, paused 4ms+13ms, total 86ms

D/MDnsDS  (   51): MDnsSdListener starting to monitor

D/MDnsDS  (   51): Going to poll with pollCount 1

D/MDnsDS  (   51): MDnsSdListener::Hander starting up

D/dalvikvm(   55): GC_EXPLICIT freed 19K, 2% free 1669K/1692K, paused 4ms+5ms, total 72ms

D/dalvikvm(   55): GC_EXPLICIT freed 23K, 2% free 1701K/1732K, paused 5ms+6ms, total 42ms

D/dalvikvm(   55): WAIT_FOR_CONCURRENT_GC blocked 1ms

D/dalvikvm(   55): GC_EXPLICIT freed 29K, 2% free 1727K/1760K, paused 5ms+4ms, total 41ms

D/dalvikvm(   55): GC_FOR_ALLOC freed 250K, 12% free 1987K/2240K, paused 71ms, total 72ms

D/dalvikvm(   55): GC_EXPLICIT freed 209K, 10% free 2108K/2324K, paused 11ms+9ms, total 1097ms

D/dalvikvm(   55): GC_EXPLICIT freed 35K, 9% free 2127K/2324K, paused 5ms+4ms, total 48ms

D/dalvikvm(   55): GC_EXPLICIT freed 25K, 8% free 2160K/2332K, paused 4ms+4ms, total 52ms

W/Zygote  (   55): Class not found for preloading: java.lang.UnsafeByteSequence

D/dalvikvm(   55): GC_EXPLICIT freed 37K, 7% free 2180K/2332K, paused 5ms+5ms, total 57ms

D/dalvikvm(   55): GC_EXPLICIT freed 40K, 6% free 2197K/2332K, paused 5ms+6ms, total 52ms

D/dalvikvm(   55): GC_EXPLICIT freed 42K, 6% free 2210K/2332K, paused 6ms+4ms, total 57ms

I/System  (   55): Loaded time zone names for "" in 610ms (579ms in ICU)

I/System  (   55): Loaded time zone names for "en_US" in 437ms (389ms in ICU)

D/dalvikvm(   55): GC_EXPLICIT freed 204K, 9% free 2378K/2600K, paused 4ms+4ms, total 52ms

D/dalvikvm(   55): GC_EXPLICIT freed 14K, 7% free 2441K/2600K, paused 5ms+4ms, total 53ms

W/SurfaceFlinger(   54): Timed out waiting for hw vsync; faking it

D/dalvikvm(   55): GC_EXPLICIT freed 30K, 6% free 2467K/2600K, paused 5ms+5ms, total 1117ms

D/dalvikvm(   55): GC_EXPLICIT freed 34K, 5% free 2487K/2600K, paused 16ms+16ms, total 138ms

D/dalvikvm(   55): GC_EXPLICIT freed 32K, 4% free 2509K/2600K, paused 8ms+13ms, total 95ms

D/dalvikvm(   55): GC_EXPLICIT freed 29K, 3% free 2534K/2600K, paused 6ms+8ms, total 86ms

I/Zygote  (   55): ...preloaded 2776 classes in 43815ms.

D/dalvikvm(   55): GC_EXPLICIT freed 18K, 3% free 2536K/2600K, paused 5ms+4ms, total 56ms

I/Zygote  (   55): Preloading resources...

W/Resources(   55): Preloaded drawable resource #0x1080096 (android:drawable/toast_frame) that varies with configuration!!

W/Resources(   55): Preloaded drawable resource #0x1080105 (android:drawable/btn_check_on_pressed_holo_light) that varies with configuration!!

W/Resources(   55): Preloaded drawable resource #0x1080104 (android:drawable/btn_check_on_pressed_holo_dark) that varies with configuration!!

D/dalvikvm(   55): GC_EXPLICIT freed 22K, 3% free 2565K/2636K, paused 7ms+9ms, total 123ms

W/Resources(   55): Preloaded drawable resource #0x1080102 (android:drawable/btn_check_on_holo_light) that varies with configuration!!

W/Resources(   55): Preloaded drawable resource #0x1080101 (android:drawable/btn_check_on_holo_dark) that varies with configuration!!

W/Resources(   55): Preloaded drawable resource #0x10800ff (android:drawable/btn_check_on_focused_holo_light) that varies with configuration!!

W/Resources(   55): Preloaded drawable resource #0x10800fe (android:drawable/btn_check_on_focused_holo_dark) that varies with configuration!!

W/Resources(   55): Preloaded drawable resource #0x10800fd (android:drawable/btn_check_on_disabled_holo_light) that varies with configuration!!

D/dalvikvm(   55): GC_EXPLICIT freed 73K, 5% free 2547K/2672K, paused 6ms+8ms, total 68ms

W/Resources(   55): Preloaded drawable resource #0x10800fc (android:drawable/btn_check_on_disabled_holo_dark) that varies with configuration!!

W/Resources(   55): Preloaded drawable resource #0x10800fb (android:drawable/btn_check_on_disabled_focused_holo_light) that varies with configuration!!

W/Resources(   55): Preloaded drawable resource #0x10800fa (android:drawable/btn_check_on_disabled_focused_holo_dark) that varies with configuration!!

W/Resources(   55): Preloaded drawable resource #0x10800f2 (android:drawable/btn_check_off_pressed_holo_light) that varies with configuration!!

W/Resources(   55): Preloaded drawable resource #0x10800f1 (android:drawable/btn_check_off_pressed_holo_dark) that varies with configuration!!

D/dalvikvm(   55): GC_EXPLICIT freed 53K, 5% free 2547K/2672K, paused 7ms+8ms, total 97ms

W/Resources(   55): Preloaded drawable resource #0x10800ed (android:drawable/btn_check_off_holo_light) that varies with configuration!!

W/Resources(   55): Preloaded drawable resource #0x10800ec (android:drawable/btn_check_off_holo_dark) that varies with configuration!!

W/Resources(   55): Preloaded drawable resource #0x10800ea (android:drawable/btn_check_off_focused_holo_light) that varies with configuration!!

W/Resources(   55): Preloaded drawable resource #0x10800e9 (android:drawable/btn_check_off_focused_holo_dark) that varies with configuration!!

W/Resources(   55): Preloaded drawable resource #0x10800e8 (android:drawable/btn_check_off_disabled_holo_light) that varies with configuration!!

D/dalvikvm(   55): GC_EXPLICIT freed 53K, 5% free 2548K/2672K, paused 10ms+7ms, total 108ms

W/Resources(   55): Preloaded drawable resource #0x10800e7 (android:drawable/btn_check_off_disabled_holo_dark) that varies with configuration!!

W/Resources(   55): Preloaded drawable resource #0x10800e6 (android:drawable/btn_check_off_disabled_focused_holo_light) that varies with configuration!!

W/Resources(   55): Preloaded drawable resource #0x10800e5 (android:drawable/btn_check_off_disabled_focused_holo_dark) that varies with configuration!!

W/Resources(   55): Preloaded drawable resource #0x1080102 (android:drawable/btn_check_on_holo_light) that varies with configuration!!

W/Resources(   55): Preloaded drawable resource #0x10800ed (android:drawable/btn_check_off_holo_light) that varies with configuration!!

W/Resources(   55): Preloaded drawable resource #0x1080105 (android:drawable/btn_check_on_pressed_holo_light) that varies with configuration!!

W/Resources(   55): Preloaded drawable resource #0x10800f2 (android:drawable/btn_check_off_pressed_holo_light) that varies with configuration!!

W/Resources(   55): Preloaded drawable resource #0x10800ff (android:drawable/btn_check_on_focused_holo_light) that varies with configuration!!

W/Resources(   55): Preloaded drawable resource #0x10800ea (android:drawable/btn_check_off_focused_holo_light) that varies with configuration!!

W/Resources(   55): Preloaded drawable resource #0x10800ed (android:drawable/btn_check_off_holo_light) that varies with configuration!!

W/Resources(   55): Preloaded drawable resource #0x1080102 (android:drawable/btn_check_on_holo_light) that varies with configuration!!

W/Resources(   55): Preloaded drawable resource #0x10800fd (android:drawable/btn_check_on_disabled_holo_light) that varies with configuration!!

W/Resources(   55): Preloaded drawable resource #0x10800e8 (android:drawable/btn_check_off_disabled_holo_light) that varies with configuration!!

W/Resources(   55): Preloaded drawable resource #0x10800fb (android:drawable/btn_check_on_disabled_focused_holo_light) that varies with configuration!!

W/Resources(   55): Preloaded drawable resource #0x10800e6 (android:drawable/btn_check_off_disabled_focused_holo_light) that varies with configuration!!

W/Resources(   55): Preloaded drawable resource #0x10800e8 (android:drawable/btn_check_off_disabled_holo_light) that varies with configuration!!

W/Resources(   55): Preloaded drawable resource #0x10800fd (android:drawable/btn_check_on_disabled_holo_light) that varies with configuration!!

W/Resources(   55): Preloaded drawable resource #0x10800dc (android:drawable/btn_check_holo_light) that varies with configuration!!

D/dalvikvm(   55): GC_EXPLICIT freed 181K, 8% free 2553K/2756K, paused 15ms+16ms, total 118ms

W/Resources(   55): Preloaded drawable resource #0x1080101 (android:drawable/btn_check_on_holo_dark) that varies with configuration!!

W/Resources(   55): Preloaded drawable resource #0x10800ec (android:drawable/btn_check_off_holo_dark) that varies with configuration!!

W/Resources(   55): Preloaded drawable resource #0x1080104 (android:drawable/btn_check_on_pressed_holo_dark) that varies with configuration!!

W/Resources(   55): Preloaded drawable resource #0x10800f1 (android:drawable/btn_check_off_pressed_holo_dark) that varies with configuration!!

W/Resources(   55): Preloaded drawable resource #0x10800fe (android:drawable/btn_check_on_focused_holo_dark) that varies with configuration!!

W/Resources(   55): Preloaded drawable resource #0x10800e9 (android:drawable/btn_check_off_focused_holo_dark) that varies with configuration!!

W/Resources(   55): Preloaded drawable resource #0x10800ec (android:drawable/btn_check_off_holo_dark) that varies with configuration!!

W/Resources(   55): Preloaded drawable resource #0x1080101 (android:drawable/btn_check_on_holo_dark) that varies with configuration!!

W/Resources(   55): Preloaded drawable resource #0x10800fc (android:drawable/btn_check_on_disabled_holo_dark) that varies with configuration!!

W/Resources(   55): Preloaded drawable resource #0x10800e7 (android:drawable/btn_check_off_disabled_holo_dark) that varies with configuration!!

W/Resources(   55): Preloaded drawable resource #0x10800fa (android:drawable/btn_check_on_disabled_focused_holo_dark) that varies with configuration!!

W/Resources(   55): Preloaded drawable resource #0x10800e5 (android:drawable/btn_check_off_disabled_focused_holo_dark) that varies with configuration!!

W/Resources(   55): Preloaded drawable resource #0x10800e7 (android:drawable/btn_check_off_disabled_holo_dark) that varies with configuration!!

W/Resources(   55): Preloaded drawable resource #0x10800fc (android:drawable/btn_check_on_disabled_holo_dark) that varies with configuration!!

W/Resources(   55): Preloaded drawable resource #0x10800db (android:drawable/btn_check_holo_dark) that varies with configuration!!

D/dalvikvm(   55): GC_EXPLICIT freed 153K, 8% free 2553K/2756K, paused 7ms+5ms, total 105ms

W/Resources(   55): Preloaded drawable resource #0x1080195 (android:drawable/btn_radio_on_pressed_holo_light) that varies with configuration!!

W/Resources(   55): Preloaded drawable resource #0x1080194 (android:drawable/btn_radio_on_pressed_holo_dark) that varies with configuration!!

W/Resources(   55): Preloaded drawable resource #0x1080192 (android:drawable/btn_radio_on_holo_light) that varies with configuration!!

W/Resources(   55): Preloaded drawable resource #0x1080191 (android:drawable/btn_radio_on_holo_dark) that varies with configuration!!

W/Resources(   55): Preloaded drawable resource #0x108018f (android:drawable/btn_radio_on_focused_holo_light) that varies with configuration!!

D/dalvikvm(   55): GC_EXPLICIT freed 56K, 8% free 2551K/2756K, paused 16ms+15ms, total 91ms

W/Resources(   55): Preloaded drawable resource #0x108018e (android:drawable/btn_radio_on_focused_holo_dark) that varies with configuration!!

W/Resources(   55): Preloaded drawable resource #0x108018d (android:drawable/btn_radio_on_disabled_holo_light) that varies with configuration!!

W/Resources(   55): Preloaded drawable resource #0x108018c (android:drawable/btn_radio_on_disabled_holo_dark) that varies with configuration!!

W/Resources(   55): Preloaded drawable resource #0x108018b (android:drawable/btn_radio_on_disabled_focused_holo_light) that varies with configuration!!

W/Resources(   55): Preloaded drawable resource #0x108018a (android:drawable/btn_radio_on_disabled_focused_holo_dark) that varies with configuration!!

D/dalvikvm(   55): GC_EXPLICIT freed 53K, 8% free 2552K/2756K, paused 9ms+5ms, total 98ms

W/Resources(   55): Preloaded drawable resource #0x1080187 (android:drawable/btn_radio_off_pressed_holo_light) that varies with configuration!!

W/Resources(   55): Preloaded drawable resource #0x1080186 (android:drawable/btn_radio_off_pressed_holo_dark) that varies with configuration!!

W/Resources(   55): Preloaded drawable resource #0x1080184 (android:drawable/btn_radio_off_holo_light) that varies with configuration!!

W/Resources(   55): Preloaded drawable resource #0x1080183 (android:drawable/btn_radio_off_holo_dark) that varies with configuration!!

W/Resources(   55): Preloaded drawable resource #0x1080181 (android:drawable/btn_radio_off_focused_holo_light) that varies with configuration!!

D/dalvikvm(   55): GC_EXPLICIT freed 53K, 8% free 2553K/2756K, paused 18ms+5ms, total 124ms

W/Resources(   55): Preloaded drawable resource #0x1080180 (android:drawable/btn_radio_off_focused_holo_dark) that varies with configuration!!

W/Resources(   55): Preloaded drawable resource #0x108017f (android:drawable/btn_radio_off_disabled_holo_light) that varies with configuration!!

W/Resources(   55): Preloaded drawable resource #0x108017e (android:drawable/btn_radio_off_disabled_holo_dark) that varies with configuration!!

W/Resources(   55): Preloaded drawable resource #0x108017d (android:drawable/btn_radio_off_disabled_focused_holo_light) that varies with configuration!!

W/Resources(   55): Preloaded drawable resource #0x108017c (android:drawable/btn_radio_off_disabled_focused_holo_dark) that varies with configuration!!

D/dalvikvm(   55): GC_EXPLICIT freed 53K, 8% free 2554K/2756K, paused 6ms+8ms, total 86ms

W/Resources(   55): Preloaded drawable resource #0x1080128 (android:drawable/btn_default_pressed_holo_light) that varies with configuration!!

W/Resources(   55): Preloaded drawable resource #0x1080127 (android:drawable/btn_default_pressed_holo_dark) that varies with configuration!!

W/Resources(   55): Preloaded drawable resource #0x1080124 (android:drawable/btn_default_normal_holo_light) that varies with configuration!!

W/Resources(   55): Preloaded drawable resource #0x1080123 (android:drawable/btn_default_normal_holo_dark) that varies with configuration!!

W/Resources(   55): Preloaded drawable resource #0x108011c (android:drawable/btn_default_focused_holo_light) that varies with configuration!!

W/Resources(   55): Preloaded drawable resource #0x108011b (android:drawable/btn_default_focused_holo_dark) that varies with configuration!!

D/dalvikvm(   55): GC_EXPLICIT freed 9K, 6% free 2600K/2756K, paused 5ms+5ms, total 89ms

W/Resources(   55): Preloaded drawable resource #0x1080119 (android:drawable/btn_default_disabled_holo_light) that varies with configuration!!

W/Resources(   55): Preloaded drawable resource #0x1080118 (android:drawable/btn_default_disabled_holo_dark) that varies with configuration!!

W/Resources(   55): Preloaded drawable resource #0x1080116 (android:drawable/btn_default_disabled_focused_holo_light) that varies with configuration!!

W/Resources(   55): Preloaded drawable resource #0x1080115 (android:drawable/btn_default_disabled_focused_holo_dark) that varies with configuration!!

W/Resources(   55): Preloaded drawable resource #0x1080123 (android:drawable/btn_default_normal_holo_dark) that varies with configuration!!

W/Resources(   55): Preloaded drawable resource #0x1080118 (android:drawable/btn_default_disabled_holo_dark) that varies with configuration!!

W/Resources(   55): Preloaded drawable resource #0x1080127 (android:drawable/btn_default_pressed_holo_dark) that varies with configuration!!

W/Resources(   55): Preloaded drawable resource #0x108011b (android:drawable/btn_default_focused_holo_dark) that varies with configuration!!

W/Resources(   55): Preloaded drawable resource #0x1080123 (android:drawable/btn_default_normal_holo_dark) that varies with configuration!!

W/Resources(   55): Preloaded drawable resource #0x1080115 (android:drawable/btn_default_disabled_focused_holo_dark) that varies with configuration!!

W/Resources(   55): Preloaded drawable resource #0x1080118 (android:drawable/btn_default_disabled_holo_dark) that varies with configuration!!

W/Resources(   55): Preloaded drawable resource #0x108011d (android:drawable/btn_default_holo_dark) that varies with configuration!!

D/dalvikvm(   55): GC_EXPLICIT freed 63K, 5% free 2640K/2756K, paused 12ms+16ms, total 98ms

W/Resources(   55): Preloaded drawable resource #0x1080124 (android:drawable/btn_default_normal_holo_light) that varies with configuration!!

W/Resources(   55): Preloaded drawable resource #0x1080119 (android:drawable/btn_default_disabled_holo_light) that varies with configuration!!

W/Resources(   55): Preloaded drawable resource #0x1080128 (android:drawable/btn_default_pressed_holo_light) that varies with configuration!!

W/Resources(   55): Preloaded drawable resource #0x108011c (android:drawable/btn_default_focused_holo_light) that varies with configuration!!

W/Resources(   55): Preloaded drawable resource #0x1080124 (android:drawable/btn_default_normal_holo_light) that varies with configuration!!

W/Resources(   55): Preloaded drawable resource #0x1080116 (android:drawable/btn_default_disabled_focused_holo_light) that varies with configuration!!

W/Resources(   55): Preloaded drawable resource #0x1080119 (android:drawable/btn_default_disabled_holo_light) that varies with configuration!!

W/Resources(   55): Preloaded drawable resource #0x108011e (android:drawable/btn_default_holo_light) that varies with configuration!!

D/dalvikvm(   55): GC_EXPLICIT freed 97K, 6% free 2609K/2756K, paused 5ms+5ms, total 91ms

W/Resources(   55): Preloaded drawable resource #0x10801d1 (android:drawable/btn_star_off_normal_holo_light) that varies with configuration!!

W/Resources(   55): Preloaded drawable resource #0x10801db (android:drawable/btn_star_on_normal_holo_light) that varies with configuration!!

W/Resources(   55): Preloaded drawable resource #0x10801d7 (android:drawable/btn_star_on_disabled_holo_light) that varies with configuration!!

W/Resources(   55): Preloaded drawable resource #0x10801cd (android:drawable/btn_star_off_disabled_holo_light) that varies with configuration!!

W/Resources(   55): Preloaded drawable resource #0x10801dd (android:drawable/btn_star_on_pressed_holo_light) that varies with configuration!!

D/dalvikvm(   55): GC_EXPLICIT freed 106K, 8% free 2557K/2756K, paused 8ms+1010ms, total 1092ms

W/Resources(   55): Preloaded drawable resource #0x10801d3 (android:drawable/btn_star_off_pressed_holo_light) that varies with configuration!!

W/Resources(   55): Preloaded drawable resource #0x10801d9 (android:drawable/btn_star_on_focused_holo_light) that varies with configuration!!

W/Resources(   55): Preloaded drawable resource #0x10801cf (android:drawable/btn_star_off_focused_holo_light) that varies with configuration!!

W/Resources(   55): Preloaded drawable resource #0x10801d5 (android:drawable/btn_star_on_disabled_focused_holo_light) that varies with configuration!!

W/Resources(   55): Preloaded drawable resource #0x10801cb (android:drawable/btn_star_off_disabled_focused_holo_light) that varies with configuration!!

D/dalvikvm(   55): GC_EXPLICIT freed 54K, 8% free 2558K/2756K, paused 21ms+6ms, total 112ms

W/Resources(   55): Preloaded drawable resource #0x10801d1 (android:drawable/btn_star_off_normal_holo_light) that varies with configuration!!

W/Resources(   55): Preloaded drawable resource #0x10801db (android:drawable/btn_star_on_normal_holo_light) that varies with configuration!!

W/Resources(   55): Preloaded drawable resource #0x10801d7 (android:drawable/btn_star_on_disabled_holo_light) that varies with configuration!!

W/Resources(   55): Preloaded drawable resource #0x10801cd (android:drawable/btn_star_off_disabled_holo_light) that varies with configuration!!

W/Resources(   55): Preloaded drawable resource #0x10801dd (android:drawable/btn_star_on_pressed_holo_light) that varies with configuration!!

W/Resources(   55): Preloaded drawable resource #0x10801d3 (android:drawable/btn_star_off_pressed_holo_light) that varies with configuration!!

W/Resources(   55): Preloaded drawable resource #0x10801d9 (android:drawable/btn_star_on_focused_holo_light) that varies with configuration!!

W/Resources(   55): Preloaded drawable resource #0x10801cf (android:drawable/btn_star_off_focused_holo_light) that varies with configuration!!

W/Resources(   55): Preloaded drawable resource #0x10801d5 (android:drawable/btn_star_on_disabled_focused_holo_light) that varies with configuration!!

W/Resources(   55): Preloaded drawable resource #0x10801d7 (android:drawable/btn_star_on_disabled_holo_light) that varies with configuration!!

W/Resources(   55): Preloaded drawable resource #0x10801cb (android:drawable/btn_star_off_disabled_focused_holo_light) that varies with configuration!!

W/Resources(   55): Preloaded drawable resource #0x10801cd (android:drawable/btn_star_off_disabled_holo_light) that varies with configuration!!

W/Resources(   55): Preloaded drawable resource #0x10801d1 (android:drawable/btn_star_off_normal_holo_light) that varies with configuration!!

W/Resources(   55): Preloaded drawable resource #0x10801db (android:drawable/btn_star_on_normal_holo_light) that varies with configuration!!

W/Resources(   55): Preloaded drawable resource #0x10801c8 (android:drawable/btn_star_holo_light) that varies with configuration!!

D/dalvikvm(   55): GC_EXPLICIT freed 150K, 8% free 2561K/2756K, paused 6ms+16ms, total 111ms

W/Resources(   55): Preloaded drawable resource #0x10801d0 (android:drawable/btn_star_off_normal_holo_dark) that varies with configuration!!

W/Resources(   55): Preloaded drawable resource #0x10801da (android:drawable/btn_star_on_normal_holo_dark) that varies with configuration!!

W/Resources(   55): Preloaded drawable resource #0x10801d6 (android:drawable/btn_star_on_disabled_holo_dark) that varies with configuration!!

W/Resources(   55): Preloaded drawable resource #0x10801cc (android:drawable/btn_star_off_disabled_holo_dark) that varies with configuration!!

W/Resources(   55): Preloaded drawable resource #0x10801dc (android:drawable/btn_star_on_pressed_holo_dark) that varies with configuration!!

D/dalvikvm(   55): GC_EXPLICIT freed 56K, 8% free 2559K/2756K, paused 15ms+5ms, total 107ms

W/Resources(   55): Preloaded drawable resource #0x10801d2 (android:drawable/btn_star_off_pressed_holo_dark) that varies with configuration!!

W/Resources(   55): Preloaded drawable resource #0x10801d8 (android:drawable/btn_star_on_focused_holo_dark) that varies with configuration!!

W/Resources(   55): Preloaded drawable resource #0x10801ce (android:drawable/btn_star_off_focused_holo_dark) that varies with configuration!!

W/Resources(   55): Preloaded drawable resource #0x10801d4 (android:drawable/btn_star_on_disabled_focused_holo_dark) that varies with configuration!!

W/Resources(   55): Preloaded drawable resource #0x10801ca (android:drawable/btn_star_off_disabled_focused_holo_dark) that varies with configuration!!

D/dalvikvm(   55): GC_EXPLICIT freed 53K, 8% free 2560K/2756K, paused 5ms+7ms, total 87ms

W/Resources(   55): Preloaded drawable resource #0x10801d0 (android:drawable/btn_star_off_normal_holo_dark) that varies with configuration!!

W/Resources(   55): Preloaded drawable resource #0x10801da (android:drawable/btn_star_on_normal_holo_dark) that varies with configuration!!

W/Resources(   55): Preloaded drawable resource #0x10801d6 (android:drawable/btn_star_on_disabled_holo_dark) that varies with configuration!!

W/Resources(   55): Preloaded drawable resource #0x10801cc (android:drawable/btn_star_off_disabled_holo_dark) that varies with configuration!!

W/Resources(   55): Preloaded drawable resource #0x10801dc (android:drawable/btn_star_on_pressed_holo_dark) that varies with configuration!!

W/Resources(   55): Preloaded drawable resource #0x10801d2 (android:drawable/btn_star_off_pressed_holo_dark) that varies with configuration!!

W/Resources(   55): Preloaded drawable resource #0x10801d8 (android:drawable/btn_star_on_focused_holo_dark) that varies with configuration!!

W/Resources(   55): Preloaded drawable resource #0x10801ce (android:drawable/btn_star_off_focused_holo_dark) that varies with configuration!!

W/Resources(   55): Preloaded drawable resource #0x10801d4 (android:drawable/btn_star_on_disabled_focused_holo_dark) that varies with configuration!!

W/Resources(   55): Preloaded drawable resource #0x10801d6 (android:drawable/btn_star_on_disabled_holo_dark) that varies with configuration!!

W/Resources(   55): Preloaded drawable resource #0x10801ca (android:drawable/btn_star_off_disabled_focused_holo_dark) that varies with configuration!!

W/Resources(   55): Preloaded drawable resource #0x10801cc (android:drawable/btn_star_off_disabled_holo_dark) that varies with configuration!!

W/Resources(   55): Preloaded drawable resource #0x10801d0 (android:drawable/btn_star_off_normal_holo_dark) that varies with configuration!!

W/Resources(   55): Preloaded drawable resource #0x10801da (android:drawable/btn_star_on_normal_holo_dark) that varies with configuration!!

W/Resources(   55): Preloaded drawable resource #0x10801c7 (android:drawable/btn_star_holo_dark) that varies with configuration!!

D/dalvikvm(   55): GC_EXPLICIT freed 150K, 7% free 2563K/2756K, paused 15ms+6ms, total 119ms

W/Resources(   55): Preloaded drawable resource #0x10801f7 (android:drawable/btn_toggle_on_pressed_holo_light) that varies with configuration!!

W/Resources(   55): Preloaded drawable resource #0x10801f6 (android:drawable/btn_toggle_on_pressed_holo_dark) that varies with configuration!!

W/Resources(   55): Preloaded drawable resource #0x10801f5 (android:drawable/btn_toggle_on_normal_holo_light) that varies with configuration!!

W/Resources(   55): Preloaded drawable resource #0x10801f4 (android:drawable/btn_toggle_on_normal_holo_dark) that varies with configuration!!

W/Resources(   55): Preloaded drawable resource #0x10801f3 (android:drawable/btn_toggle_on_focused_holo_light) that varies with configuration!!

W/Resources(   55): Preloaded drawable resource #0x10801f2 (android:drawable/btn_toggle_on_focused_holo_dark) that varies with configuration!!

D/dalvikvm(   55): GC_EXPLICIT freed 12K, 6% free 2607K/2756K, paused 10ms+6ms, total 110ms

W/Resources(   55): Preloaded drawable resource #0x10801f1 (android:drawable/btn_toggle_on_disabled_holo_light) that varies with configuration!!

W/Resources(   55): Preloaded drawable resource #0x10801f0 (android:drawable/btn_toggle_on_disabled_holo_dark) that varies with configuration!!

W/Resources(   55): Preloaded drawable resource #0x10801ef (android:drawable/btn_toggle_on_disabled_focused_holo_light) that varies with configuration!!

W/Resources(   55): Preloaded drawable resource #0x10801ee (android:drawable/btn_toggle_on_disabled_focused_holo_dark) that varies with configuration!!

W/Resources(   55): Preloaded drawable resource #0x10801ec (android:drawable/btn_toggle_off_pressed_holo_light) that varies with configuration!!

W/Resources(   55): Preloaded drawable resource #0x10801eb (android:drawable/btn_toggle_off_pressed_holo_dark) that varies with configuration!!

D/dalvikvm(   55): GC_EXPLICIT freed 55K, 6% free 2608K/2756K, paused 5ms+7ms, total 89ms

W/Resources(   55): Preloaded drawable resource #0x10801ea (android:drawable/btn_toggle_off_normal_holo_light) that varies with configuration!!

W/Resources(   55): Preloaded drawable resource #0x10801e9 (android:drawable/btn_toggle_off_normal_holo_dark) that varies with configuration!!

W/Resources(   55): Preloaded drawable resource #0x10801e8 (android:drawable/btn_toggle_off_focused_holo_light) that varies with configuration!!

W/Resources(   55): Preloaded drawable resource #0x10801e7 (android:drawable/btn_toggle_off_focused_holo_dark) that varies with configuration!!

W/Resources(   55): Preloaded drawable resource #0x10801e6 (android:drawable/btn_toggle_off_disabled_holo_light) that varies with configuration!!

W/Resources(   55): Preloaded drawable resource #0x10801e5 (android:drawable/btn_toggle_off_disabled_holo_dark) that varies with configuration!!

D/dalvikvm(   55): GC_EXPLICIT freed 55K, 6% free 2609K/2756K, paused 5ms+15ms, total 91ms

W/Resources(   55): Preloaded drawable resource #0x10801e4 (android:drawable/btn_toggle_off_disabled_focused_holo_light) that varies with configuration!!

W/Resources(   55): Preloaded drawable resource #0x10801e3 (android:drawable/btn_toggle_off_disabled_focused_holo_dark) that varies with configuration!!

W/Resources(   55): Preloaded drawable resource #0x10801f5 (android:drawable/btn_toggle_on_normal_holo_light) that varies with configuration!!

W/Resources(   55): Preloaded drawable resource #0x10801f1 (android:drawable/btn_toggle_on_disabled_holo_light) that varies with configuration!!

W/Resources(   55): Preloaded drawable resource #0x10801f7 (android:drawable/btn_toggle_on_pressed_holo_light) that varies with configuration!!

W/Resources(   55): Preloaded drawable resource #0x10801f3 (android:drawable/btn_toggle_on_focused_holo_light) that varies with configuration!!

W/Resources(   55): Preloaded drawable resource #0x10801f5 (android:drawable/btn_toggle_on_normal_holo_light) that varies with configuration!!

W/Resources(   55): Preloaded drawable resource #0x10801ef (android:drawable/btn_toggle_on_disabled_focused_holo_light) that varies with configuration!!

W/Resources(   55): Preloaded drawable resource #0x10801f1 (android:drawable/btn_toggle_on_disabled_holo_light) that varies with configuration!!

W/Resources(   55): Preloaded drawable resource #0x10801ea (android:drawable/btn_toggle_off_normal_holo_light) that varies with configuration!!

W/Resources(   55): Preloaded drawable resource #0x10801e6 (android:drawable/btn_toggle_off_disabled_holo_light) that varies with configuration!!

W/Resources(   55): Preloaded drawable resource #0x10801ec (android:drawable/btn_toggle_off_pressed_holo_light) that varies with configuration!!

W/Resources(   55): Preloaded drawable resource #0x10801e8 (android:drawable/btn_toggle_off_focused_holo_light) that varies with configuration!!

W/Resources(   55): Preloaded drawable resource #0x10801ea (android:drawable/btn_toggle_off_normal_holo_light) that varies with configuration!!

W/Resources(   55): Preloaded drawable resource #0x10801e4 (android:drawable/btn_toggle_off_disabled_focused_holo_light) that varies with configuration!!

W/Resources(   55): Preloaded drawable resource #0x10801e6 (android:drawable/btn_toggle_off_disabled_holo_light) that varies with configuration!!

W/Resources(   55): Preloaded drawable resource #0x10801e1 (android:drawable/btn_toggle_holo_light) that varies with configuration!!

D/dalvikvm(   55): GC_EXPLICIT freed 71K, 4% free 2688K/2776K, paused 16ms+22ms, total 109ms

W/Resources(   55): Preloaded drawable resource #0x10801f4 (android:drawable/btn_toggle_on_normal_holo_dark) that varies with configuration!!

W/Resources(   55): Preloaded drawable resource #0x10801f0 (android:drawable/btn_toggle_on_disabled_holo_dark) that varies with configuration!!

W/Resources(   55): Preloaded drawable resource #0x10801f6 (android:drawable/btn_toggle_on_pressed_holo_dark) that varies with configuration!!

W/Resources(   55): Preloaded drawable resource #0x10801f2 (android:drawable/btn_toggle_on_focused_holo_dark) that varies with configuration!!

W/Resources(   55): Preloaded drawable resource #0x10801f4 (android:drawable/btn_toggle_on_normal_holo_dark) that varies with configuration!!

W/Resources(   55): Preloaded drawable resource #0x10801ee (android:drawable/btn_toggle_on_disabled_focused_holo_dark) that varies with configuration!!

W/Resources(   55): Preloaded drawable resource #0x10801f0 (android:drawable/btn_toggle_on_disabled_holo_dark) that varies with configuration!!

W/Resources(   55): Preloaded drawable resource #0x10801e9 (android:drawable/btn_toggle_off_normal_holo_dark) that varies with configuration!!

W/Resources(   55): Preloaded drawable resource #0x10801e5 (android:drawable/btn_toggle_off_disabled_holo_dark) that varies with configuration!!

W/Resources(   55): Preloaded drawable resource #0x10801eb (android:drawable/btn_toggle_off_pressed_holo_dark) that varies with configuration!!

W/Resources(   55): Preloaded drawable resource #0x10801e7 (android:drawable/btn_toggle_off_focused_holo_dark) that varies with configuration!!

W/Resources(   55): Preloaded drawable resource #0x10801e9 (android:drawable/btn_toggle_off_normal_holo_dark) that varies with configuration!!

W/Resources(   55): Preloaded drawable resource #0x10801e3 (android:drawable/btn_toggle_off_disabled_focused_holo_dark) that varies with configuration!!

W/Resources(   55): Preloaded drawable resource #0x10801e5 (android:drawable/btn_toggle_off_disabled_holo_dark) that varies with configuration!!

W/Resources(   55): Preloaded drawable resource #0x10801e0 (android:drawable/btn_toggle_holo_dark) that varies with configuration!!

D/dalvikvm(   55): GC_EXPLICIT freed 147K, 6% free 2672K/2836K, paused 15ms+10ms, total 99ms

W/Resources(   55): Preloaded drawable resource #0x108064c (android:drawable/textfield_multiline_default_holo_light) that varies with configuration!!

W/Resources(   55): Preloaded drawable resource #0x1080650 (android:drawable/textfield_multiline_disabled_holo_light) that varies with configuration!!

W/Resources(   55): Preloaded drawable resource #0x108064a (android:drawable/textfield_multiline_activated_holo_light) that varies with configuration!!

W/Resources(   55): Preloaded drawable resource #0x1080652 (android:drawable/textfield_multiline_focused_holo_light) that varies with configuration!!

W/Resources(   55): Preloaded drawable resource #0x108064c (android:drawable/textfield_multiline_default_holo_light) that varies with configuration!!

W/Resources(   55): Preloaded drawable resource #0x108064e (android:drawable/textfield_multiline_disabled_focused_holo_light) that varies with configuration!!

W/Resources(   55): Preloaded drawable resource #0x1080650 (android:drawable/textfield_multiline_disabled_holo_light) that varies with configuration!!

W/Resources(   55): Preloaded drawable resource #0x108063f (android:drawable/textfield_default_holo_light) that varies with configuration!!

W/Resources(   55): Preloaded drawable resource #0x1080644 (android:drawable/textfield_disabled_holo_light) that varies with configuration!!

W/Resources(   55): Preloaded drawable resource #0x1080637 (android:drawable/textfield_activated_holo_light) that varies with configuration!!

W/Resources(   55): Preloaded drawable resource #0x1080647 (android:drawable/textfield_focused_holo_light) that varies with configuration!!

W/Resources(   55): Preloaded drawable resource #0x108063f (android:drawable/textfield_default_holo_light) that varies with configuration!!

W/Resources(   55): Preloaded drawable resource #0x1080642 (android:drawable/textfield_disabled_focused_holo_light) that varies with configuration!!

W/Resources(   55): Preloaded drawable resource #0x1080644 (android:drawable/textfield_disabled_holo_light) that varies with configuration!!

W/Resources(   55): Preloaded drawable resource #0x1080258 (android:drawable/edit_text_holo_light) that varies with configuration!!

D/dalvikvm(   55): GC_EXPLICIT freed 132K, 6% free 2673K/2836K, paused 18ms+8ms, total 96ms

W/Resources(   55): Preloaded drawable resource #0x108064b (android:drawable/textfield_multiline_default_holo_dark) that varies with configuration!!

W/Resources(   55): Preloaded drawable resource #0x108064f (android:drawable/textfield_multiline_disabled_holo_dark) that varies with configuration!!

W/Resources(   55): Preloaded drawable resource #0x1080649 (android:drawable/textfield_multiline_activated_holo_dark) that varies with configuration!!

W/Resources(   55): Preloaded drawable resource #0x1080651 (android:drawable/textfield_multiline_focused_holo_dark) that varies with configuration!!

W/Resources(   55): Preloaded drawable resource #0x108064b (android:drawable/textfield_multiline_default_holo_dark) that varies with configuration!!

W/Resources(   55): Preloaded drawable resource #0x108064d (android:drawable/textfield_multiline_disabled_focused_holo_dark) that varies with configuration!!

W/Resources(   55): Preloaded drawable resource #0x108064f (android:drawable/textfield_multiline_disabled_holo_dark) that varies with configuration!!

W/Resources(   55): Preloaded drawable resource #0x108063e (android:drawable/textfield_default_holo_dark) that varies with configuration!!

W/Resources(   55): Preloaded drawable resource #0x1080643 (android:drawable/textfield_disabled_holo_dark) that varies with configuration!!

W/Resources(   55): Preloaded drawable resource #0x1080636 (android:drawable/textfield_activated_holo_dark) that varies with configuration!!

W/Resources(   55): Preloaded drawable resource #0x1080646 (android:drawable/textfield_focused_holo_dark) that varies with configuration!!

W/Resources(   55): Preloaded drawable resource #0x108063e (android:drawable/textfield_default_holo_dark) that varies with configuration!!

W/Resources(   55): Preloaded drawable resource #0x1080641 (android:drawable/textfield_disabled_focused_holo_dark) that varies with configuration!!

W/Resources(   55): Preloaded drawable resource #0x1080643 (android:drawable/textfield_disabled_holo_dark) that varies with configuration!!

W/Resources(   55): Preloaded drawable resource #0x1080257 (android:drawable/edit_text_holo_dark) that varies with configuration!!

D/dalvikvm(   55): GC_EXPLICIT freed 131K, 6% free 2675K/2836K, paused 38ms+6ms, total 139ms

W/Resources(   55): Preloaded drawable resource #0x1080633 (android:drawable/text_select_handle_left) that varies with configuration!!

W/Resources(   55): Preloaded drawable resource #0x1080635 (android:drawable/text_select_handle_right) that varies with configuration!!

D/dalvikvm(   55): GC_EXPLICIT freed 160K, 10% free 2568K/2836K, paused 6ms+16ms, total 148ms

W/Resources(   55): Preloaded drawable resource #0x1080630 (android:drawable/text_edit_paste_window) that varies with configuration!!

W/Resources(   55): Preloaded drawable resource #0x108026d (android:drawable/expander_close_holo_dark) that varies with configuration!!

W/Resources(   55): Preloaded drawable resource #0x108026e (android:drawable/expander_close_holo_light) that varies with configuration!!

W/Resources(   55): Preloaded drawable resource #0x108026d (android:drawable/expander_close_holo_dark) that varies with configuration!!

