W/InputDispatcher(  377): channel 'b3f80860 Keyguard (server)' ~ Consumer closed input channel or an error occurred.  events=0x9

E/InputDispatcher(  377): channel 'b3f80860 Keyguard (server)' ~ Channel is unrecoverably broken and will be disposed!

I/StatusBarManagerService(  377): binder died for pkg=com.android.keyguard

W/WallpaperService(  377): Wallpaper service gone: ComponentInfo{com.android.systemui/com.android.systemui.ImageWallpaper}

W/ActivityManager(  377): Scheduling restart of crashed service com.android.systemui/.ImageWallpaper in 0ms

W/ActivityManager(  377): Scheduling restart of crashed service com.android.systemui/.SystemUIService in 0ms

W/ActivityManager(  377): Scheduling restart of crashed service com.android.keyguard/.KeyguardService in 0ms

W/InputDispatcher(  377): Attempted to unregister already unregistered input channel 'b3f80860 Keyguard (server)'

V/WindowManager(  377): Removing keyguard window (Did it crash?)

I/WindowState(  377): WIN DEATH: Window{b3f80860 u0 Keyguard}

W/InputDispatcher(  377): Attempted to unregister already unregistered input channel 'b3f8f170 StatusBar (server)'

I/WindowState(  377): WIN DEATH: Window{b3f8f170 u0 StatusBar}

W/InputDispatcher(  377): Attempted to unregister already unregistered input channel 'b3f390b0 NavigationBar (server)'

I/WindowState(  377): WIN DEATH: Window{b3f390b0 u0 NavigationBar}

I/ActivityManager(  377): Start proc com.android.systemui for restart com.android.systemui: pid=641 uid=10007 gids={50007, 1028, 1015, 1035, 3002, 3001}

W/InputDispatcher(  377): Attempted to unregister already unregistered input channel 'b3f8fcf8 SearchPanel (server)'

I/WindowState(  377): WIN DEATH: Window{b3f8fcf8 u0 SearchPanel}

W/InputDispatcher(  377): Attempted to unregister already unregistered input channel 'b3fa5b98 com.android.systemui.ImageWallpaper (server)'

I/WindowState(  377): WIN DEATH: Window{b3fa5b98 u0 com.android.systemui.ImageWallpaper}

V/KeyguardServiceDelegate(  377): *** Keyguard disconnected (boo!)

D/Tethering(  377): MasterInitialState.processMessage what=3

D/CaptivePortalTracker(  377): NoActiveNetworkState{ when=-7ms what=1 obj=NetworkInfo: type: mobile[UMTS], state: CONNECTED/CONNECTED, reason: connected, extra: epc.tmobile.com, roaming: false, failover: false, isAvailable: true, isConnectedToProvisioningNetwork: false target=com.android.internal.util.StateMachine$SmHandler }

D/CaptivePortalTracker(  377): NoActiveNetworkState not a wifi connectivity change, ignore

E/NetdConnector(  377): NDC Command {12 bandwidth setiquota eth0 9223372036854775807} took too long (4893ms)

D/MobileDataStateTracker(  377): default: setPolicyDataEnable(enabled=true)

D/ConnectivityService(  377): startUsingNetworkFeature reconnecting to 0: enableHIPRI

D/ConnectivityService(  377): startUsingNetworkFeature X: return APN_REQUEST_STARTED

E/ConnectivityService(  377): startUsingNetworkFeature took too long: 3086ms

D/ConnectivityService(  377): [CheckMp] isMobileOk: hipri started

D/ConnectivityService(  377): [CheckMp] isMobileOk: not connected ni=NetworkInfo: type: mobile_hipri[UMTS], state: DISCONNECTED/IDLE, reason: (unspecified), extra: (none), roaming: false, failover: false, isAvailable: true, isConnectedToProvisioningNetwork: false

I/ActivityManager(  377): Start proc com.android.music for broadcast com.android.music/.MediaButtonIntentReceiver: pid=668 uid=10032 gids={50032, 3003, 1028, 1015}

D/MobileDataStateTracker(  377): hipri: Broadcast received: android.intent.action.ANY_DATA_STATE apnType=hipri

D/MobileDataStateTracker(  377): hipri: Received state=CONNECTING, old=DISCONNECTED, reason=dataEnabled

D/MobileDataStateTracker(  377): hipri: setDetailed state, old =IDLE and new state=CONNECTING

D/dalvikvm(   55): GC_EXPLICIT freed 37K, 5% free 2771K/2888K, paused 18ms+16ms, total 153ms

D/dalvikvm(   55): WAIT_FOR_CONCURRENT_GC blocked 1ms

D/MobileDataStateTracker(  377): fota: Broadcast received: android.intent.action.ANY_DATA_STATE apnType=fota

D/dalvikvm(   55): GC_EXPLICIT freed <1K, 5% free 2771K/2888K, paused 6ms+5ms, total 118ms

D/MobileDataStateTracker(  377): fota: Received state=DISCONNECTED, old=DISCONNECTED, reason=dataEnabled

D/MobileDataStateTracker(  377): ia: Broadcast received: android.intent.action.ANY_DATA_STATE apnType=ia

D/MobileDataStateTracker(  377): ia: Received state=DISCONNECTED, old=DISCONNECTED, reason=dataEnabled

D/MobileDataStateTracker(  377): supl: Broadcast received: android.intent.action.ANY_DATA_STATE apnType=supl

D/dalvikvm(   55): GC_EXPLICIT freed <1K, 5% free 2771K/2888K, paused 6ms+6ms, total 119ms

D/MobileDataStateTracker(  377): supl: Received state=DISCONNECTED, old=DISCONNECTED, reason=dataEnabled

D/MobileDataStateTracker(  377): ims: Broadcast received: android.intent.action.ANY_DATA_STATE apnType=ims

D/MobileDataStateTracker(  377): ims: Received state=DISCONNECTED, old=DISCONNECTED, reason=dataEnabled

D/MobileDataStateTracker(  377): mms: Broadcast received: android.intent.action.ANY_DATA_STATE apnType=mms

D/MobileDataStateTracker(  377): mms: Received state=DISCONNECTED, old=DISCONNECTED, reason=dataEnabled

D/MobileDataStateTracker(  377): cbs: Broadcast received: android.intent.action.ANY_DATA_STATE apnType=cbs

D/MobileDataStateTracker(  377): cbs: Received state=DISCONNECTED, old=DISCONNECTED, reason=dataEnabled

D/MobileDataStateTracker(  377): hipri: Broadcast received: android.intent.action.ANY_DATA_STATE apnType=hipri

D/MobileDataStateTracker(  377): hipri: Received state=CONNECTED, old=CONNECTING, reason=dataEnabled

D/MobileDataStateTracker(  377): hipri: setDetailed state, old =CONNECTING and new state=CONNECTED

D/ConnectivityService(  377): ConnectivityChange for mobile_hipri: CONNECTED/CONNECTED

I/dalvikvm(  668): CheckJNI enabled: not enabling JNI app bug workarounds.

E/logwrapper(  683): executing /system/bin/ip failed: No such file or directory

D/MobileDataStateTracker(  377): hipri: isProvisioningNetwork: retVal=false

D/ConnectivityService(  377): [CheckMp] isMobileOk: isProvisioningNetwork is false, continue

E/ConnectivityService(  377): Exception trying to add a route: java.lang.IllegalStateException: command '18 interface fwmark exempt add 10.0.2.2/32' failed with '400 18 Failed to add exemption rule (File exists)'

D/ConnectivityService(  377): [CheckMp] isMobileOk: addresses=clients3.google.com/216.58.220.46

D/ConnectivityService(  377): [CheckMp] isMobileOk: linkHasIpv4=true linkHasIpv6=false

D/SystemUIService(  641): loading: class com.android.systemui.recent.Recents

D/SystemUIService(  641): running: com.android.systemui.recent.Recents@b3d1b898

D/SystemUIService(  641): loading: class com.android.systemui.statusbar.SystemBars

D/SystemUIService(  641): running: com.android.systemui.statusbar.SystemBars@b3d1be80

D/SystemUIService(  641): loading: class com.android.systemui.usb.StorageNotification

D/SystemUIService(  641): running: com.android.systemui.usb.StorageNotification@b3d1dc40

D/SystemUIService(  641): loading: class com.android.systemui.power.PowerUI

D/SystemUIService(  641): running: com.android.systemui.power.PowerUI@b3d1f578

D/SystemUIService(  641): loading: class com.android.systemui.media.RingtonePlayer

D/SystemUIService(  641): running: com.android.systemui.media.RingtonePlayer@b3d204d8

D/SystemUIService(  641): loading: class com.android.systemui.settings.SettingsUI

D/SystemUIService(  641): running: com.android.systemui.settings.SettingsUI@b3d21820

D/dalvikvm(  377): GC_CONCURRENT freed 577K, 13% free 5579K/6348K, paused 100ms+23ms, total 452ms

D/dalvikvm(  377): WAIT_FOR_CONCURRENT_GC blocked 226ms

E/SoundPool(  641): error loading /system/media/audio/ui/Lock.ogg

W/KeyguardViewMediator(  641): failed to load lock sound from /system/media/audio/ui/Lock.ogg

E/SoundPool(  641): error loading /system/media/audio/ui/Unlock.ogg

W/KeyguardViewMediator(  641): failed to load unlock sound from /system/media/audio/ui/Unlock.ogg

V/KeyguardService(  641): onCreate()

V/KeyguardServiceDelegate(  377): *** Keyguard connected (yay!)

D/dalvikvm(  641): GC_CONCURRENT freed 306K, 12% free 2873K/3256K, paused 7ms+101ms, total 347ms

D/dalvikvm(  641): GC_FOR_ALLOC freed 15K, 12% free 2866K/3256K, paused 1106ms, total 1108ms

I/dalvikvm-heap(  641): Grow heap (frag case) to 5.801MB for 3072016-byte allocation

D/dalvikvm(  641): GC_CONCURRENT freed <1K, 7% free 5865K/6260K, paused 28ms+5ms, total 92ms

D/dalvikvm(  641): WAIT_FOR_CONCURRENT_GC blocked 64ms

D/dalvikvm(  641): GC_FOR_ALLOC freed <1K, 7% free 5866K/6260K, paused 33ms, total 33ms

I/dalvikvm-heap(  641): Grow heap (frag case) to 8.499MB for 2828816-byte allocation

D/dalvikvm(  641): GC_CONCURRENT freed 0K, 5% free 8628K/9024K, paused 7ms+6ms, total 45ms

D/dalvikvm(  641): WAIT_FOR_CONCURRENT_GC blocked 38ms

D/gralloc_goldfish(  641): Emulator without GPU emulation detected.

I/StatusBarManagerService(  377): registerStatusBar bar=com.android.internal.statusbar.IStatusBar$Stub$Proxy@b3fb2ed8

I/Choreographer(  377): Skipped 32 frames!  The application may be doing too much work on its main thread.

E/logwrapper(  692): executing /system/bin/ip failed: No such file or directory

E/NetdConnector(  377): NDC Command {20 interface fwmark exempt add 10.0.2.3/32} took too long (2251ms)

I/Choreographer(  377): Skipped 43 frames!  The application may be doing too much work on its main thread.

E/ConnectivityService(  377): Exception trying to add a route: java.lang.IllegalStateException: command '20 interface fwmark exempt add 10.0.2.3/32' failed with '400 20 Failed to add exemption rule (File exists)'

I/Choreographer(  377): Skipped 30 frames!  The application may be doing too much work on its main thread.

E/logwrapper(  694): executing /system/bin/ip failed: No such file or directory

E/ConnectivityService(  377): Exception trying to add a route: java.lang.IllegalStateException: command '22 interface fwmark exempt add 10.0.2.2/32' failed with '400 22 Failed to add exemption rule (File exists)'

D/PhoneStatusBar(  641): mSettingsPanelGravity = 55

E/logwrapper(  697): executing /system/bin/ip failed: No such file or directory

E/ConnectivityService(  377): Exception trying to add a route: java.lang.IllegalStateException: command '24 interface fwmark exempt add 10.0.2.4/32' failed with '400 24 Failed to add exemption rule (File exists)'

E/logwrapper(  698): executing /system/bin/ip failed: No such file or directory

E/SecondaryTablController(   51): ip route add failed: /system/bin/ip route add 10.0.2.2/32 via 0.0.0.0 dev eth0 table 60

W/FrameworkListener(   51): Handler 'interface' error (No such device)

E/ConnectivityService(  377): Exception trying to add a route: java.lang.IllegalStateException: command '25 interface route add eth0 secondary 10.0.2.2 32 0.0.0.0' failed with '400 25 ip route modification failed (No such device)'

E/logwrapper(  699): executing /system/bin/ip failed: No such file or directory

E/SecondaryTablController(   51): ip route add failed: /system/bin/ip route add 0.0.0.0/0 via 10.0.2.2 dev eth0 table 60

W/FrameworkListener(   51): Handler 'interface' error (No such device)

D/dalvikvm(  377): GC_FOR_ALLOC freed 410K, 13% free 5544K/6348K, paused 181ms, total 186ms

E/NetdConnector(  377): NDC Command {26 interface route add eth0 secondary 0.0.0.0 0 10.0.2.2} took too long (1299ms)

E/ConnectivityService(  377): Exception trying to add a route: java.lang.IllegalStateException: command '26 interface route add eth0 secondary 0.0.0.0 0 10.0.2.2' failed with '400 26 ip route modification failed (No such device)'

D/dalvikvm(  548): GC_CONCURRENT freed 351K, 11% free 3662K/4092K, paused 14ms+12ms, total 145ms

D/Launcher.Model(  548): Reload apps on config change. curr_mcc:310 prevmcc:0

I/Choreographer(  548): Skipped 2041 frames!  The application may be doing too much work on its main thread.

E/logwrapper(  701): executing /system/bin/ip failed: No such file or directory

D/gralloc_goldfish(  548): Emulator without GPU emulation detected.

I/ActivityManager(  377): Displayed com.android.launcher/com.android.launcher2.Launcher: +60s341ms

E/NetdConnector(  377): NDC Command {28 interface fwmark exempt add 10.0.2.2/32} took too long (2130ms)

I/MediaFocusControl(  377):   Remote Control   registerMediaButtonIntent() for PendingIntent{b3f1a650: PendingIntentRecord{b3f0fc40 com.android.music broadcastIntent}}

I/ActivityManager(  377): Start proc android.process.media for content provider com.android.providers.media/.MediaProvider: pid=703 uid=10005 gids={50005, 1028, 1015, 1023, 1024, 2001, 3003, 3007}

V/PhoneStatusBar/NavigationBarView(  641): touchEnabled:false

E/BluetoothAdapter(  505): Bluetooth binder is null

E/BluetoothAdapter(  641): Bluetooth binder is null

E/BluetoothAdapter(  641): Bluetooth binder is null

E/BluetoothAdapter(  641): Bluetooth binder is null

D/dalvikvm(  641): GC_CONCURRENT freed 6040K, 58% free 4453K/10572K, paused 8ms+22ms, total 153ms

D/Nat464Xlat(  377): requiresClat: netType=5, hasIPv4Address=true

E/BluetoothAdapter(  641): Bluetooth binder is null

D/MobileDataStateTracker(  377): default: setPolicyDataEnable(enabled=true)

W/Binder  (  641): Binder call failed.

W/Binder  (  641): android.os.DeadObjectException

W/Binder  (  641): 	at android.os.BinderProxy.transact(Native Method)

W/Binder  (  641): 	at android.content.IIntentReceiver$Stub$Proxy.performReceive(IIntentReceiver.java:124)

W/Binder  (  641): 	at android.app.ActivityThread$ApplicationThread.scheduleRegisteredReceiver(ActivityThread.java:816)

W/Binder  (  641): 	at android.app.ApplicationThreadNative.onTransact(ApplicationThreadNative.java:394)

W/Binder  (  641): 	at android.os.Binder.execTransact(Binder.java:404)

W/Binder  (  641): 	at dalvik.system.NativeStart.run(Native Method)

W/NetworkPolicy(  377): shared quota unsupported; generating rule for each iface

E/JavaBinder(  641): *** Uncaught remote exception!  (Exceptions are not yet supported across processes.)

E/JavaBinder(  641): java.lang.RuntimeException: android.os.DeadObjectException

E/JavaBinder(  641): 	at android.os.Parcel.writeException(Parcel.java:1366)

E/JavaBinder(  641): 	at android.os.Binder.execTransact(Binder.java:410)

E/JavaBinder(  641): 	at dalvik.system.NativeStart.run(Native Method)

E/JavaBinder(  641): Caused by: android.os.DeadObjectException

E/JavaBinder(  641): 	at android.os.BinderProxy.transact(Native Method)

E/JavaBinder(  641): 	at android.content.IIntentReceiver$Stub$Proxy.performReceive(IIntentReceiver.java:124)

E/JavaBinder(  641): 	at android.app.ActivityThread$ApplicationThread.scheduleRegisteredReceiver(ActivityThread.java:816)

E/JavaBinder(  641): 	at android.app.ApplicationThreadNative.onTransact(ApplicationThreadNative.java:394)

E/JavaBinder(  641): 	at android.os.Binder.execTransact(Binder.java:404)

E/JavaBinder(  641): 	... 1 more

E/ConnectivityService(  377): Exception trying to add a route: java.lang.IllegalStateException: command '28 interface fwmark exempt add 10.0.2.2/32' failed with '400 28 Failed to add exemption rule (File exists)'

D/PhoneStatusBar(  641): disable: < EXPAND* icons alerts ticker system_info BACK* HOME* RECENT* clock SEARCH* >

D/dalvikvm(  641): GC_CONCURRENT freed 121K, 55% free 4823K/10572K, paused 18ms+8ms, total 90ms

D/dalvikvm(  641): WAIT_FOR_CONCURRENT_GC blocked 62ms

E/BluetoothAdapter(  641): Bluetooth binder is null

D/PhoneStatusBar(  641): heads up is disabled

E/NetdConnector(  377): NDC Command {30 bandwidth removeiquota eth0} took too long (3058ms)

D/Tethering(  377): MasterInitialState.processMessage what=3

D/CaptivePortalTracker(  377): NoActiveNetworkState{ when=-3ms what=1 obj=NetworkInfo: type: mobile_hipri[UMTS], state: CONNECTED/CONNECTED, reason: dataEnabled, extra: epc.tmobile.com, roaming: false, failover: false, isAvailable: true, isConnectedToProvisioningNetwork: false target=com.android.internal.util.StateMachine$SmHandler }

D/CaptivePortalTracker(  377): NoActiveNetworkState not a wifi connectivity change, ignore

E/NetdConnector(  377): NDC Command {31 interface route add eth0 default 216.58.220.46 32 10.0.2.2} took too long (1762ms)

I/Choreographer(  548): Skipped 39 frames!  The application may be doing too much work on its main thread.

V/KeyguardHostView(  641): Initial transport state: 1, pbstate=0

I/Choreographer(  548): Skipped 56 frames!  The application may be doing too much work on its main thread.

W/dalvikvm(  641): threadid=2: spin on suspend #1 threadid=16 (pcf=0)

D/dalvikvm(  641): Temporarily moving tid 720 to fg (was 0)

D/dalvikvm(  641): Temporarily raised priority on tid 720 (10 -> 0)

W/dalvikvm(  641): threadid=2: spin on suspend resolved in 1720 msec

D/dalvikvm(  641): Restored policy of 720 to 0

D/dalvikvm(  641): Restored priority on 720 to 10

D/dalvikvm(  641): GC_CONCURRENT freed 339K, 52% free 5151K/10572K, paused 1743ms+9ms, total 2071ms

D/dalvikvm(  641): WAIT_FOR_CONCURRENT_GC blocked 34ms

D/dalvikvm(  548): GC_FOR_ALLOC freed 111K, 9% free 3788K/4124K, paused 129ms, total 147ms

I/dalvikvm-heap(  548): Grow heap (frag case) to 4.266MB for 518416-byte allocation

D/dalvikvm(  548): GC_CONCURRENT freed 110K, 10% free 4184K/4632K, paused 7ms+6ms, total 168ms

D/dalvikvm(  548): WAIT_FOR_CONCURRENT_GC blocked 88ms

D/dalvikvm(  548): GC_FOR_ALLOC freed <1K, 10% free 4184K/4632K, paused 70ms, total 71ms

I/dalvikvm-heap(  548): Grow heap (frag case) to 4.653MB for 518416-byte allocation

D/dalvikvm(  548): GC_CONCURRENT freed <1K, 9% free 4690K/5140K, paused 44ms+6ms, total 236ms

D/dalvikvm(  548): WAIT_FOR_CONCURRENT_GC blocked 131ms

D/dalvikvm(  548): GC_FOR_ALLOC freed <1K, 9% free 4690K/5140K, paused 130ms, total 135ms

I/dalvikvm-heap(  548): Grow heap (frag case) to 5.148MB for 518416-byte allocation

D/dalvikvm(  641): GC_CONCURRENT freed 256K, 47% free 5687K/10572K, paused 28ms+29ms, total 295ms

D/dalvikvm(  641): WAIT_FOR_CONCURRENT_GC blocked 122ms

D/dalvikvm(  548): GC_FOR_ALLOC freed <1K, 8% free 5197K/5648K, paused 195ms, total 195ms

D/dalvikvm(  377): GC_CONCURRENT freed 670K, 13% free 5549K/6348K, paused 10ms+30ms, total 441ms

I/ActivityManager(  377): Waited long enough for: ServiceRecord{b3f8fa90 u0 com.android.music/.MediaPlaybackService}

D/dalvikvm(  641): GC_CONCURRENT freed 997K, 47% free 5608K/10572K, paused 9ms+9ms, total 192ms

I/Choreographer(  548): Skipped 1287 frames!  The application may be doing too much work on its main thread.

D/dalvikvm(  377): GC_FOR_ALLOC freed 482K, 13% free 5559K/6348K, paused 346ms, total 351ms

I/Choreographer(  548): Skipped 109 frames!  The application may be doing too much work on its main thread.

D/dalvikvm(  377): GC_FOR_ALLOC freed 43K, 13% free 5559K/6348K, paused 283ms, total 286ms

I/Choreographer(  641): Skipped 3292 frames!  The application may be doing too much work on its main thread.

V/KeyguardTouchDelegate(  641): Connected to keyguard

E/NetdConnector(  377): NDC Command {32 bandwidth setiquota eth0 9223372036854775807} took too long (9357ms)

W/BroadcastQueue(  377): Timeout of broadcast BroadcastRecord{b3ffe7e8 u-1 android.intent.action.TIME_TICK} - receiver=android.os.BinderProxy@b4012b20, started 10349ms ago

W/BroadcastQueue(  377): Receiver during timeout: BroadcastFilter{b4022b28 u0 ReceiverList{b3ff17d8 641 com.android.systemui/10007/u0 remote:b4012b20}}

I/Process (  377): Sending signal. PID: 641 SIG: 3

I/dalvikvm(  641): threadid=3: reacting to signal 3

I/Choreographer(  548): Skipped 537 frames!  The application may be doing too much work on its main thread.

I/Process (  377): Sending signal. PID: 377 SIG: 3

I/dalvikvm(  377): threadid=3: reacting to signal 3

I/dalvikvm(  641): Wrote stack traces to '/data/anr/traces.txt'

D/dalvikvm(  641): GC_CONCURRENT freed 56K, 48% free 5586K/10572K, paused 35ms+24ms, total 221ms

I/dalvikvm(  377): Wrote stack traces to '/data/anr/traces.txt'

I/Process (  377): Sending signal. PID: 537 SIG: 3

I/dalvikvm(  537): threadid=3: reacting to signal 3

E/NetdConnector(  377): NDC Command {34 bandwidth removeiquota eth0} took too long (2920ms)

D/dalvikvm(  377): GC_FOR_ALLOC freed 88K, 13% free 5580K/6348K, paused 270ms, total 281ms

I/dalvikvm-heap(  377): Grow heap (frag case) to 5.572MB for 42220-byte allocation

I/dalvikvm(  537): Wrote stack traces to '/data/anr/traces.txt'

D/dalvikvm(  377): GC_FOR_ALLOC freed <1K, 13% free 5621K/6392K, paused 676ms, total 676ms

E/NetdConnector(  377): NDC Command {35 bandwidth setiquota eth0 9223372036854775807} took too long (2697ms)

E/logwrapper(  772): executing /system/bin/ip failed: No such file or directory

D/MobileDataStateTracker(  377): default: setPolicyDataEnable(enabled=true)

E/NetdConnector(  377): NDC Command {33 interface fwmark exempt add 216.58.220.46/32} took too long (5804ms)

E/ConnectivityService(  377): Exception trying to add a route: java.lang.IllegalStateException: command '33 interface fwmark exempt add 216.58.220.46/32' failed with '400 33 Failed to add exemption rule (File exists)'

D/ConnectivityService(  377): requestRouteToHostAddress ok=false

D/ConnectivityService(  377): [CheckMp] isMobileOk: could not establish route to hostAddr=clients3.google.com/216.58.220.46

D/GpsLocationProvider(  377): NTP server returned: 1428864698055 (Sun Apr 12 14:51:38 EDT 2015) reference: 184235 certainty: 75 system time offset: -39696

I/ContactLocale(  582): AddressBook Labels [en_US]: [, A, B, C, D, E, F, G, H, I, J, K, L, M, N, O, P, Q, R, S, T, U, V, W, X, Y, Z, , , , , , , , , , , , , , , , , , , , , , , , , , , , , , , , , , , , , , , , , , , , , , , , , , , , , , , , , , , , , , , , , , , , , , , , , , , , , , , , , , , , , , , , , , , , , , , , , , , , , , , , , , , , , , , , , , , , , , , , , , , , , , , , , , , , , , , , , , , , , , , , , , , , , , , , , , , , , , , , , , , , , , , , , , , , , , , , , , , , , , #, ]

D/dalvikvm(  548): GC_CONCURRENT freed 282K, 7% free 5599K/6016K, paused 23ms+6ms, total 82ms

I/Choreographer(  377): Skipped 35 frames!  The application may be doing too much work on its main thread.

E/NetdConnector(  377): NDC Command {37 interface route add eth0 default 10.0.2.2 32 0.0.0.0} took too long (2238ms)

V/KeyguardHostView(  641): music state changed: 0

E/logwrapper(  777): executing /system/bin/ip failed: No such file or directory

D/dalvikvm(  377): GC_FOR_ALLOC freed 451K, 13% free 5594K/6424K, paused 1303ms, total 1315ms

D/dalvikvm(  377): GC_FOR_ALLOC freed 62K, 13% free 5597K/6424K, paused 103ms, total 104ms

E/NetdConnector(  377): NDC Command {38 interface fwmark exempt add 10.0.2.2/32} took too long (2357ms)

E/ConnectivityService(  377): Exception trying to add a route: java.lang.IllegalStateException: command '38 interface fwmark exempt add 10.0.2.2/32' failed with '400 38 Failed to add exemption rule (File exists)'

D/dalvikvm(  641): GC_CONCURRENT freed 737K, 46% free 5744K/10572K, paused 6ms+17ms, total 250ms

D/dalvikvm(  377): GC_FOR_ALLOC freed 432K, 12% free 5699K/6424K, paused 165ms, total 167ms

I/dalvikvm-heap(  377): Grow heap (frag case) to 5.743MB for 99434-byte allocation

D/dalvikvm(  377): GC_FOR_ALLOC freed <1K, 12% free 5796K/6524K, paused 103ms, total 103ms

I/Choreographer(  641): Skipped 4021 frames!  The application may be doing too much work on its main thread.

D/dalvikvm(  377): GC_EXPLICIT freed 273K, 12% free 5771K/6524K, paused 11ms+12ms, total 153ms

E/NetdConnector(  377): NDC Command {39 interface route add eth0 default 216.58.220.46 32 10.0.2.2} took too long (3066ms)

I/Choreographer(  377): Skipped 408 frames!  The application may be doing too much work on its main thread.

D/dalvikvm(  377): GC_FOR_ALLOC freed 5K, 12% free 5771K/6524K, paused 637ms, total 638ms

I/dalvikvm-heap(  377): Grow heap (frag case) to 5.809MB for 96348-byte allocation

D/dalvikvm(  377): GC_FOR_ALLOC freed <1K, 12% free 5865K/6620K, paused 101ms, total 101ms

V/KeyguardServiceDelegate(  377): **** SHOWN CALLED ****

I/Choreographer(  377): Skipped 179 frames!  The application may be doing too much work on its main thread.

I/Choreographer(  377): Skipped 42 frames!  The application may be doing too much work on its main thread.

I/Choreographer(  377): Skipped 30 frames!  The application may be doing too much work on its main thread.

D/PhoneStatusBar(  641): disable: < expand* icons alerts ticker system_info BACK HOME RECENT clock SEARCH >

I/Choreographer(  377): Skipped 298 frames!  The application may be doing too much work on its main thread.

V/KeyguardHostView(  641): Initial transport state: 1, pbstate=0

I/Process (  377): Sending signal. PID: 582 SIG: 3

I/dalvikvm(  582): threadid=3: reacting to signal 3

E/ActivityManager(  377): ANR in com.android.systemui

E/ActivityManager(  377): PID: 641

E/ActivityManager(  377): Reason: Broadcast of Intent { act=android.intent.action.TIME_TICK flg=0x50000014 (has extras) }

E/ActivityManager(  377): Load: 9.03 / 3.8 / 1.46

E/ActivityManager(  377): CPU usage from 0ms to 18386ms later:

E/ActivityManager(  377):   26% 377/system_server: 18% user + 7.7% kernel / faults: 1012 minor

E/ActivityManager(  377):   23% 54/surfaceflinger: 20% user + 2.6% kernel / faults: 282 minor

E/ActivityManager(  377):   6.3% 52/debuggerd: 3.7% user + 2.5% kernel / faults: 827 minor

E/ActivityManager(  377):   7.8% 641/com.android.systemui: 5.8% user + 2% kernel / faults: 1608 minor 1 major

E/ActivityManager(  377):   5.8% 548/com.android.launcher: 4.4% user + 1.3% kernel / faults: 1336 minor 1 major

E/ActivityManager(  377):   3.5% 582/android.process.acore: 3.4% user + 0.1% kernel / faults: 223 minor 46 major

E/ActivityManager(  377):   1.9% 703/android.process.media: 1.5% user + 0.3% kernel / faults: 795 minor 3 major

E/ActivityManager(  377):   1.7% 51/netd: 0.1% user + 1.6% kernel / faults: 327 minor

E/ActivityManager(  377):   1.7% 537/com.android.phone: 0.9% user + 0.8% kernel / faults: 46 minor

E/ActivityManager(  377):   0.8% 26/mtdblock1: 0% user + 0.8% kernel

E/ActivityManager(  377):   0.9% 25/mtdblock0: 0% user + 0.9% kernel

E/ActivityManager(  377):   0.1% 57/mediaserver: 0.1% user + 0% kernel

E/ActivityManager(  377):   0.1% 668/com.android.music: 0.1% user + 0% kernel / faults: 272 minor

E/ActivityManager(  377):   0% 37/flush-31:1: 0% user + 0% kernel

E/ActivityManager(  377):   0.1% 121/kworker/0:2: 0% user + 0.1% kernel

E/ActivityManager(  377):   0% 53/rild: 0% user + 0% kernel

E/ActivityManager(  377): 100% TOTAL: 71% user + 28% kernel + 0% softirq

E/ActivityManager(  377): CPU usage from 15444ms to 16506ms later:

E/ActivityManager(  377):   43% 54/surfaceflinger: 40% user + 3% kernel / faults: 124 minor

E/ActivityManager(  377):     36% 54/surfaceflinger: 34% user + 1.5% kernel

E/ActivityManager(  377):     1.5% 82/Binder_2: 0.7% user + 0.7% kernel

E/ActivityManager(  377):     1.5% 130/Binder_3: 0.7% user + 0.7% kernel

E/ActivityManager(  377):     0.7% 80/Binder_1: 0% user + 0.7% kernel

E/ActivityManager(  377):     0.7% 200/Binder_4: 0.7% user + 0% kernel

E/ActivityManager(  377):   20% 377/system_server: 11% user + 8.9% kernel / faults: 240 minor

E/ActivityManager(  377):     7% 391/WindowManager: 5.8% user + 1.1% kernel

E/ActivityManager(  377):     2.7% 392/ActivityManager: 0% user + 2.7% kernel

E/ActivityManager(  377):     1.1% 384/Compiler: 0.7% user + 0.3% kernel

E/ActivityManager(  377):     1.1% 393/android.bg: 0% user + 1.1% kernel

E/ActivityManager(  377):     0.7% 377/system_server: 0.3% user + 0.3% kernel

E/ActivityManager(  377):     0.3% 476/Binder_3: 0% user + 0.3% kernel

E/ActivityManager(  377):     0.3% 522/Binder_4: 0% user + 0.3% kernel

E/ActivityManager(  377):     0.3% 634/AsyncTask #2: 0.3% user + 0% kernel

E/ActivityManager(  377):   11% 641/com.android.systemui: 7.5% user + 4.1% kernel / faults: 588 minor

E/ActivityManager(  377):     9.3% 641/ndroid.systemui: 5.5% user + 3.7% kernel

E/ActivityManager(  377):     2.4% 648/Compiler: 1.3% user + 1% kernel

E/ActivityManager(  377):   1.3% 582/android.process.acore: 1.3% user + 0% kernel / faults: 16 minor

E/ActivityManager(  377):     1.3% 610/ContactsProvide: 1.3% user + 0% kernel

E/ActivityManager(  377):   0.2% 121/kworker/0:2: 0% user + 0.2% kernel

E/ActivityManager(  377): 100% TOTAL: 78% user + 21% kernel

D/dalvikvm(  377): GC_FOR_ALLOC freed 503K, 16% free 5561K/6620K, paused 292ms, total 349ms

D/dalvikvm(  377): GC_FOR_ALLOC freed 3K, 14% free 5704K/6620K, paused 118ms, total 119ms

I/dalvikvm-heap(  377): Grow heap (frag case) to 5.931MB for 292288-byte allocation

D/dalvikvm(  377): GC_FOR_ALLOC freed 2K, 14% free 5987K/6908K, paused 123ms, total 123ms

I/Choreographer(  377): Skipped 30 frames!  The application may be doing too much work on its main thread.

I/dalvikvm(  582): Wrote stack traces to '/data/anr/traces.txt'

D/dalvikvm(  377): GC_FOR_ALLOC freed 230K, 16% free 5835K/6908K, paused 182ms, total 183ms

I/dalvikvm-heap(  377): Grow heap (frag case) to 6.061MB for 295060-byte allocation

D/dalvikvm(  377): GC_FOR_ALLOC freed 3K, 16% free 6119K/7200K, paused 106ms, total 106ms

D/dalvikvm(  377): GC_FOR_ALLOC freed 288K, 19% free 5832K/7200K, paused 120ms, total 121ms

E/logwrapper(  782): executing /system/bin/ip failed: No such file or directory

E/NetdConnector(  377): NDC Command {40 interface fwmark exempt add 216.58.220.46/32} took too long (5671ms)

D/dalvikvm(  641): GC_CONCURRENT freed 860K, 45% free 5877K/10572K, paused 8ms+8ms, total 149ms

D/dalvikvm(  641): WAIT_FOR_CONCURRENT_GC blocked 47ms

V/KeyguardHostView(  641): music state changed: 0

D/dalvikvm(  377): GC_CONCURRENT freed 953K, 22% free 5620K/7200K, paused 24ms+11ms, total 174ms

D/dalvikvm(  377): WAIT_FOR_CONCURRENT_GC blocked 74ms

I/Choreographer(  641): Skipped 2119 frames!  The application may be doing too much work on its main thread.

D/PhoneStatusBar(  641): disable: < expand icons alerts ticker system_info BACK HOME RECENT CLOCK* SEARCH >

I/Choreographer(  641): Skipped 50 frames!  The application may be doing too much work on its main thread.

E/ConnectivityService(  377): Exception trying to add a route: java.lang.IllegalStateException: command '40 interface fwmark exempt add 216.58.220.46/32' failed with '400 40 Failed to add exemption rule (File exists)'

D/ConnectivityService(  377): requestRouteToHostAddress ok=false

D/ConnectivityService(  377): [CheckMp] isMobileOk: could not establish route to hostAddr=clients3.google.com/216.58.220.46

I/Choreographer(  641): Skipped 69 frames!  The application may be doing too much work on its main thread.

I/Choreographer(  641): Skipped 57 frames!  The application may be doing too much work on its main thread.

I/Choreographer(  641): Skipped 343 frames!  The application may be doing too much work on its main thread.

E/logwrapper(  786): executing /system/bin/ip failed: No such file or directory

D/dalvikvm(  582): GC_CONCURRENT freed 229K, 9% free 3160K/3468K, paused 17ms+9ms, total 83ms

E/ConnectivityService(  377): Exception trying to add a route: java.lang.IllegalStateException: command '42 interface fwmark exempt add 10.0.2.2/32' failed with '400 42 Failed to add exemption rule (File exists)'

E/logwrapper(  788): executing /system/bin/ip failed: No such file or directory

E/ConnectivityService(  377): Exception trying to add a route: java.lang.IllegalStateException: command '44 interface fwmark exempt add 216.58.220.46/32' failed with '400 44 Failed to add exemption rule (File exists)'

D/ConnectivityService(  377): requestRouteToHostAddress ok=false

D/ConnectivityService(  377): [CheckMp] isMobileOk: could not establish route to hostAddr=clients3.google.com/216.58.220.46

E/logwrapper(  790): executing /system/bin/ip failed: No such file or directory

D/dalvikvm(  641): GC_CONCURRENT freed 1047K, 45% free 5863K/10572K, paused 16ms+20ms, total 281ms

D/dalvikvm(  641): WAIT_FOR_CONCURRENT_GC blocked 118ms

E/NetdConnector(  377): NDC Command {46 interface fwmark exempt add 10.0.2.2/32} took too long (645ms)

D/dalvikvm(  377): GC_CONCURRENT freed 675K, 17% free 5617K/6708K, paused 42ms+10ms, total 276ms

D/dalvikvm(  377): WAIT_FOR_CONCURRENT_GC blocked 190ms

I/Choreographer(  641): Skipped 225 frames!  The application may be doing too much work on its main thread.

W/SoundPool(  641):   sample 0 not READY

I/Choreographer(  641): Skipped 40 frames!  The application may be doing too much work on its main thread.

I/Choreographer(  641): Skipped 42 frames!  The application may be doing too much work on its main thread.

D/PhoneStatusBar(  641): disable: < expand icons alerts ticker system_info back* home* recent* clock* search* >

I/Choreographer(  377): Skipped 34 frames!  The application may be doing too much work on its main thread.

I/Choreographer(  641): Skipped 58 frames!  The application may be doing too much work on its main thread.

I/Choreographer(  377): Skipped 39 frames!  The application may be doing too much work on its main thread.

I/Choreographer(  641): Skipped 40 frames!  The application may be doing too much work on its main thread.

E/ConnectivityService(  377): Exception trying to add a route: java.lang.IllegalStateException: command '46 interface fwmark exempt add 10.0.2.2/32' failed with '400 46 Failed to add exemption rule (File exists)'

I/Choreographer(  377): Skipped 316 frames!  The application may be doing too much work on its main thread.

E/logwrapper(  793): executing /system/bin/ip failed: No such file or directory

E/ConnectivityService(  377): Exception trying to add a route: java.lang.IllegalStateException: command '48 interface fwmark exempt add 216.58.220.46/32' failed with '400 48 Failed to add exemption rule (File exists)'

I/Choreographer(  641): Skipped 364 frames!  The application may be doing too much work on its main thread.

D/ConnectivityService(  377): requestRouteToHostAddress ok=false

D/ConnectivityService(  377): [CheckMp] isMobileOk: could not establish route to hostAddr=clients3.google.com/216.58.220.46

D/ConnectivityService(  377): stopUsingNetworkFeature: teardown net 0: enableHIPRI

D/MobileDataStateTracker(  377): hipri: Broadcast received: android.intent.action.ANY_DATA_STATE apnType=hipri

D/MobileDataStateTracker(  377): hipri: Received state=DISCONNECTED, old=CONNECTED, reason=dataDisabled

D/MobileDataStateTracker(  377): hipri: setDetailed state, old =CONNECTED and new state=DISCONNECTED

D/ConnectivityService(  377): ConnectivityChange for mobile_hipri: DISCONNECTED/DISCONNECTED

E/logwrapper(  794): executing /system/bin/ip failed: No such file or directory

E/SecondaryTablController(   51): ip route del failed: /system/bin/ip route del 10.0.2.2/32 via 0.0.0.0 dev eth0 table 60

W/FrameworkListener(   51): Handler 'interface' error (No such device)

E/logwrapper(  795): executing /system/bin/ip failed: No such file or directory

E/SecondaryTablController(   51): ip route del failed: /system/bin/ip route del 0.0.0.0/0 via 10.0.2.2 dev eth0 table 60

W/FrameworkListener(   51): Handler 'interface' error (No such device)

D/dalvikvm(  537): GC_CONCURRENT freed 483K, 16% free 3321K/3936K, paused 18ms+7ms, total 227ms

D/Nat464Xlat(  377): requiresClat: netType=5, hasIPv4Address=true

D/MobileDataStateTracker(  377): default: setPolicyDataEnable(enabled=true)

E/NetdConnector(  377): NDC Command {56 bandwidth removeiquota eth0} took too long (506ms)

I/Choreographer(  548): Skipped 49 frames!  The application may be doing too much work on its main thread.

E/NetdConnector(  377): NDC Command {55 bandwidth gettetherstats} took too long (672ms)

W/AudioService(  377): onLoadSoundEffects() called before boot complete

I/Choreographer(  548): Skipped 36 frames!  The application may be doing too much work on its main thread.

D/ConnectivityService(  377): [CheckMp] isMobileOk: too many loops tried - giving up

D/ConnectivityService(  377): [CheckMp] isMobileOk: X loops|timed out result=0

D/ConnectivityService(  377): [CheckMp] isMobileOk: F stop hipri

D/MobileDataStateTracker(  377): default: setEnableFailFastMobileData(enabled=0)

D/dalvikvm(  548): GC_CONCURRENT freed 777K, 14% free 5664K/6516K, paused 9ms+73ms, total 291ms

D/dalvikvm(  548): GC_FOR_ALLOC freed 17K, 14% free 5665K/6516K, paused 101ms, total 101ms

I/dalvikvm-heap(  548): Grow heap (frag case) to 6.704MB for 1152016-byte allocation

D/dalvikvm(  548): GC_CONCURRENT freed <1K, 12% free 6789K/7644K, paused 18ms+16ms, total 144ms

D/dalvikvm(  548): WAIT_FOR_CONCURRENT_GC blocked 126ms

D/Tethering(  377): MasterInitialState.processMessage what=3

D/Tethering(  377): MasterInitialState.processMessage what=3

D/CaptivePortalTracker(  377): NoActiveNetworkState{ when=-85ms what=1 obj=NetworkInfo: type: mobile_hipri[UMTS], state: DISCONNECTED/DISCONNECTED, reason: dataDisabled, extra: epc.tmobile.com, roaming: false, failover: false, isAvailable: true, isConnectedToProvisioningNetwork: false target=com.android.internal.util.StateMachine$SmHandler }

D/CaptivePortalTracker(  377): NoActiveNetworkState not a wifi connectivity change, ignore

D/CaptivePortalTracker(  377): NoActiveNetworkState{ when=-21ms what=1 obj=NetworkInfo: type: mobile[UMTS], state: CONNECTED/CONNECTED, reason: connected, extra: epc.tmobile.com, roaming: false, failover: false, isAvailable: true, isConnectedToProvisioningNetwork: false target=com.android.internal.util.StateMachine$SmHandler }

D/CaptivePortalTracker(  377): NoActiveNetworkState not a wifi connectivity change, ignore

D/dalvikvm(  548): GC_FOR_ALLOC freed <1K, 12% free 6791K/7644K, paused 117ms, total 118ms

I/dalvikvm-heap(  548): Grow heap (frag case) to 7.804MB for 1152952-byte allocation

E/NetdConnector(  377): NDC Command {57 bandwidth setiquota eth0 9223372036854775807} took too long (3075ms)

D/dalvikvm(  548): GC_FOR_ALLOC freed <1K, 10% free 7917K/8772K, paused 120ms, total 120ms

D/MobileDataStateTracker(  377): default: setPolicyDataEnable(enabled=true)

E/NetdConnector(  377): NDC Command {58 bandwidth gettetherstats} took too long (3349ms)

I/Choreographer(  548): Skipped 824 frames!  The application may be doing too much work on its main thread.

I/Choreographer(  548): Skipped 54 frames!  The application may be doing too much work on its main thread.

I/Choreographer(  548): Skipped 68 frames!  The application may be doing too much work on its main thread.

I/Choreographer(  548): Skipped 65 frames!  The application may be doing too much work on its main thread.

D/ConnectivityService(  377): [CheckMp] isMobileOk: X result=0

D/ConnectivityService(  377): [CheckMp] onPostExecute: result=0

D/ConnectivityService(  377): CheckMp.onComplete: result=0

D/ConnectivityService(  377): CheckMp.onComplete: ignore, connected or no connection

E/NetdConnector(  377): NDC Command {60 bandwidth setiquota eth0 9223372036854775807} took too long (2629ms)

D/MobileDataStateTracker(  377): default: setPolicyDataEnable(enabled=true)

D/MobileDataStateTracker(  377): default: setPolicyDataEnable(enabled=true)

I/Choreographer(  548): Skipped 357 frames!  The application may be doing too much work on its main thread.

D/dalvikvm(  548): GC_FOR_ALLOC freed 80K, 8% free 8098K/8768K, paused 64ms, total 70ms

I/Choreographer(  548): Skipped 302 frames!  The application may be doing too much work on its main thread.

I/Choreographer(  548): Skipped 46 frames!  The application may be doing too much work on its main thread.

I/Choreographer(  548): Skipped 279 frames!  The application may be doing too much work on its main thread.

D/dalvikvm(  548): GC_FOR_ALLOC freed 47K, 4% free 9536K/9896K, paused 183ms, total 186ms

W/BroadcastQueue(  377): Timeout of broadcast BroadcastRecord{b3f8b158 u0 android.intent.action.BOOT_COMPLETED} - receiver=android.os.BinderProxy@b3eeffd8, started 60002ms ago

W/BroadcastQueue(  377): Receiver during timeout: BroadcastFilter{b3f39c40 u0 ReceiverList{b3f2e7f0 427 com.android.systemui/10007/u0 remote:b3eeffd8}}

I/ActivityManager(  377): Start proc com.android.dialer for broadcast com.android.dialer/.calllog.CallLogReceiver: pid=848 uid=10004 gids={50004, 3003, 1028, 1015}

D/ExtensionsFactory(  848): No custom extensions.

I/ActivityManager(  377): Delay finish: com.android.dialer/.calllog.CallLogReceiver

I/ActivityManager(  377): Resuming delayed broadcast

E/BluetoothAdapter(  377): Bluetooth binder is null

E/BluetoothAdapter(  377): Bluetooth binder is null

V/WiredAccessoryManager(  377): init()

I/PowerManagerService(  377): Boot animation finished.

I/RecoverySystem(  377): No recovery log file

I/ActivityManager(  377): Start proc com.android.providers.calendar for broadcast com.android.providers.calendar/.CalendarReceiver: pid=866 uid=10001 gids={50001, 3003, 1028, 1015}

I/BootReceiver(  377): Copying audit failures to DropBox

E/SoundPool(  377): error loading /system/media/audio/ui/Effect_Tick.ogg

I/BootReceiver(  377): Checking for fsck errors

W/AudioService(  377): Soundpool could not load file: /system/media/audio/ui/Effect_Tick.ogg

E/SoundPool(  377): error loading /system/media/audio/ui/Effect_Tick.ogg

W/AudioService(  377): Soundpool could not load file: /system/media/audio/ui/Effect_Tick.ogg

E/SoundPool(  377): error loading /system/media/audio/ui/Effect_Tick.ogg

W/AudioService(  377): Soundpool could not load file: /system/media/audio/ui/Effect_Tick.ogg

E/SoundPool(  377): error loading /system/media/audio/ui/Effect_Tick.ogg

W/AudioService(  377): Soundpool could not load file: /system/media/audio/ui/Effect_Tick.ogg

E/SoundPool(  377): error loading /system/media/audio/ui/Effect_Tick.ogg

W/AudioService(  377): Soundpool could not load file: /system/media/audio/ui/Effect_Tick.ogg

E/SoundPool(  377): error loading /system/media/audio/ui/KeypressStandard.ogg

W/AudioService(  377): Soundpool could not load file: /system/media/audio/ui/KeypressStandard.ogg

E/SoundPool(  377): error loading /system/media/audio/ui/KeypressSpacebar.ogg

W/AudioService(  377): Soundpool could not load file: /system/media/audio/ui/KeypressSpacebar.ogg

E/SoundPool(  377): error loading /system/media/audio/ui/KeypressDelete.ogg

W/AudioService(  377): Soundpool could not load file: /system/media/audio/ui/KeypressDelete.ogg

E/SoundPool(  377): error loading /system/media/audio/ui/KeypressReturn.ogg

W/AudioService(  377): Soundpool could not load file: /system/media/audio/ui/KeypressReturn.ogg

E/SoundPool(  377): error loading /system/media/audio/ui/KeypressInvalid.ogg

W/AudioService(  377): Soundpool could not load file: /system/media/audio/ui/KeypressInvalid.ogg

W/AudioService(  377): onLoadSoundEffects(), Error -1 while loading samples

D/dalvikvm(  377): GC_CONCURRENT freed 606K, 15% free 5703K/6696K, paused 39ms+36ms, total 509ms

I/Choreographer(  548): Skipped 38 frames!  The application may be doing too much work on its main thread.

I/Choreographer(  548): Skipped 31 frames!  The application may be doing too much work on its main thread.

D/dalvikvm(  548): GC_FOR_ALLOC freed 279K, 4% free 10397K/10788K, paused 72ms, total 88ms

D/dalvikvm(  548): GC_FOR_ALLOC freed 12K, 4% free 11509K/11916K, paused 91ms, total 91ms

I/Choreographer(  548): Skipped 486 frames!  The application may be doing too much work on its main thread.

I/Choreographer(  548): Skipped 68 frames!  The application may be doing too much work on its main thread.

I/Choreographer(  548): Skipped 67 frames!  The application may be doing too much work on its main thread.

I/Choreographer(  548): Skipped 55 frames!  The application may be doing too much work on its main thread.

I/Choreographer(  548): Skipped 51 frames!  The application may be doing too much work on its main thread.

I/Choreographer(  548): Skipped 49 frames!  The application may be doing too much work on its main thread.

I/Choreographer(  548): Skipped 49 frames!  The application may be doing too much work on its main thread.

I/Choreographer(  548): Skipped 311 frames!  The application may be doing too much work on its main thread.

I/ActivityManager(  377): START u0 {act=android.intent.action.DELETE dat=package:com.ionicframework.fireimage484761 flg=0x10800000 cmp=com.android.packageinstaller/.UninstallerActivity} from pid 548

D/gralloc (   54): Registering a buffer in the process that created it. This may cause memory ordering problems.

E/libEGL  (   54): called unimplemented OpenGL ES API

E/libEGL  (   54): called unimplemented OpenGL ES API

E/libEGL  (   54): called unimplemented OpenGL ES API

E/libEGL  (   54): called unimplemented OpenGL ES API

E/SurfaceFlinger(   54): glCheckFramebufferStatusOES error -833798718

E/SurfaceFlinger(   54): got GL_FRAMEBUFFER_COMPLETE_OES error while taking screenshot

E/libEGL  (   54): called unimplemented OpenGL ES API

E/libEGL  (   54): called unimplemented OpenGL ES API

W/WindowManager(  377): Screenshot failure taking screenshot for (246x410) to layer 21005

D/dalvikvm(  548): GC_FOR_ALLOC freed 3412K, 15% free 9267K/10784K, paused 65ms, total 65ms

D/dalvikvm(  548): GC_FOR_ALLOC freed <1K, 4% free 10391K/10784K, paused 58ms, total 58ms

D/dalvikvm(  548): GC_FOR_ALLOC freed 0K, 4% free 11517K/11912K, paused 69ms, total 69ms

W/ActivityManager(  377): Activity pause timeout for ActivityRecord{b3f997c8 u0 com.android.launcher/com.android.launcher2.Launcher t1}

I/ActivityManager(  377): Start proc com.android.packageinstaller for activity com.android.packageinstaller/.UninstallerActivity: pid=885 uid=10036 gids={50036, 1028}

I/Choreographer(  548): Skipped 239 frames!  The application may be doing too much work on its main thread.

I/PackageManager(  377): Running dexopt on: com.android.packageinstaller

I/CalendarProvider2(  866): Created com.android.providers.calendar.CalendarAlarmManager@b3d25518(com.android.providers.calendar.CalendarProvider2@b3d1c738)

D/dalvikvm(  898): Note: class Landroid/app/ActivityManagerNative; has 179 unimplemented (abstract) methods

D/dalvikvm(  898): DexOpt: load 183ms, verify+opt 420ms, 583308 bytes

D/dalvikvm(  885): GC_CONCURRENT freed 55K, 5% free 3205K/3348K, paused 18ms+4ms, total 74ms

D/dalvikvm(  885): WAIT_FOR_CONCURRENT_GC blocked 42ms

D/dalvikvm(  885): GC_CONCURRENT freed 7K, 4% free 3597K/3724K, paused 15ms+39ms, total 86ms

I/Choreographer(  548): Skipped 1215 frames!  The application may be doing too much work on its main thread.

I/Choreographer(  377): Skipped 50 frames!  The application may be doing too much work on its main thread.

I/Choreographer(  885): Skipped 177 frames!  The application may be doing too much work on its main thread.

D/gralloc_goldfish(  885): Emulator without GPU emulation detected.

I/ActivityManager(  377): Displayed com.android.packageinstaller/.UninstallerActivity: +5s695ms

I/ActivityManager(  377): Delay finish: com.android.providers.calendar/.CalendarReceiver

I/Choreographer(  377): Skipped 32 frames!  The application may be doing too much work on its main thread.

I/Choreographer(  377): Skipped 32 frames!  The application may be doing too much work on its main thread.

I/Choreographer(  548): Skipped 392 frames!  The application may be doing too much work on its main thread.

I/Choreographer(  548): Skipped 34 frames!  The application may be doing too much work on its main thread.

I/CalendarProvider2(  866): Sending notification intent: Intent { act=android.intent.action.PROVIDER_CHANGED dat=content://com.android.calendar }

W/ContentResolver(  866): Failed to get type for: content://com.android.calendar (Unknown URL content://com.android.calendar)

E/SoundPool(  377): error loading /system/media/audio/ui/Effect_Tick.ogg

W/AudioService(  377): Soundpool could not load file: /system/media/audio/ui/Effect_Tick.ogg

E/SoundPool(  377): error loading /system/media/audio/ui/Effect_Tick.ogg

W/AudioService(  377): Soundpool could not load file: /system/media/audio/ui/Effect_Tick.ogg

E/SoundPool(  377): error loading /system/media/audio/ui/Effect_Tick.ogg

W/AudioService(  377): Soundpool could not load file: /system/media/audio/ui/Effect_Tick.ogg

E/SoundPool(  377): error loading /system/media/audio/ui/Effect_Tick.ogg

W/AudioService(  377): Soundpool could not load file: /system/media/audio/ui/Effect_Tick.ogg

E/SoundPool(  377): error loading /system/media/audio/ui/Effect_Tick.ogg

W/AudioService(  377): Soundpool could not load file: /system/media/audio/ui/Effect_Tick.ogg

E/SoundPool(  377): error loading /system/media/audio/ui/KeypressStandard.ogg

W/AudioService(  377): Soundpool could not load file: /system/media/audio/ui/KeypressStandard.ogg

E/SoundPool(  377): error loading /system/media/audio/ui/KeypressSpacebar.ogg

W/AudioService(  377): Soundpool could not load file: /system/media/audio/ui/KeypressSpacebar.ogg

I/ActivityManager(  377): START u0 {act=android.intent.action.VIEW cmp=com.android.packageinstaller/.UninstallAppProgress (has extras)} from pid 885

E/SoundPool(  377): error loading /system/media/audio/ui/KeypressDelete.ogg

W/AudioService(  377): Soundpool could not load file: /system/media/audio/ui/KeypressDelete.ogg

E/SoundPool(  377): error loading /system/media/audio/ui/KeypressReturn.ogg

W/AudioService(  377): Soundpool could not load file: /system/media/audio/ui/KeypressReturn.ogg

E/SoundPool(  377): error loading /system/media/audio/ui/KeypressInvalid.ogg

W/AudioService(  377): Soundpool could not load file: /system/media/audio/ui/KeypressInvalid.ogg

W/AudioService(  377): onLoadSoundEffects(), Error -1 while loading samples

I/Choreographer(  885): Skipped 39 frames!  The application may be doing too much work on its main thread.

I/ActivityManager(  377): Resuming delayed broadcast

D/dalvikvm(  885): GC_CONCURRENT freed 20K, 3% free 4076K/4188K, paused 46ms+34ms, total 214ms

D/dalvikvm(  885): WAIT_FOR_CONCURRENT_GC blocked 108ms

D/dalvikvm(  885): GC_FOR_ALLOC freed 6K, 3% free 4392K/4508K, paused 172ms, total 207ms

